03-30 11:54:12.548 11530 11530 E libc    : Access denied finding property "persist.device_config.runtime_native_boot.disable_lock_profiling"
03-30 11:54:12.548 11530 11530 I AndroidRuntime: Leaving lock profiling enabled
03-30 11:54:12.548 11530 11530 E libc    : Access denied finding property "persist.device_config.runtime_native_boot.enable_generational_cc"
03-30 11:54:12.553 11530 11530 W app_process: Could not reserve sentinel fault page
03-30 11:54:12.544 11530 11530 W app_process: type=1400 audit(0.0:870): avc: denied { read } for name="u:object_r:device_config_runtime_native_boot_prop:s0" dev="tmpfs" ino=8323 scontext=u:r:shell:s0 tcontext=u:object_r:device_config_runtime_native_boot_prop:s0 tclass=file permissive=0
03-30 11:54:13.111 11530 11530 W app_process: Unexpected CPU variant for X86 using defaults: x86
03-30 11:54:13.112 11530 11530 I app_process: The ClassLoaderContext is a special shared library.
03-30 11:54:13.143 11530 11530 W app_process: JNI RegisterNativeMethods: attempt to register 0 native methods for android.media.AudioAttributes
03-30 11:54:13.545  5485  5514 I mit.droidbotap: Background young concurrent copying GC freed 17525(641KB) AllocSpace objects, 12(848KB) LOS objects, 33% free, 2937KB/4435KB, paused 44us total 110.513ms
03-30 11:54:14.099  1836  2199 I Finsky  : [175] hsa.run(19): Stats for Executor: BlockingExecutor kgt@4f6c064[Running, pool size = 0, active threads = 0, queued tasks = 0, completed tasks = 48]
03-30 11:54:14.099  1836  2199 I Finsky  : [175] hsa.run(19): Stats for Executor: LightweightExecutor kgt@d0692cd[Running, pool size = 2, active threads = 0, queued tasks = 0, completed tasks = 317]
03-30 11:54:15.586   154   154 I hwservicemanager: getTransport: Cannot find entry android.hardware.graphics.mapper@4.0::IMapper/default in either framework or device manifest.
03-30 11:54:15.586 11566 11566 I Gralloc4: mapper 4.x is not supported
03-30 11:53:45.685   491   912 I chatty  : uid=1000(system) Binder:491_8 identical 10 lines
03-30 11:53:45.685   491   912 W UriGrantsManagerService: No permission grants found for com.google.android.apps.photos
03-30 11:54:16.116   491  3125 I ActivityManager: Killing 5225:com.android.vending:instant_app_installer/u0a101 (adj 995): empty for 1801s
03-30 11:54:16.153  1262  4733 I MediaProvider: Begin Intent { act=android.intent.action.MEDIA_SCANNER_SCAN_FILE dat=file:///sdcard/screen_2023-03-30_115415.png flg=0x1400010 cmp=com.google.android.providers.media.module/com.android.providers.media.MediaService }
03-30 11:54:16.155  1262  4733 W ModernMediaScanner: Failed to visit /sdcard/screen_2023-03-30_115415.png: java.nio.file.AccessDeniedException: /sdcard/screen_2023-03-30_115415.png
03-30 11:54:16.156  1262  4733 I MediaProvider: Scanned internal due to REASON_DEMAND, found 0 items in 1ms, 0 inserts 0 updates 0 deletes
03-30 11:54:16.157  1262  4733 I MediaProvider: End Intent { act=android.intent.action.MEDIA_SCANNER_SCAN_FILE dat=file:///sdcard/screen_2023-03-30_115415.png flg=0x1400010 cmp=com.google.android.providers.media.module/com.android.providers.media.MediaService }
03-30 11:54:16.168 11572 11574 I cmd     : oneway function results will be dropped but finished with status OK and parcel size 4
03-30 11:54:16.190   264   264 I Zygote  : Process 5225 exited due to signal 9 (Killed)
03-30 11:54:16.152  1262  1262 W com.google.android.providers.media.module: type=1400 audit(0.0:874): avc: denied { read } for comm=4173796E635461736B202331 name="primary" dev="tmpfs" ino=23968 scontext=u:r:mediaprovider_app:s0:c146,c256,c512,c768 tcontext=u:object_r:mnt_pass_through_file:s0 tclass=lnk_file permissive=0 app=com.google.android.providers.media.module
03-30 11:54:16.202   491   517 I libprocessgroup: Successfully killed process cgroup uid 10101 pid 5225 in 49ms
03-30 11:54:16.152  1262  1262 W com.google.android.providers.media.module: type=1400 audit(0.0:875): avc: denied { read } for comm=4173796E635461736B202331 name="primary" dev="tmpfs" ino=23968 scontext=u:r:mediaprovider_app:s0:c146,c256,c512,c768 tcontext=u:object_r:mnt_pass_through_file:s0 tclass=lnk_file permissive=0 app=com.google.android.providers.media.module
03-30 11:54:16.389  1262  3080 I MediaProvider: Deleted 1 items on external_primary due to com.android.shell
03-30 11:54:16.580 11583 11584 I cmd     : oneway function results will be dropped but finished with status OK and parcel size 4
03-30 11:54:17.177   154   154 I hwservicemanager: getTransport: Cannot find entry android.hardware.graphics.mapper@4.0::IMapper/default in either framework or device manifest.
03-30 11:54:17.180 11607 11607 I Gralloc4: mapper 4.x is not supported
03-30 11:54:17.497  1262  4733 I MediaProvider: Begin Intent { act=android.intent.action.MEDIA_SCANNER_SCAN_FILE dat=file:///sdcard/screen_2023-03-30_115417.png flg=0x1400010 cmp=com.google.android.providers.media.module/com.android.providers.media.MediaService }
03-30 11:54:17.492  1262  1262 W com.google.android.providers.media.module: type=1400 audit(0.0:880): avc: denied { read } for comm=4173796E635461736B202331 name="primary" dev="tmpfs" ino=23968 scontext=u:r:mediaprovider_app:s0:c146,c256,c512,c768 tcontext=u:object_r:mnt_pass_through_file:s0 tclass=lnk_file permissive=0 app=com.google.android.providers.media.module
03-30 11:54:17.496  1262  1262 I chatty  : uid=10146(com.google.android.providers.media.module) identical 2 lines
03-30 11:54:17.496  1262  1262 W com.google.android.providers.media.module: type=1400 audit(0.0:883): avc: denied { read } for comm=4173796E635461736B202331 name="primary" dev="tmpfs" ino=23968 scontext=u:r:mediaprovider_app:s0:c146,c256,c512,c768 tcontext=u:object_r:mnt_pass_through_file:s0 tclass=lnk_file permissive=0 app=com.google.android.providers.media.module
03-30 11:54:17.518  1262  4733 W ModernMediaScanner: Failed to visit /sdcard/screen_2023-03-30_115417.png: java.nio.file.AccessDeniedException: /sdcard/screen_2023-03-30_115417.png
03-30 11:54:17.520  1262  4733 I MediaProvider: Scanned internal due to REASON_DEMAND, found 0 items in 17ms, 0 inserts 0 updates 0 deletes
03-30 11:54:17.521  1262  4733 I MediaProvider: End Intent { act=android.intent.action.MEDIA_SCANNER_SCAN_FILE dat=file:///sdcard/screen_2023-03-30_115417.png flg=0x1400010 cmp=com.google.android.providers.media.module/com.android.providers.media.MediaService }
03-30 11:54:17.504  1262  1262 W com.google.android.providers.media.module: type=1400 audit(0.0:884): avc: denied { read } for comm=4173796E635461736B202331 name="primary" dev="tmpfs" ino=23968 scontext=u:r:mediaprovider_app:s0:c146,c256,c512,c768 tcontext=u:object_r:mnt_pass_through_file:s0 tclass=lnk_file permissive=0 app=com.google.android.providers.media.module
03-30 11:54:17.605  1262  3080 I MediaProvider: Deleted 1 items on external_primary due to com.android.shell
03-30 11:54:18.057   154   154 I hwservicemanager: getTransport: Cannot find entry android.hardware.graphics.mapper@4.0::IMapper/default in either framework or device manifest.
03-30 11:54:18.057 11646 11646 I Gralloc4: mapper 4.x is not supported
03-30 11:54:18.453  1262  4733 I MediaProvider: Begin Intent { act=android.intent.action.MEDIA_SCANNER_SCAN_FILE dat=file:///sdcard/screen_2023-03-30_115418.png flg=0x1400010 cmp=com.google.android.providers.media.module/com.android.providers.media.MediaService }
03-30 11:54:18.467  1262  4733 W ModernMediaScanner: Failed to visit /sdcard/screen_2023-03-30_115418.png: java.nio.file.AccessDeniedException: /sdcard/screen_2023-03-30_115418.png
03-30 11:54:18.473  1262  4733 I MediaProvider: Scanned internal due to REASON_DEMAND, found 0 items in 10ms, 0 inserts 0 updates 0 deletes
03-30 11:54:18.474  1262  4733 I MediaProvider: End Intent { act=android.intent.action.MEDIA_SCANNER_SCAN_FILE dat=file:///sdcard/screen_2023-03-30_115418.png flg=0x1400010 cmp=com.google.android.providers.media.module/com.android.providers.media.MediaService }
03-30 11:54:18.572  1262  3080 I MediaProvider: Deleted 1 items on external_primary due to com.android.shell
03-30 11:54:18.631 11661 11663 I cmd     : oneway function results will be dropped but finished with status OK and parcel size 4
03-30 11:54:19.061 11708 11710 I cmd     : oneway function results will be dropped but finished with status OK and parcel size 4
03-30 11:54:19.234 11720 11720 E libc    : Access denied finding property "persist.device_config.runtime_native_boot.profilebootclasspath"
03-30 11:54:19.235 11720 11720 E libc    : Access denied finding property "persist.device_config.runtime_native_boot.enable_apex_image"
03-30 11:54:19.235 11720 11720 I AndroidRuntime: Using default boot image
03-30 11:54:19.235 11720 11720 E libc    : Access denied finding property "persist.device_config.runtime_native_boot.disable_lock_profiling"
03-30 11:54:19.235 11720 11720 I AndroidRuntime: Leaving lock profiling enabled
03-30 11:54:19.235 11720 11720 E libc    : Access denied finding property "persist.device_config.runtime_native_boot.enable_generational_cc"
03-30 11:54:19.238 11720 11720 W app_process: Could not reserve sentinel fault page
03-30 11:54:19.228 11720 11720 W app_process: type=1400 audit(0.0:892): avc: denied { read } for name="u:object_r:device_config_runtime_native_boot_prop:s0" dev="tmpfs" ino=8323 scontext=u:r:shell:s0 tcontext=u:object_r:device_config_runtime_native_boot_prop:s0 tclass=file permissive=0
03-30 11:54:19.337  1836  2199 I Finsky  : [175] hsa.run(19): Stats for Executor: bgExecutor kgt@4152782[Running, pool size = 4, active threads = 0, queued tasks = 0, completed tasks = 3081]
03-30 11:54:19.797 11720 11720 W app_process: Unexpected CPU variant for X86 using defaults: x86
03-30 11:54:19.799 11720 11720 I app_process: The ClassLoaderContext is a special shared library.
03-30 11:54:19.813 11720 11720 W app_process: JNI RegisterNativeMethods: attempt to register 0 native methods for android.media.AudioAttributes
03-30 11:54:22.624   154   154 I hwservicemanager: getTransport: Cannot find entry android.hardware.graphics.mapper@4.0::IMapper/default in either framework or device manifest.
03-30 11:54:22.624 11759 11759 I Gralloc4: mapper 4.x is not supported
03-30 11:54:23.225 11765 11767 I cmd     : oneway function results will be dropped but finished with status OK and parcel size 4
03-30 11:54:23.233  1262  4733 I MediaProvider: Begin Intent { act=android.intent.action.MEDIA_SCANNER_SCAN_FILE dat=file:///sdcard/screen_2023-03-30_115422.png flg=0x1400010 cmp=com.google.android.providers.media.module/com.android.providers.media.MediaService }
03-30 11:54:23.232  1262  1262 W com.google.android.providers.media.module: type=1400 audit(0.0:896): avc: denied { read } for comm=4173796E635461736B202331 name="primary" dev="tmpfs" ino=23968 scontext=u:r:mediaprovider_app:s0:c146,c256,c512,c768 tcontext=u:object_r:mnt_pass_through_file:s0 tclass=lnk_file permissive=0 app=com.google.android.providers.media.module
03-30 11:54:23.244  1262  1262 W com.google.android.providers.media.module: type=1400 audit(0.0:898): avc: denied { read } for comm=4173796E635461736B202331 name="primary" dev="tmpfs" ino=23968 scontext=u:r:mediaprovider_app:s0:c146,c256,c512,c768 tcontext=u:object_r:mnt_pass_through_file:s0 tclass=lnk_file permissive=0 app=com.google.android.providers.media.module
03-30 11:54:23.272  1262  4733 W ModernMediaScanner: Failed to visit /sdcard/screen_2023-03-30_115422.png: java.nio.file.AccessDeniedException: /sdcard/screen_2023-03-30_115422.png
03-30 11:54:23.273  1262  4733 I MediaProvider: Scanned internal due to REASON_DEMAND, found 0 items in 18ms, 0 inserts 0 updates 0 deletes
03-30 11:54:23.274  1262  4733 I MediaProvider: End Intent { act=android.intent.action.MEDIA_SCANNER_SCAN_FILE dat=file:///sdcard/screen_2023-03-30_115422.png flg=0x1400010 cmp=com.google.android.providers.media.module/com.android.providers.media.MediaService }
03-30 11:54:23.244  1262  1262 W com.google.android.providers.media.module: type=1400 audit(0.0:899): avc: denied { read } for comm=4173796E635461736B202331 name="primary" dev="tmpfs" ino=23968 scontext=u:r:mediaprovider_app:s0:c146,c256,c512,c768 tcontext=u:object_r:mnt_pass_through_file:s0 tclass=lnk_file permissive=0 app=com.google.android.providers.media.module
03-30 11:54:23.264  1262  1262 W com.google.android.providers.media.module: type=1400 audit(0.0:901): avc: denied { read } for comm=4173796E635461736B202331 name="primary" dev="tmpfs" ino=23968 scontext=u:r:mediaprovider_app:s0:c146,c256,c512,c768 tcontext=u:object_r:mnt_pass_through_file:s0 tclass=lnk_file permissive=0 app=com.google.android.providers.media.module
03-30 11:54:23.450  1262  3080 I MediaProvider: Deleted 1 items on external_primary due to com.android.shell
03-30 11:54:23.621 11776 11777 I cmd     : oneway function results will be dropped but finished with status OK and parcel size 4
03-30 11:54:24.443   154   154 I hwservicemanager: getTransport: Cannot find entry android.hardware.graphics.mapper@4.0::IMapper/default in either framework or device manifest.
03-30 11:54:24.444 11800 11800 I Gralloc4: mapper 4.x is not supported
03-30 11:54:24.923  1262  4733 I MediaProvider: Begin Intent { act=android.intent.action.MEDIA_SCANNER_SCAN_FILE dat=file:///sdcard/screen_2023-03-30_115424.png flg=0x1400010 cmp=com.google.android.providers.media.module/com.android.providers.media.MediaService }
03-30 11:54:24.936  1262  4733 W ModernMediaScanner: Failed to visit /sdcard/screen_2023-03-30_115424.png: java.nio.file.AccessDeniedException: /sdcard/screen_2023-03-30_115424.png
03-30 11:54:24.938  1262  4733 I MediaProvider: Scanned internal due to REASON_DEMAND, found 0 items in 5ms, 0 inserts 0 updates 0 deletes
03-30 11:54:24.920  1262  1262 W com.google.android.providers.media.module: type=1400 audit(0.0:902): avc: denied { read } for comm=4173796E635461736B202331 name="primary" dev="tmpfs" ino=23968 scontext=u:r:mediaprovider_app:s0:c146,c256,c512,c768 tcontext=u:object_r:mnt_pass_through_file:s0 tclass=lnk_file permissive=0 app=com.google.android.providers.media.module
03-30 11:54:24.928  1262  1262 I chatty  : uid=10146(com.google.android.providers.media.module) identical 1 line
03-30 11:54:24.928  1262  1262 W com.google.android.providers.media.module: type=1400 audit(0.0:904): avc: denied { read } for comm=4173796E635461736B202331 name="primary" dev="tmpfs" ino=23968 scontext=u:r:mediaprovider_app:s0:c146,c256,c512,c768 tcontext=u:object_r:mnt_pass_through_file:s0 tclass=lnk_file permissive=0 app=com.google.android.providers.media.module
03-30 11:54:24.985  1262  4733 I MediaProvider: End Intent { act=android.intent.action.MEDIA_SCANNER_SCAN_FILE dat=file:///sdcard/screen_2023-03-30_115424.png flg=0x1400010 cmp=com.google.android.providers.media.module/com.android.providers.media.MediaService }
03-30 11:54:24.928  1262  1262 W com.google.android.providers.media.module: type=1400 audit(0.0:905): avc: denied { read } for comm=4173796E635461736B202331 name="primary" dev="tmpfs" ino=23968 scontext=u:r:mediaprovider_app:s0:c146,c256,c512,c768 tcontext=u:object_r:mnt_pass_through_file:s0 tclass=lnk_file permissive=0 app=com.google.android.providers.media.module
03-30 11:54:25.116  1262  1471 I MediaProvider: Deleted 1 items on external_primary due to com.android.shell
03-30 11:54:25.287   491   500 I system_server: Background young concurrent copying GC freed 431272(16MB) AllocSpace objects, 51(1244KB) LOS objects, 49% free, 18MB/36MB, paused 287us total 117.444ms
03-30 11:54:25.303   491   502 W System  : A resource failed to call release. 
03-30 11:54:25.303   491   502 I chatty  : uid=1000(system) FinalizerDaemon identical 2 lines
03-30 11:54:25.303   491   502 W System  : A resource failed to call release. 
03-30 11:54:25.313 11817 11819 I cmd     : oneway function results will be dropped but finished with status OK and parcel size 4
03-30 11:54:26.052   154   154 I hwservicemanager: getTransport: Cannot find entry android.hardware.graphics.mapper@4.0::IMapper/default in either framework or device manifest.
03-30 11:54:26.052 11839 11839 I Gralloc4: mapper 4.x is not supported
03-30 11:54:26.445  1262  4733 I MediaProvider: Begin Intent { act=android.intent.action.MEDIA_SCANNER_SCAN_FILE dat=file:///sdcard/screen_2023-03-30_115426.png flg=0x1400010 cmp=com.google.android.providers.media.module/com.android.providers.media.MediaService }
03-30 11:54:26.450 11845 11847 I cmd     : oneway function results will be dropped but finished with status OK and parcel size 4
03-30 11:54:26.454  1262  4733 W ModernMediaScanner: Failed to visit /sdcard/screen_2023-03-30_115426.png: java.nio.file.AccessDeniedException: /sdcard/screen_2023-03-30_115426.png
03-30 11:54:26.461  1262  4733 I MediaProvider: Scanned internal due to REASON_DEMAND, found 0 items in 15ms, 0 inserts 0 updates 0 deletes
03-30 11:54:26.440  1262  1262 W com.google.android.providers.media.module: type=1400 audit(0.0:908): avc: denied { read } for comm=4173796E635461736B202331 name="primary" dev="tmpfs" ino=23968 scontext=u:r:mediaprovider_app:s0:c146,c256,c512,c768 tcontext=u:object_r:mnt_pass_through_file:s0 tclass=lnk_file permissive=0 app=com.google.android.providers.media.module
03-30 11:54:26.484  1262  4733 I MediaProvider: End Intent { act=android.intent.action.MEDIA_SCANNER_SCAN_FILE dat=file:///sdcard/screen_2023-03-30_115426.png flg=0x1400010 cmp=com.google.android.providers.media.module/com.android.providers.media.MediaService }
03-30 11:54:26.440  1262  1262 W com.google.android.providers.media.module: type=1400 audit(0.0:910): avc: denied { read } for comm=4173796E635461736B202331 name="primary" dev="tmpfs" ino=23968 scontext=u:r:mediaprovider_app:s0:c146,c256,c512,c768 tcontext=u:object_r:mnt_pass_through_file:s0 tclass=lnk_file permissive=0 app=com.google.android.providers.media.module
03-30 11:54:26.593  1262  1471 I MediaProvider: Deleted 1 items on external_primary due to com.android.shell
03-30 11:54:26.686 11856 11858 I cmd     : oneway function results will be dropped but finished with status OK and parcel size 4
03-30 11:54:26.880 11871 11873 I cmd     : oneway function results will be dropped but finished with status OK and parcel size 4
03-30 11:54:27.485 11915 11915 E libc    : Access denied finding property "persist.device_config.runtime_native_boot.profilebootclasspath"
03-30 11:54:27.485 11915 11915 E libc    : Access denied finding property "persist.device_config.runtime_native_boot.enable_apex_image"
03-30 11:54:27.485 11915 11915 I AndroidRuntime: Using default boot image
03-30 11:54:27.486 11915 11915 E libc    : Access denied finding property "persist.device_config.runtime_native_boot.disable_lock_profiling"
03-30 11:54:27.486 11915 11915 I AndroidRuntime: Leaving lock profiling enabled
03-30 11:54:27.486 11915 11915 E libc    : Access denied finding property "persist.device_config.runtime_native_boot.enable_generational_cc"
03-30 11:54:27.480 11915 11915 W app_process: type=1400 audit(0.0:914): avc: denied { read } for name="u:object_r:device_config_runtime_native_boot_prop:s0" dev="tmpfs" ino=8323 scontext=u:r:shell:s0 tcontext=u:object_r:device_config_runtime_native_boot_prop:s0 tclass=file permissive=0
03-30 11:54:27.649 11915 11915 W app_process: Unexpected CPU variant for X86 using defaults: x86
03-30 11:54:27.652 11915 11915 I app_process: The ClassLoaderContext is a special shared library.
03-30 11:54:27.674 11915 11915 W app_process: JNI RegisterNativeMethods: attempt to register 0 native methods for android.media.AudioAttributes
03-30 11:54:27.943   491  2810 I system_server: oneway function results will be dropped but finished with status OK and parcel size 4
03-30 11:54:27.944   491  2810 I system_server: oneway function results will be dropped but finished with status OK and parcel size 4
03-30 11:54:28.076   491   505 I system_server: oneway function results will be dropped but finished with status OK and parcel size 4
03-30 11:54:30.215   154   154 I hwservicemanager: getTransport: Cannot find entry android.hardware.graphics.mapper@4.0::IMapper/default in either framework or device manifest.
03-30 11:54:30.216 11954 11954 I Gralloc4: mapper 4.x is not supported
03-30 11:54:30.274   491   505 W UriGrantsManagerService: No permission grants found for com.google.android.apps.photos
03-30 11:54:30.593 11960 11962 I cmd     : oneway function results will be dropped but finished with status OK and parcel size 4
03-30 11:54:30.596  1262  4733 I MediaProvider: Begin Intent { act=android.intent.action.MEDIA_SCANNER_SCAN_FILE dat=file:///sdcard/screen_2023-03-30_115430.png flg=0x1400010 cmp=com.google.android.providers.media.module/com.android.providers.media.MediaService }
03-30 11:54:30.607  1262  4733 W ModernMediaScanner: Failed to visit /sdcard/screen_2023-03-30_115430.png: java.nio.file.AccessDeniedException: /sdcard/screen_2023-03-30_115430.png
03-30 11:54:30.617  1262  4733 I MediaProvider: Scanned internal due to REASON_DEMAND, found 0 items in 11ms, 0 inserts 0 updates 0 deletes
03-30 11:54:30.618  1262  4733 I MediaProvider: End Intent { act=android.intent.action.MEDIA_SCANNER_SCAN_FILE dat=file:///sdcard/screen_2023-03-30_115430.png flg=0x1400010 cmp=com.google.android.providers.media.module/com.android.providers.media.MediaService }
03-30 11:54:30.592  1262  1262 W com.google.android.providers.media.module: type=1400 audit(0.0:918): avc: denied { read } for comm=4173796E635461736B202331 name="primary" dev="tmpfs" ino=23968 scontext=u:r:mediaprovider_app:s0:c146,c256,c512,c768 tcontext=u:object_r:mnt_pass_through_file:s0 tclass=lnk_file permissive=0 app=com.google.android.providers.media.module
03-30 11:54:30.600  1262  1262 I chatty  : uid=10146(com.google.android.providers.media.module) identical 4 lines
03-30 11:54:30.600  1262  1262 W com.google.android.providers.media.module: type=1400 audit(0.0:923): avc: denied { read } for comm=4173796E635461736B202331 name="primary" dev="tmpfs" ino=23968 scontext=u:r:mediaprovider_app:s0:c146,c256,c512,c768 tcontext=u:object_r:mnt_pass_through_file:s0 tclass=lnk_file permissive=0 app=com.google.android.providers.media.module
03-30 11:54:30.688  1262  1471 I MediaProvider: Deleted 1 items on external_primary due to com.android.shell
03-30 11:54:31.042   491  3125 I system_server: oneway function results will be dropped but finished with status OK and parcel size 4
03-30 11:54:31.550   154   154 I hwservicemanager: getTransport: Cannot find entry android.hardware.graphics.mapper@4.0::IMapper/default in either framework or device manifest.
03-30 11:54:31.551 11995 11995 I Gralloc4: mapper 4.x is not supported
03-30 11:54:31.872  1262  4733 I MediaProvider: Begin Intent { act=android.intent.action.MEDIA_SCANNER_SCAN_FILE dat=file:///sdcard/screen_2023-03-30_115431.png flg=0x1400010 cmp=com.google.android.providers.media.module/com.android.providers.media.MediaService }
03-30 11:54:31.868  1262  1262 W com.google.android.providers.media.module: type=1400 audit(0.0:924): avc: denied { read } for comm=4173796E635461736B202331 name="primary" dev="tmpfs" ino=23968 scontext=u:r:mediaprovider_app:s0:c146,c256,c512,c768 tcontext=u:object_r:mnt_pass_through_file:s0 tclass=lnk_file permissive=0 app=com.google.android.providers.media.module
03-30 11:54:31.882  1262  4733 W ModernMediaScanner: Failed to visit /sdcard/screen_2023-03-30_115431.png: java.nio.file.AccessDeniedException: /sdcard/screen_2023-03-30_115431.png
03-30 11:54:31.884  1262  4733 I MediaProvider: Scanned internal due to REASON_DEMAND, found 0 items in 10ms, 0 inserts 0 updates 0 deletes
03-30 11:54:31.868  1262  1262 W com.google.android.providers.media.module: type=1400 audit(0.0:925): avc: denied { read } for comm=4173796E635461736B202331 name="primary" dev="tmpfs" ino=23968 scontext=u:r:mediaprovider_app:s0:c146,c256,c512,c768 tcontext=u:object_r:mnt_pass_through_file:s0 tclass=lnk_file permissive=0 app=com.google.android.providers.media.module
03-30 11:54:31.894  1262  4733 I MediaProvider: End Intent { act=android.intent.action.MEDIA_SCANNER_SCAN_FILE dat=file:///sdcard/screen_2023-03-30_115431.png flg=0x1400010 cmp=com.google.android.providers.media.module/com.android.providers.media.MediaService }
03-30 11:54:31.868  1262  1262 W com.google.android.providers.media.module: type=1400 audit(0.0:927): avc: denied { read } for comm=4173796E635461736B202331 name="primary" dev="tmpfs" ino=23968 scontext=u:r:mediaprovider_app:s0:c146,c256,c512,c768 tcontext=u:object_r:mnt_pass_through_file:s0 tclass=lnk_file permissive=0 app=com.google.android.providers.media.module
03-30 11:54:31.987  1262  1471 I MediaProvider: Deleted 1 items on external_primary due to com.android.shell
03-30 11:54:32.072   184   188 E android.system.suspend@1.0-service: Error opening kernel wakelock stats for: wakeup34: Permission denied
03-30 11:54:32.076   184   188 E android.system.suspend@1.0-service: Error opening kernel wakelock stats for: wakeup35: Permission denied
03-30 11:54:32.446   154   154 I hwservicemanager: getTransport: Cannot find entry android.hardware.graphics.mapper@4.0::IMapper/default in either framework or device manifest.
03-30 11:54:32.446 12034 12034 I Gralloc4: mapper 4.x is not supported
03-30 11:54:32.797 12038 12040 I cmd     : oneway function results will be dropped but finished with status OK and parcel size 4
03-30 11:54:32.798  1262  4733 I MediaProvider: Begin Intent { act=android.intent.action.MEDIA_SCANNER_SCAN_FILE dat=file:///sdcard/screen_2023-03-30_115432.png flg=0x1400010 cmp=com.google.android.providers.media.module/com.android.providers.media.MediaService }
03-30 11:54:32.801  1262  4733 W ModernMediaScanner: Failed to visit /sdcard/screen_2023-03-30_115432.png: java.nio.file.AccessDeniedException: /sdcard/screen_2023-03-30_115432.png
03-30 11:54:32.803  1262  4733 I MediaProvider: Scanned internal due to REASON_DEMAND, found 0 items in 3ms, 0 inserts 0 updates 0 deletes
03-30 11:54:32.810  1262  4733 I MediaProvider: End Intent { act=android.intent.action.MEDIA_SCANNER_SCAN_FILE dat=file:///sdcard/screen_2023-03-30_115432.png flg=0x1400010 cmp=com.google.android.providers.media.module/com.android.providers.media.MediaService }
03-30 11:54:32.892  1262  1471 I MediaProvider: Deleted 1 items on external_primary due to com.android.shell
03-30 11:54:32.953 12049 12051 I cmd     : oneway function results will be dropped but finished with status OK and parcel size 4
03-30 11:54:33.161 12066 12068 I cmd     : oneway function results will be dropped but finished with status OK and parcel size 4
03-30 11:54:33.287 12081 12083 I cmd     : oneway function results will be dropped but finished with status OK and parcel size 4
03-30 11:54:33.589 12108 12108 E libc    : Access denied finding property "persist.device_config.runtime_native_boot.profilebootclasspath"
03-30 11:54:33.589 12108 12108 E libc    : Access denied finding property "persist.device_config.runtime_native_boot.enable_apex_image"
03-30 11:54:33.589 12108 12108 I AndroidRuntime: Using default boot image
03-30 11:54:33.589 12108 12108 E libc    : Access denied finding property "persist.device_config.runtime_native_boot.disable_lock_profiling"
03-30 11:54:33.589 12108 12108 I AndroidRuntime: Leaving lock profiling enabled
03-30 11:54:33.590 12108 12108 E libc    : Access denied finding property "persist.device_config.runtime_native_boot.enable_generational_cc"
03-30 11:54:33.584 12108 12108 W app_process: type=1400 audit(0.0:938): avc: denied { read } for name="u:object_r:device_config_runtime_native_boot_prop:s0" dev="tmpfs" ino=8323 scontext=u:r:shell:s0 tcontext=u:object_r:device_config_runtime_native_boot_prop:s0 tclass=file permissive=0
03-30 11:54:33.680 12108 12108 W app_process: Unexpected CPU variant for X86 using defaults: x86
03-30 11:54:33.682 12108 12108 I app_process: The ClassLoaderContext is a special shared library.
03-30 11:54:33.695 12108 12108 W app_process: JNI RegisterNativeMethods: attempt to register 0 native methods for android.media.AudioAttributes
03-30 11:54:33.928   491   505 I system_server: oneway function results will be dropped but finished with status OK and parcel size 4
03-30 11:54:33.929   491   505 I system_server: oneway function results will be dropped but finished with status OK and parcel size 4
03-30 11:54:34.060   491  2810 I system_server: oneway function results will be dropped but finished with status OK and parcel size 4
03-30 11:54:36.118   154   154 I hwservicemanager: getTransport: Cannot find entry android.hardware.graphics.mapper@4.0::IMapper/default in either framework or device manifest.
03-30 11:54:36.119 12143 12143 I Gralloc4: mapper 4.x is not supported
03-30 11:54:36.587 12149 12151 I cmd     : oneway function results will be dropped but finished with status OK and parcel size 4
03-30 11:54:36.588  1262  4733 I MediaProvider: Begin Intent { act=android.intent.action.MEDIA_SCANNER_SCAN_FILE dat=file:///sdcard/screen_2023-03-30_115436.png flg=0x1400010 cmp=com.google.android.providers.media.module/com.android.providers.media.MediaService }
03-30 11:54:36.602  1262  4733 W ModernMediaScanner: Failed to visit /sdcard/screen_2023-03-30_115436.png: java.nio.file.AccessDeniedException: /sdcard/screen_2023-03-30_115436.png
03-30 11:54:36.628  1262  4733 I MediaProvider: Scanned internal due to REASON_DEMAND, found 0 items in 29ms, 0 inserts 0 updates 0 deletes
03-30 11:54:36.584  1262  1262 W com.google.android.providers.media.module: type=1400 audit(0.0:942): avc: denied { read } for comm=4173796E635461736B202331 name="primary" dev="tmpfs" ino=23968 scontext=u:r:mediaprovider_app:s0:c146,c256,c512,c768 tcontext=u:object_r:mnt_pass_through_file:s0 tclass=lnk_file permissive=0 app=com.google.android.providers.media.module
03-30 11:54:36.643  1262  4733 I MediaProvider: End Intent { act=android.intent.action.MEDIA_SCANNER_SCAN_FILE dat=file:///sdcard/screen_2023-03-30_115436.png flg=0x1400010 cmp=com.google.android.providers.media.module/com.android.providers.media.MediaService }
03-30 11:54:36.592  1262  1262 W com.google.android.providers.media.module: type=1400 audit(0.0:943): avc: denied { read } for comm=4173796E635461736B202331 name="primary" dev="tmpfs" ino=23968 scontext=u:r:mediaprovider_app:s0:c146,c256,c512,c768 tcontext=u:object_r:mnt_pass_through_file:s0 tclass=lnk_file permissive=0 app=com.google.android.providers.media.module
03-30 11:54:36.596  1262  1262 I chatty  : uid=10146(com.google.android.providers.media.module) identical 3 lines
03-30 11:54:36.596  1262  1262 W com.google.android.providers.media.module: type=1400 audit(0.0:947): avc: denied { read } for comm=4173796E635461736B202331 name="primary" dev="tmpfs" ino=23968 scontext=u:r:mediaprovider_app:s0:c146,c256,c512,c768 tcontext=u:object_r:mnt_pass_through_file:s0 tclass=lnk_file permissive=0 app=com.google.android.providers.media.module
03-30 11:54:36.792  1262  1471 I MediaProvider: Deleted 1 items on external_primary due to com.android.shell
03-30 11:54:37.011   491  2810 I system_server: oneway function results will be dropped but finished with status OK and parcel size 4
03-30 11:54:37.546   154   154 I hwservicemanager: getTransport: Cannot find entry android.hardware.graphics.mapper@4.0::IMapper/default in either framework or device manifest.
03-30 11:54:37.546 12182 12182 I Gralloc4: mapper 4.x is not supported
03-30 11:54:37.969  1262  4733 I MediaProvider: Begin Intent { act=android.intent.action.MEDIA_SCANNER_SCAN_FILE dat=file:///sdcard/screen_2023-03-30_115437.png flg=0x1400010 cmp=com.google.android.providers.media.module/com.android.providers.media.MediaService }
03-30 11:54:37.964  1262  1262 W com.google.android.providers.media.module: type=1400 audit(0.0:948): avc: denied { read } for comm=4173796E635461736B202331 name="primary" dev="tmpfs" ino=23968 scontext=u:r:mediaprovider_app:s0:c146,c256,c512,c768 tcontext=u:object_r:mnt_pass_through_file:s0 tclass=lnk_file permissive=0 app=com.google.android.providers.media.module
03-30 11:54:37.997  1262  4733 W ModernMediaScanner: Failed to visit /sdcard/screen_2023-03-30_115437.png: java.nio.file.AccessDeniedException: /sdcard/screen_2023-03-30_115437.png
03-30 11:54:37.998  1262  4733 I MediaProvider: Scanned internal due to REASON_DEMAND, found 0 items in 28ms, 0 inserts 0 updates 0 deletes
03-30 11:54:38.002  1262  4733 I MediaProvider: End Intent { act=android.intent.action.MEDIA_SCANNER_SCAN_FILE dat=file:///sdcard/screen_2023-03-30_115437.png flg=0x1400010 cmp=com.google.android.providers.media.module/com.android.providers.media.MediaService }
03-30 11:54:37.964  1262  1262 W com.google.android.providers.media.module: type=1400 audit(0.0:950): avc: denied { read } for comm=4173796E635461736B202331 name="primary" dev="tmpfs" ino=23968 scontext=u:r:mediaprovider_app:s0:c146,c256,c512,c768 tcontext=u:object_r:mnt_pass_through_file:s0 tclass=lnk_file permissive=0 app=com.google.android.providers.media.module
03-30 11:54:38.159  1262  1471 I MediaProvider: Deleted 1 items on external_primary due to com.android.shell
03-30 11:54:38.746   154   154 I hwservicemanager: getTransport: Cannot find entry android.hardware.graphics.mapper@4.0::IMapper/default in either framework or device manifest.
03-30 11:54:38.746 12221 12221 I Gralloc4: mapper 4.x is not supported
03-30 11:54:39.073  1262  4733 I MediaProvider: Begin Intent { act=android.intent.action.MEDIA_SCANNER_SCAN_FILE dat=file:///sdcard/screen_2023-03-30_115438.png flg=0x1400010 cmp=com.google.android.providers.media.module/com.android.providers.media.MediaService }
03-30 11:54:39.085  1262  4733 W ModernMediaScanner: Failed to visit /sdcard/screen_2023-03-30_115438.png: java.nio.file.AccessDeniedException: /sdcard/screen_2023-03-30_115438.png
03-30 11:54:39.086  1262  4733 I MediaProvider: Scanned internal due to REASON_DEMAND, found 0 items in 3ms, 0 inserts 0 updates 0 deletes
03-30 11:54:39.088  1262  4733 I MediaProvider: End Intent { act=android.intent.action.MEDIA_SCANNER_SCAN_FILE dat=file:///sdcard/screen_2023-03-30_115438.png flg=0x1400010 cmp=com.google.android.providers.media.module/com.android.providers.media.MediaService }
03-30 11:54:39.068  1262  1262 W com.google.android.providers.media.module: type=1400 audit(0.0:954): avc: denied { read } for comm=4173796E635461736B202331 name="primary" dev="tmpfs" ino=23968 scontext=u:r:mediaprovider_app:s0:c146,c256,c512,c768 tcontext=u:object_r:mnt_pass_through_file:s0 tclass=lnk_file permissive=0 app=com.google.android.providers.media.module
03-30 11:54:39.080  1262  1262 I chatty  : uid=10146(com.google.android.providers.media.module) identical 3 lines
03-30 11:54:39.080  1262  1262 W com.google.android.providers.media.module: type=1400 audit(0.0:958): avc: denied { read } for comm=4173796E635461736B202331 name="primary" dev="tmpfs" ino=23968 scontext=u:r:mediaprovider_app:s0:c146,c256,c512,c768 tcontext=u:object_r:mnt_pass_through_file:s0 tclass=lnk_file permissive=0 app=com.google.android.providers.media.module
03-30 11:54:39.218  1262  1471 I MediaProvider: Deleted 1 items on external_primary due to com.android.shell
03-30 11:54:39.286 12238 12240 I cmd     : oneway function results will be dropped but finished with status OK and parcel size 4
03-30 11:54:39.430 12253 12255 I cmd     : oneway function results will be dropped but finished with status OK and parcel size 4
03-30 11:54:39.597 12268 12270 I cmd     : oneway function results will be dropped but finished with status OK and parcel size 4
03-30 11:54:39.767 12283 12285 I cmd     : oneway function results will be dropped but finished with status OK and parcel size 4
03-30 11:54:40.028 12297 12297 E libc    : Access denied finding property "persist.device_config.runtime_native_boot.profilebootclasspath"
03-30 11:54:40.035 12297 12297 E libc    : Access denied finding property "persist.device_config.runtime_native_boot.enable_apex_image"
03-30 11:54:40.035 12297 12297 I AndroidRuntime: Using default boot image
03-30 11:54:40.035 12297 12297 E libc    : Access denied finding property "persist.device_config.runtime_native_boot.disable_lock_profiling"
03-30 11:54:40.035 12297 12297 I AndroidRuntime: Leaving lock profiling enabled
03-30 11:54:40.035 12297 12297 E libc    : Access denied finding property "persist.device_config.runtime_native_boot.enable_generational_cc"
03-30 11:54:40.178 12297 12297 W app_process: Unexpected CPU variant for X86 using defaults: x86
03-30 11:54:40.182 12297 12297 I app_process: The ClassLoaderContext is a special shared library.
03-30 11:54:40.216 12297 12297 W app_process: JNI RegisterNativeMethods: attempt to register 0 native methods for android.media.AudioAttributes
03-30 11:54:42.146   154   154 I hwservicemanager: getTransport: Cannot find entry android.hardware.graphics.mapper@4.0::IMapper/default in either framework or device manifest.
03-30 11:54:42.147 12326 12326 I Gralloc4: mapper 4.x is not supported
03-30 11:54:42.440  1262  4733 I MediaProvider: Begin Intent { act=android.intent.action.MEDIA_SCANNER_SCAN_FILE dat=file:///sdcard/screen_2023-03-30_115442.png flg=0x1400010 cmp=com.google.android.providers.media.module/com.android.providers.media.MediaService }
03-30 11:54:42.449  1262  4733 W ModernMediaScanner: Failed to visit /sdcard/screen_2023-03-30_115442.png: java.nio.file.AccessDeniedException: /sdcard/screen_2023-03-30_115442.png
03-30 11:54:42.436  1262  1262 W com.google.android.providers.media.module: type=1400 audit(0.0:964): avc: denied { read } for comm=4173796E635461736B202331 name="primary" dev="tmpfs" ino=23968 scontext=u:r:mediaprovider_app:s0:c146,c256,c512,c768 tcontext=u:object_r:mnt_pass_through_file:s0 tclass=lnk_file permissive=0 app=com.google.android.providers.media.module
03-30 11:54:42.456  1262  4733 I MediaProvider: Scanned internal due to REASON_DEMAND, found 0 items in 10ms, 0 inserts 0 updates 0 deletes
03-30 11:54:42.458  1262  4733 I MediaProvider: End Intent { act=android.intent.action.MEDIA_SCANNER_SCAN_FILE dat=file:///sdcard/screen_2023-03-30_115442.png flg=0x1400010 cmp=com.google.android.providers.media.module/com.android.providers.media.MediaService }
03-30 11:54:42.440  1262  1262 W com.google.android.providers.media.module: type=1400 audit(0.0:965): avc: denied { read } for comm=4173796E635461736B202331 name="primary" dev="tmpfs" ino=23968 scontext=u:r:mediaprovider_app:s0:c146,c256,c512,c768 tcontext=u:object_r:mnt_pass_through_file:s0 tclass=lnk_file permissive=0 app=com.google.android.providers.media.module
03-30 11:54:42.545  1262  1471 I MediaProvider: Deleted 1 items on external_primary due to com.android.shell
03-30 11:54:42.974   154   154 I hwservicemanager: getTransport: Cannot find entry android.hardware.graphics.mapper@4.0::IMapper/default in either framework or device manifest.
03-30 11:54:42.975 12363 12363 I Gralloc4: mapper 4.x is not supported
03-30 11:54:43.384  1262  4733 I MediaProvider: Begin Intent { act=android.intent.action.MEDIA_SCANNER_SCAN_FILE dat=file:///sdcard/screen_2023-03-30_115443.png flg=0x1400010 cmp=com.google.android.providers.media.module/com.android.providers.media.MediaService }
03-30 11:54:43.385  1262  4733 W ModernMediaScanner: Failed to visit /sdcard/screen_2023-03-30_115443.png: java.nio.file.AccessDeniedException: /sdcard/screen_2023-03-30_115443.png
03-30 11:54:43.391  1262  4733 I MediaProvider: Scanned internal due to REASON_DEMAND, found 0 items in 7ms, 0 inserts 0 updates 0 deletes
03-30 11:54:43.395  1262  4733 I MediaProvider: End Intent { act=android.intent.action.MEDIA_SCANNER_SCAN_FILE dat=file:///sdcard/screen_2023-03-30_115443.png flg=0x1400010 cmp=com.google.android.providers.media.module/com.android.providers.media.MediaService }
03-30 11:54:43.503  1262  1471 I MediaProvider: Deleted 1 items on external_primary due to com.android.shell
03-30 11:54:44.046   154   154 I hwservicemanager: getTransport: Cannot find entry android.hardware.graphics.mapper@4.0::IMapper/default in either framework or device manifest.
03-30 11:54:44.046 12402 12402 I Gralloc4: mapper 4.x is not supported
03-30 11:54:44.465 12408 12410 I cmd     : oneway function results will be dropped but finished with status OK and parcel size 4
03-30 11:54:44.465  1262  4733 I MediaProvider: Begin Intent { act=android.intent.action.MEDIA_SCANNER_SCAN_FILE dat=file:///sdcard/screen_2023-03-30_115444.png flg=0x1400010 cmp=com.google.android.providers.media.module/com.android.providers.media.MediaService }
03-30 11:54:44.460  1262  1262 W com.google.android.providers.media.module: type=1400 audit(0.0:976): avc: denied { read } for comm=4173796E635461736B202331 name="primary" dev="tmpfs" ino=23968 scontext=u:r:mediaprovider_app:s0:c146,c256,c512,c768 tcontext=u:object_r:mnt_pass_through_file:s0 tclass=lnk_file permissive=0 app=com.google.android.providers.media.module
03-30 11:54:44.478  1262  4733 W ModernMediaScanner: Failed to visit /sdcard/screen_2023-03-30_115444.png: java.nio.file.AccessDeniedException: /sdcard/screen_2023-03-30_115444.png
03-30 11:54:44.479  1262  4733 I MediaProvider: Scanned internal due to REASON_DEMAND, found 0 items in 4ms, 0 inserts 0 updates 0 deletes
03-30 11:54:44.481  1262  4733 I MediaProvider: End Intent { act=android.intent.action.MEDIA_SCANNER_SCAN_FILE dat=file:///sdcard/screen_2023-03-30_115444.png flg=0x1400010 cmp=com.google.android.providers.media.module/com.android.providers.media.MediaService }
03-30 11:54:44.472  1262  1262 W com.google.android.providers.media.module: type=1400 audit(0.0:977): avc: denied { read } for comm=4173796E635461736B202331 name="primary" dev="tmpfs" ino=23968 scontext=u:r:mediaprovider_app:s0:c146,c256,c512,c768 tcontext=u:object_r:mnt_pass_through_file:s0 tclass=lnk_file permissive=0 app=com.google.android.providers.media.module
03-30 11:54:44.562  1262  1471 I MediaProvider: Deleted 1 items on external_primary due to com.android.shell
03-30 11:54:44.766 12434 12435 I cmd     : oneway function results will be dropped but finished with status OK and parcel size 4
03-30 11:54:44.920 12449 12451 I cmd     : oneway function results will be dropped but finished with status OK and parcel size 4
03-30 11:54:45.323 12476 12476 E libc    : Access denied finding property "persist.device_config.runtime_native_boot.profilebootclasspath"
03-30 11:54:45.323 12476 12476 E libc    : Access denied finding property "persist.device_config.runtime_native_boot.enable_apex_image"
03-30 11:54:45.323 12476 12476 I AndroidRuntime: Using default boot image
03-30 11:54:45.323 12476 12476 E libc    : Access denied finding property "persist.device_config.runtime_native_boot.disable_lock_profiling"
03-30 11:54:45.323 12476 12476 I AndroidRuntime: Leaving lock profiling enabled
03-30 11:54:45.323 12476 12476 E libc    : Access denied finding property "persist.device_config.runtime_native_boot.enable_generational_cc"
03-30 11:54:45.327 12476 12476 W app_process: Could not reserve sentinel fault page
03-30 11:54:45.437 12476 12476 W app_process: Unexpected CPU variant for X86 using defaults: x86
03-30 11:54:45.439 12476 12476 I app_process: The ClassLoaderContext is a special shared library.
03-30 11:54:45.454 12476 12476 W app_process: JNI RegisterNativeMethods: attempt to register 0 native methods for android.media.AudioAttributes
03-30 11:54:47.853   154   154 I hwservicemanager: getTransport: Cannot find entry android.hardware.graphics.mapper@4.0::IMapper/default in either framework or device manifest.
03-30 11:54:47.854 12512 12512 I Gralloc4: mapper 4.x is not supported
03-30 11:54:48.249  1262  4733 I MediaProvider: Begin Intent { act=android.intent.action.MEDIA_SCANNER_SCAN_FILE dat=file:///sdcard/screen_2023-03-30_115447.png flg=0x1400010 cmp=com.google.android.providers.media.module/com.android.providers.media.MediaService }
03-30 11:54:48.270  1262  4733 W ModernMediaScanner: Failed to visit /sdcard/screen_2023-03-30_115447.png: java.nio.file.AccessDeniedException: /sdcard/screen_2023-03-30_115447.png
03-30 11:54:48.274  1262  4733 I MediaProvider: Scanned internal due to REASON_DEMAND, found 0 items in 6ms, 0 inserts 0 updates 0 deletes
03-30 11:54:48.275  1262  4733 I MediaProvider: End Intent { act=android.intent.action.MEDIA_SCANNER_SCAN_FILE dat=file:///sdcard/screen_2023-03-30_115447.png flg=0x1400010 cmp=com.google.android.providers.media.module/com.android.providers.media.MediaService }
03-30 11:54:48.244  1262  1262 W com.google.android.providers.media.module: type=1400 audit(0.0:986): avc: denied { read } for comm=4173796E635461736B202331 name="primary" dev="tmpfs" ino=23968 scontext=u:r:mediaprovider_app:s0:c146,c256,c512,c768 tcontext=u:object_r:mnt_pass_through_file:s0 tclass=lnk_file permissive=0 app=com.google.android.providers.media.module
03-30 11:54:48.260  1262  1262 I chatty  : uid=10146(com.google.android.providers.media.module) identical 3 lines
03-30 11:54:48.264  1262  1262 W com.google.android.providers.media.module: type=1400 audit(0.0:990): avc: denied { read } for comm=4173796E635461736B202331 name="primary" dev="tmpfs" ino=23968 scontext=u:r:mediaprovider_app:s0:c146,c256,c512,c768 tcontext=u:object_r:mnt_pass_through_file:s0 tclass=lnk_file permissive=0 app=com.google.android.providers.media.module
03-30 11:54:48.417  1262  1471 I MediaProvider: Deleted 1 items on external_primary due to com.android.shell
03-30 11:54:48.537 12527 12528 I cmd     : oneway function results will be dropped but finished with status OK and parcel size 4
03-30 11:54:49.325   154   154 I hwservicemanager: getTransport: Cannot find entry android.hardware.graphics.mapper@4.0::IMapper/default in either framework or device manifest.
03-30 11:54:49.326 12551 12551 I Gralloc4: mapper 4.x is not supported
03-30 11:54:49.703   369   369 E netmgr  : qemu_pipe_open_ns:62: Could not connect to the 'pipe:qemud:network' service: Invalid argument
03-30 11:54:49.703   369   369 E netmgr  : Failed to open QEMU pipe 'qemud:network': Invalid argument
03-30 11:54:49.922 12557 12559 I cmd     : oneway function results will be dropped but finished with status OK and parcel size 4
03-30 11:54:49.922  1262  4733 I MediaProvider: Begin Intent { act=android.intent.action.MEDIA_SCANNER_SCAN_FILE dat=file:///sdcard/screen_2023-03-30_115449.png flg=0x1400010 cmp=com.google.android.providers.media.module/com.android.providers.media.MediaService }
03-30 11:54:49.931  1262  4733 W ModernMediaScanner: Failed to visit /sdcard/screen_2023-03-30_115449.png: java.nio.file.AccessDeniedException: /sdcard/screen_2023-03-30_115449.png
03-30 11:54:49.936  1262  4733 I MediaProvider: Scanned internal due to REASON_DEMAND, found 0 items in 12ms, 0 inserts 0 updates 0 deletes
03-30 11:54:49.916  1262  1262 W com.google.android.providers.media.module: type=1400 audit(0.0:992): avc: denied { read } for comm=4173796E635461736B202331 name="primary" dev="tmpfs" ino=23968 scontext=u:r:mediaprovider_app:s0:c146,c256,c512,c768 tcontext=u:object_r:mnt_pass_through_file:s0 tclass=lnk_file permissive=0 app=com.google.android.providers.media.module
03-30 11:54:49.937  1262  4733 I MediaProvider: End Intent { act=android.intent.action.MEDIA_SCANNER_SCAN_FILE dat=file:///sdcard/screen_2023-03-30_115449.png flg=0x1400010 cmp=com.google.android.providers.media.module/com.android.providers.media.MediaService }
03-30 11:54:49.916  1262  1262 W com.google.android.providers.media.module: type=1400 audit(0.0:993): avc: denied { read } for comm=4173796E635461736B202331 name="primary" dev="tmpfs" ino=23968 scontext=u:r:mediaprovider_app:s0:c146,c256,c512,c768 tcontext=u:object_r:mnt_pass_through_file:s0 tclass=lnk_file permissive=0 app=com.google.android.providers.media.module
03-30 11:54:49.920  1262  1262 I chatty  : uid=10146(com.google.android.providers.media.module) identical 2 lines
03-30 11:54:49.920  1262  1262 W com.google.android.providers.media.module: type=1400 audit(0.0:996): avc: denied { read } for comm=4173796E635461736B202331 name="primary" dev="tmpfs" ino=23968 scontext=u:r:mediaprovider_app:s0:c146,c256,c512,c768 tcontext=u:object_r:mnt_pass_through_file:s0 tclass=lnk_file permissive=0 app=com.google.android.providers.media.module
03-30 11:54:50.114  1262  1471 I MediaProvider: Deleted 1 items on external_primary due to com.android.shell
03-30 11:54:50.123   380   380 E wifi_forwarder: qemu_pipe_open_ns:62: Could not connect to the 'pipe:qemud:wififorward' service: Invalid argument
03-30 11:54:50.123   380   380 E wifi_forwarder: RemoteConnection failed to initialize: RemoteConnection failed to open pipe
03-30 11:54:50.243 12568 12569 I cmd     : oneway function results will be dropped but finished with status OK and parcel size 4
03-30 11:54:50.963   154   154 I hwservicemanager: getTransport: Cannot find entry android.hardware.graphics.mapper@4.0::IMapper/default in either framework or device manifest.
03-30 11:54:50.963 12590 12590 I Gralloc4: mapper 4.x is not supported
03-30 11:54:51.466  1262  4733 I MediaProvider: Begin Intent { act=android.intent.action.MEDIA_SCANNER_SCAN_FILE dat=file:///sdcard/screen_2023-03-30_115451.png flg=0x1400010 cmp=com.google.android.providers.media.module/com.android.providers.media.MediaService }
03-30 11:54:51.466 12596 12598 I cmd     : oneway function results will be dropped but finished with status OK and parcel size 4
03-30 11:54:51.460  1262  1262 W com.google.android.providers.media.module: type=1400 audit(0.0:998): avc: denied { read } for comm=4173796E635461736B202331 name="primary" dev="tmpfs" ino=23968 scontext=u:r:mediaprovider_app:s0:c146,c256,c512,c768 tcontext=u:object_r:mnt_pass_through_file:s0 tclass=lnk_file permissive=0 app=com.google.android.providers.media.module
03-30 11:54:51.464  1262  1262 I chatty  : uid=10146(com.google.android.providers.media.module) identical 3 lines
