03-30 11:51:34.740  1262  1262 W com.google.android.providers.media.module: type=1400 audit(0.0:355): avc: denied { read } for comm=4173796E635461736B202331 name="primary" dev="tmpfs" ino=23968 scontext=u:r:mediaprovider_app:s0:c146,c256,c512,c768 tcontext=u:object_r:mnt_pass_through_file:s0 tclass=lnk_file permissive=0 app=com.google.android.providers.media.module
03-30 11:51:34.748  1262  4733 W ModernMediaScanner: Failed to visit /sdcard/screen_2023-03-30_115134.png: java.nio.file.AccessDeniedException: /sdcard/screen_2023-03-30_115134.png
03-30 11:51:34.763  6963  7031 I TetheringManager: registerTetheringEventCallback:com.google.android.apps.photos
03-30 11:51:34.777  1262  4733 I MediaProvider: Scanned internal due to REASON_DEMAND, found 0 items in 35ms, 0 inserts 0 updates 0 deletes
03-30 11:51:34.780  1262  4733 I MediaProvider: End Intent { act=android.intent.action.MEDIA_SCANNER_SCAN_FILE dat=file:///sdcard/screen_2023-03-30_115134.png flg=0x1400010 cmp=com.google.android.providers.media.module/com.android.providers.media.MediaService }
03-30 11:51:34.740  1262  1262 W com.google.android.providers.media.module: type=1400 audit(0.0:356): avc: denied { read } for comm=4173796E635461736B202331 name="primary" dev="tmpfs" ino=23968 scontext=u:r:mediaprovider_app:s0:c146,c256,c512,c768 tcontext=u:object_r:mnt_pass_through_file:s0 tclass=lnk_file permissive=0 app=com.google.android.providers.media.module
03-30 11:51:34.813  1262  3080 I MediaProvider: Deleted 1 items on external_primary due to com.android.shell
03-30 11:51:34.740  1262  1262 W com.google.android.providers.media.module: type=1400 audit(0.0:357): avc: denied { read } for comm=4173796E635461736B202331 name="primary" dev="tmpfs" ino=23968 scontext=u:r:mediaprovider_app:s0:c146,c256,c512,c768 tcontext=u:object_r:mnt_pass_through_file:s0 tclass=lnk_file permissive=0 app=com.google.android.providers.media.module
03-30 11:51:34.956  7048  7049 I cmd     : oneway function results will be dropped but finished with status OK and parcel size 4
03-30 11:51:34.970   491  3936 W UriGrantsManagerService: No permission grants found for com.google.android.apps.photos
03-30 11:51:34.970   491  3936 W UriGrantsManagerService: No permission grants found for com.google.android.apps.photos
03-30 11:51:35.137   491  3125 W UriGrantsManagerService: No permission grants found for com.google.android.apps.photos
03-30 11:51:35.475  7099  7101 I cmd     : oneway function results will be dropped but finished with status OK and parcel size 4
03-30 11:51:35.668  7111  7111 W app_process: type=1400 audit(0.0:358): avc: denied { read } for name="u:object_r:device_config_runtime_native_boot_prop:s0" dev="tmpfs" ino=8323 scontext=u:r:shell:s0 tcontext=u:object_r:device_config_runtime_native_boot_prop:s0 tclass=file permissive=0
03-30 11:51:35.672  7111  7111 E libc    : Access denied finding property "persist.device_config.runtime_native_boot.profilebootclasspath"
03-30 11:51:35.676  7111  7111 E libc    : Access denied finding property "persist.device_config.runtime_native_boot.enable_apex_image"
03-30 11:51:35.676  7111  7111 I AndroidRuntime: Using default boot image
03-30 11:51:35.676  7111  7111 E libc    : Access denied finding property "persist.device_config.runtime_native_boot.disable_lock_profiling"
03-30 11:51:35.676  7111  7111 I AndroidRuntime: Leaving lock profiling enabled
03-30 11:51:35.677  7111  7111 E libc    : Access denied finding property "persist.device_config.runtime_native_boot.enable_generational_cc"
03-30 11:51:35.680  7111  7111 W app_process: Could not reserve sentinel fault page
03-30 11:51:37.599  7111  7111 W app_process: Unexpected CPU variant for X86 using defaults: x86
03-30 11:51:37.601  7111  7111 I app_process: The ClassLoaderContext is a special shared library.
03-30 11:51:37.617  7111  7111 W app_process: JNI RegisterNativeMethods: attempt to register 0 native methods for android.media.AudioAttributes
03-30 11:51:37.852   491  2878 I system_server: oneway function results will be dropped but finished with status OK and parcel size 4
03-30 11:51:37.870   491  3125 I system_server: oneway function results will be dropped but finished with status OK and parcel size 4
03-30 11:51:37.870   491  3125 I system_server: oneway function results will be dropped but finished with status OK and parcel size 4
03-30 11:51:37.976   491  2878 I system_server: oneway function results will be dropped but finished with status OK and parcel size 4
03-30 11:51:39.643   154   154 I hwservicemanager: getTransport: Cannot find entry android.hardware.graphics.mapper@4.0::IMapper/default in either framework or device manifest.
03-30 11:51:39.644  7153  7153 I Gralloc4: mapper 4.x is not supported
03-30 11:51:39.995  1262  4733 I MediaProvider: Begin Intent { act=android.intent.action.MEDIA_SCANNER_SCAN_FILE dat=file:///sdcard/screen_2023-03-30_115139.png flg=0x1400010 cmp=com.google.android.providers.media.module/com.android.providers.media.MediaService }
03-30 11:51:40.015  1262  4733 W ModernMediaScanner: Failed to visit /sdcard/screen_2023-03-30_115139.png: java.nio.file.AccessDeniedException: /sdcard/screen_2023-03-30_115139.png
03-30 11:51:40.017  1262  4733 I MediaProvider: Scanned internal due to REASON_DEMAND, found 0 items in 7ms, 0 inserts 0 updates 0 deletes
03-30 11:51:40.019  1262  4733 I MediaProvider: End Intent { act=android.intent.action.MEDIA_SCANNER_SCAN_FILE dat=file:///sdcard/screen_2023-03-30_115139.png flg=0x1400010 cmp=com.google.android.providers.media.module/com.android.providers.media.MediaService }
03-30 11:51:39.992  1262  1262 W com.google.android.providers.media.module: type=1400 audit(0.0:362): avc: denied { read } for comm=4173796E635461736B202331 name="primary" dev="tmpfs" ino=23968 scontext=u:r:mediaprovider_app:s0:c146,c256,c512,c768 tcontext=u:object_r:mnt_pass_through_file:s0 tclass=lnk_file permissive=0 app=com.google.android.providers.media.module
03-30 11:51:40.004  1262  1262 I chatty  : uid=10146(com.google.android.providers.media.module) identical 3 lines
03-30 11:51:40.008  1262  1262 W com.google.android.providers.media.module: type=1400 audit(0.0:366): avc: denied { read } for comm=4173796E635461736B202331 name="primary" dev="tmpfs" ino=23968 scontext=u:r:mediaprovider_app:s0:c146,c256,c512,c768 tcontext=u:object_r:mnt_pass_through_file:s0 tclass=lnk_file permissive=0 app=com.google.android.providers.media.module
03-30 11:51:40.133  1262  3080 I MediaProvider: Deleted 1 items on external_primary due to com.android.shell
03-30 11:51:40.651   154   154 I hwservicemanager: getTransport: Cannot find entry android.hardware.graphics.mapper@4.0::IMapper/default in either framework or device manifest.
03-30 11:51:40.652  7192  7192 I Gralloc4: mapper 4.x is not supported
03-30 11:51:40.940   491  2810 I system_server: oneway function results will be dropped but finished with status OK and parcel size 4
03-30 11:51:41.079  1262  4733 I MediaProvider: Begin Intent { act=android.intent.action.MEDIA_SCANNER_SCAN_FILE dat=file:///sdcard/screen_2023-03-30_115140.png flg=0x1400010 cmp=com.google.android.providers.media.module/com.android.providers.media.MediaService }
03-30 11:51:41.086  1262  4733 W ModernMediaScanner: Failed to visit /sdcard/screen_2023-03-30_115140.png: java.nio.file.AccessDeniedException: /sdcard/screen_2023-03-30_115140.png
03-30 11:51:41.076  1262  1262 W com.google.android.providers.media.module: type=1400 audit(0.0:368): avc: denied { read } for comm=4173796E635461736B202331 name="primary" dev="tmpfs" ino=23968 scontext=u:r:mediaprovider_app:s0:c146,c256,c512,c768 tcontext=u:object_r:mnt_pass_through_file:s0 tclass=lnk_file permissive=0 app=com.google.android.providers.media.module
03-30 11:51:41.115  1262  4733 I MediaProvider: Scanned internal due to REASON_DEMAND, found 0 items in 31ms, 0 inserts 0 updates 0 deletes
03-30 11:51:41.119  1262  4733 I MediaProvider: End Intent { act=android.intent.action.MEDIA_SCANNER_SCAN_FILE dat=file:///sdcard/screen_2023-03-30_115140.png flg=0x1400010 cmp=com.google.android.providers.media.module/com.android.providers.media.MediaService }
03-30 11:51:41.080  1262  1262 W com.google.android.providers.media.module: type=1400 audit(0.0:369): avc: denied { read } for comm=4173796E635461736B202331 name="primary" dev="tmpfs" ino=23968 scontext=u:r:mediaprovider_app:s0:c146,c256,c512,c768 tcontext=u:object_r:mnt_pass_through_file:s0 tclass=lnk_file permissive=0 app=com.google.android.providers.media.module
03-30 11:51:41.183  1262  3080 I MediaProvider: Deleted 1 items on external_primary due to com.android.shell
03-30 11:51:41.735   154   154 I hwservicemanager: getTransport: Cannot find entry android.hardware.graphics.mapper@4.0::IMapper/default in either framework or device manifest.
03-30 11:51:41.736  7231  7231 I Gralloc4: mapper 4.x is not supported
03-30 11:51:42.106  7237  7239 I cmd     : oneway function results will be dropped but finished with status OK and parcel size 4
03-30 11:51:42.107  1262  4733 I MediaProvider: Begin Intent { act=android.intent.action.MEDIA_SCANNER_SCAN_FILE dat=file:///sdcard/screen_2023-03-30_115141.png flg=0x1400010 cmp=com.google.android.providers.media.module/com.android.providers.media.MediaService }
03-30 11:51:42.119  1262  4733 W ModernMediaScanner: Failed to visit /sdcard/screen_2023-03-30_115141.png: java.nio.file.AccessDeniedException: /sdcard/screen_2023-03-30_115141.png
03-30 11:51:42.121  1262  4733 I MediaProvider: Scanned internal due to REASON_DEMAND, found 0 items in 9ms, 0 inserts 0 updates 0 deletes
03-30 11:51:42.100  1262  1262 W com.google.android.providers.media.module: type=1400 audit(0.0:374): avc: denied { read } for comm=4173796E635461736B202331 name="primary" dev="tmpfs" ino=23968 scontext=u:r:mediaprovider_app:s0:c146,c256,c512,c768 tcontext=u:object_r:mnt_pass_through_file:s0 tclass=lnk_file permissive=0 app=com.google.android.providers.media.module
03-30 11:51:42.108  1262  1262 I chatty  : uid=10146(com.google.android.providers.media.module) identical 3 lines
03-30 11:51:42.108  1262  1262 W com.google.android.providers.media.module: type=1400 audit(0.0:378): avc: denied { read } for comm=4173796E635461736B202331 name="primary" dev="tmpfs" ino=23968 scontext=u:r:mediaprovider_app:s0:c146,c256,c512,c768 tcontext=u:object_r:mnt_pass_through_file:s0 tclass=lnk_file permissive=0 app=com.google.android.providers.media.module
03-30 11:51:42.160  1262  3080 I MediaProvider: Deleted 1 items on external_primary due to com.android.shell
03-30 11:51:42.173  1262  4733 I MediaProvider: End Intent { act=android.intent.action.MEDIA_SCANNER_SCAN_FILE dat=file:///sdcard/screen_2023-03-30_115141.png flg=0x1400010 cmp=com.google.android.providers.media.module/com.android.providers.media.MediaService }
03-30 11:51:42.396  1262  1272 I FuseDaemon: Background concurrent copying GC freed 302035(20MB) AllocSpace objects, 108(2160KB) LOS objects, 49% free, 4234KB/8469KB, paused 138us total 2.857s
03-30 11:51:42.396  1262  1272 W FuseDaemon: Reducing the number of considered missed Gc histogram windows from 293 to 100
03-30 11:51:43.120  7305  7305 E libc    : Access denied finding property "persist.device_config.runtime_native_boot.profilebootclasspath"
03-30 11:51:43.120  7305  7305 E libc    : Access denied finding property "persist.device_config.runtime_native_boot.enable_apex_image"
03-30 11:51:43.120  7305  7305 I AndroidRuntime: Using default boot image
03-30 11:51:43.120  7305  7305 E libc    : Access denied finding property "persist.device_config.runtime_native_boot.disable_lock_profiling"
03-30 11:51:43.120  7305  7305 I AndroidRuntime: Leaving lock profiling enabled
03-30 11:51:43.120  7305  7305 E libc    : Access denied finding property "persist.device_config.runtime_native_boot.enable_generational_cc"
03-30 11:51:44.520  7305  7305 W app_process: Unexpected CPU variant for X86 using defaults: x86
03-30 11:51:44.522  7305  7305 I app_process: The ClassLoaderContext is a special shared library.
03-30 11:51:44.541  7305  7305 W app_process: JNI RegisterNativeMethods: attempt to register 0 native methods for android.media.AudioAttributes
03-30 11:51:44.769   491   912 I system_server: oneway function results will be dropped but finished with status OK and parcel size 4
03-30 11:51:44.769   491   912 I chatty  : uid=1000(system) Binder:491_8 identical 1 line
03-30 11:51:44.770   491   912 I system_server: oneway function results will be dropped but finished with status OK and parcel size 4
03-30 11:51:44.929   491  3125 I system_server: oneway function results will be dropped but finished with status OK and parcel size 4
03-30 11:51:46.740   154   154 I hwservicemanager: getTransport: Cannot find entry android.hardware.graphics.mapper@4.0::IMapper/default in either framework or device manifest.
03-30 11:51:46.740  7344  7344 I Gralloc4: mapper 4.x is not supported
03-30 11:51:47.017  7348  7350 I cmd     : oneway function results will be dropped but finished with status OK and parcel size 4
03-30 11:51:47.016  1262  1262 W com.google.android.providers.media.module: type=1400 audit(0.0:384): avc: denied { read } for comm=4173796E635461736B202331 name="primary" dev="tmpfs" ino=23968 scontext=u:r:mediaprovider_app:s0:c146,c256,c512,c768 tcontext=u:object_r:mnt_pass_through_file:s0 tclass=lnk_file permissive=0 app=com.google.android.providers.media.module
03-30 11:51:47.019  1262  4733 I MediaProvider: Begin Intent { act=android.intent.action.MEDIA_SCANNER_SCAN_FILE dat=file:///sdcard/screen_2023-03-30_115146.png flg=0x1400010 cmp=com.google.android.providers.media.module/com.android.providers.media.MediaService }
03-30 11:51:47.028  1262  4733 W ModernMediaScanner: Failed to visit /sdcard/screen_2023-03-30_115146.png: java.nio.file.AccessDeniedException: /sdcard/screen_2023-03-30_115146.png
03-30 11:51:47.032  1262  4733 I MediaProvider: Scanned internal due to REASON_DEMAND, found 0 items in 12ms, 0 inserts 0 updates 0 deletes
03-30 11:51:47.034  1262  4733 I MediaProvider: End Intent { act=android.intent.action.MEDIA_SCANNER_SCAN_FILE dat=file:///sdcard/screen_2023-03-30_115146.png flg=0x1400010 cmp=com.google.android.providers.media.module/com.android.providers.media.MediaService }
03-30 11:51:47.016  1262  1262 W com.google.android.providers.media.module: type=1400 audit(0.0:385): avc: denied { read } for comm=4173796E635461736B202331 name="primary" dev="tmpfs" ino=23968 scontext=u:r:mediaprovider_app:s0:c146,c256,c512,c768 tcontext=u:object_r:mnt_pass_through_file:s0 tclass=lnk_file permissive=0 app=com.google.android.providers.media.module
03-30 11:51:47.089  1262  3080 I MediaProvider: Deleted 1 items on external_primary due to com.android.shell
03-30 11:51:47.152  7359  7361 I cmd     : oneway function results will be dropped but finished with status OK and parcel size 4
03-30 11:51:47.505   154   154 I hwservicemanager: getTransport: Cannot find entry android.hardware.graphics.mapper@4.0::IMapper/default in either framework or device manifest.
03-30 11:51:47.505  7383  7383 I Gralloc4: mapper 4.x is not supported
03-30 11:51:47.763  1262  4733 I MediaProvider: Begin Intent { act=android.intent.action.MEDIA_SCANNER_SCAN_FILE dat=file:///sdcard/screen_2023-03-30_115147.png flg=0x1400010 cmp=com.google.android.providers.media.module/com.android.providers.media.MediaService }
03-30 11:51:47.763  7387  7389 I cmd     : oneway function results will be dropped but finished with status OK and parcel size 4
03-30 11:51:47.767  1262  4733 W ModernMediaScanner: Failed to visit /sdcard/screen_2023-03-30_115147.png: java.nio.file.AccessDeniedException: /sdcard/screen_2023-03-30_115147.png
03-30 11:51:47.768  1262  4733 I MediaProvider: Scanned internal due to REASON_DEMAND, found 0 items in 5ms, 0 inserts 0 updates 0 deletes
03-30 11:51:47.769  1262  4733 I MediaProvider: End Intent { act=android.intent.action.MEDIA_SCANNER_SCAN_FILE dat=file:///sdcard/screen_2023-03-30_115147.png flg=0x1400010 cmp=com.google.android.providers.media.module/com.android.providers.media.MediaService }
03-30 11:51:47.816  1262  3080 I MediaProvider: Deleted 1 items on external_primary due to com.android.shell
03-30 11:51:47.886  7398  7400 I cmd     : oneway function results will be dropped but finished with status OK and parcel size 4
03-30 11:51:47.925   491  2878 I system_server: oneway function results will be dropped but finished with status OK and parcel size 4
03-30 11:51:48.238   154   154 I hwservicemanager: getTransport: Cannot find entry android.hardware.graphics.mapper@4.0::IMapper/default in either framework or device manifest.
03-30 11:51:48.238  7420  7420 I Gralloc4: mapper 4.x is not supported
03-30 11:51:48.518  1262  4733 I MediaProvider: Begin Intent { act=android.intent.action.MEDIA_SCANNER_SCAN_FILE dat=file:///sdcard/screen_2023-03-30_115148.png flg=0x1400010 cmp=com.google.android.providers.media.module/com.android.providers.media.MediaService }
03-30 11:51:48.516  1262  1262 W com.google.android.providers.media.module: type=1400 audit(0.0:396): avc: denied { read } for comm=4173796E635461736B202331 name="primary" dev="tmpfs" ino=23968 scontext=u:r:mediaprovider_app:s0:c146,c256,c512,c768 tcontext=u:object_r:mnt_pass_through_file:s0 tclass=lnk_file permissive=0 app=com.google.android.providers.media.module
03-30 11:51:48.520  1262  1262 W com.google.android.providers.media.module: type=1400 audit(0.0:397): avc: denied { read } for comm=4173796E635461736B202331 name="primary" dev="tmpfs" ino=23968 scontext=u:r:mediaprovider_app:s0:c146,c256,c512,c768 tcontext=u:object_r:mnt_pass_through_file:s0 tclass=lnk_file permissive=0 app=com.google.android.providers.media.module
03-30 11:51:48.534  1262  4733 W ModernMediaScanner: Failed to visit /sdcard/screen_2023-03-30_115148.png: java.nio.file.AccessDeniedException: /sdcard/screen_2023-03-30_115148.png
03-30 11:51:48.537  1262  4733 I MediaProvider: Scanned internal due to REASON_DEMAND, found 0 items in 9ms, 0 inserts 0 updates 0 deletes
03-30 11:51:48.538  1262  4733 I MediaProvider: End Intent { act=android.intent.action.MEDIA_SCANNER_SCAN_FILE dat=file:///sdcard/screen_2023-03-30_115148.png flg=0x1400010 cmp=com.google.android.providers.media.module/com.android.providers.media.MediaService }
03-30 11:51:48.524  1262  1262 W com.google.android.providers.media.module: type=1400 audit(0.0:398): avc: denied { read } for comm=4173796E635461736B202331 name="primary" dev="tmpfs" ino=23968 scontext=u:r:mediaprovider_app:s0:c146,c256,c512,c768 tcontext=u:object_r:mnt_pass_through_file:s0 tclass=lnk_file permissive=0 app=com.google.android.providers.media.module
03-30 11:51:48.609  1262  3080 I MediaProvider: Deleted 1 items on external_primary due to com.android.shell
03-30 11:51:48.672  7437  7439 I cmd     : oneway function results will be dropped but finished with status OK and parcel size 4
03-30 11:51:48.789  7452  7454 I cmd     : oneway function results will be dropped but finished with status OK and parcel size 4
03-30 11:51:48.904  7467  7469 I cmd     : oneway function results will be dropped but finished with status OK and parcel size 4
03-30 11:51:49.024  7482  7483 I cmd     : oneway function results will be dropped but finished with status OK and parcel size 4
03-30 11:51:49.203  7494  7494 E libc    : Access denied finding property "persist.device_config.runtime_native_boot.profilebootclasspath"
03-30 11:51:49.203  7494  7494 E libc    : Access denied finding property "persist.device_config.runtime_native_boot.enable_apex_image"
03-30 11:51:49.203  7494  7494 I AndroidRuntime: Using default boot image
03-30 11:51:49.203  7494  7494 E libc    : Access denied finding property "persist.device_config.runtime_native_boot.disable_lock_profiling"
03-30 11:51:49.203  7494  7494 I AndroidRuntime: Leaving lock profiling enabled
03-30 11:51:49.203  7494  7494 E libc    : Access denied finding property "persist.device_config.runtime_native_boot.enable_generational_cc"
03-30 11:51:49.535   369   369 E netmgr  : qemu_pipe_open_ns:62: Could not connect to the 'pipe:qemud:network' service: Invalid argument
03-30 11:51:49.535   369   369 E netmgr  : Failed to open QEMU pipe 'qemud:network': Invalid argument
03-30 11:51:49.590  7494  7494 W app_process: Unexpected CPU variant for X86 using defaults: x86
03-30 11:51:49.592  7494  7494 I app_process: The ClassLoaderContext is a special shared library.
03-30 11:51:49.606  7494  7494 W app_process: JNI RegisterNativeMethods: attempt to register 0 native methods for android.media.AudioAttributes
03-30 11:51:49.927   380   380 E wifi_forwarder: qemu_pipe_open_ns:62: Could not connect to the 'pipe:qemud:wififorward' service: Invalid argument
03-30 11:51:49.927   380   380 E wifi_forwarder: RemoteConnection failed to initialize: RemoteConnection failed to open pipe
03-30 11:51:51.540   154   154 I hwservicemanager: getTransport: Cannot find entry android.hardware.graphics.mapper@4.0::IMapper/default in either framework or device manifest.
03-30 11:51:51.541  7523  7523 I Gralloc4: mapper 4.x is not supported
03-30 11:51:51.833  1262  4733 I MediaProvider: Begin Intent { act=android.intent.action.MEDIA_SCANNER_SCAN_FILE dat=file:///sdcard/screen_2023-03-30_115151.png flg=0x1400010 cmp=com.google.android.providers.media.module/com.android.providers.media.MediaService }
03-30 11:51:51.828  1262  1262 W com.google.android.providers.media.module: type=1400 audit(0.0:406): avc: denied { read } for comm=4173796E635461736B202331 name="primary" dev="tmpfs" ino=23968 scontext=u:r:mediaprovider_app:s0:c146,c256,c512,c768 tcontext=u:object_r:mnt_pass_through_file:s0 tclass=lnk_file permissive=0 app=com.google.android.providers.media.module
03-30 11:51:51.839  1262  4733 W ModernMediaScanner: Failed to visit /sdcard/screen_2023-03-30_115151.png: java.nio.file.AccessDeniedException: /sdcard/screen_2023-03-30_115151.png
03-30 11:51:51.840  1262  4733 I MediaProvider: Scanned internal due to REASON_DEMAND, found 0 items in 6ms, 0 inserts 0 updates 0 deletes
03-30 11:51:51.842  1262  4733 I MediaProvider: End Intent { act=android.intent.action.MEDIA_SCANNER_SCAN_FILE dat=file:///sdcard/screen_2023-03-30_115151.png flg=0x1400010 cmp=com.google.android.providers.media.module/com.android.providers.media.MediaService }
03-30 11:51:51.828  1262  1262 W com.google.android.providers.media.module: type=1400 audit(0.0:407): avc: denied { read } for comm=4173796E635461736B202331 name="primary" dev="tmpfs" ino=23968 scontext=u:r:mediaprovider_app:s0:c146,c256,c512,c768 tcontext=u:object_r:mnt_pass_through_file:s0 tclass=lnk_file permissive=0 app=com.google.android.providers.media.module
03-30 11:51:51.938  1262  3080 I MediaProvider: Deleted 1 items on external_primary due to com.android.shell
03-30 11:51:51.998  7540  7542 I cmd     : oneway function results will be dropped but finished with status OK and parcel size 4
03-30 11:51:52.293   154   154 I hwservicemanager: getTransport: Cannot find entry android.hardware.graphics.mapper@4.0::IMapper/default in either framework or device manifest.
03-30 11:51:52.293  7562  7562 I Gralloc4: mapper 4.x is not supported
03-30 11:51:52.544  7566  7568 I cmd     : oneway function results will be dropped but finished with status OK and parcel size 4
03-30 11:51:52.545  1262  4733 I MediaProvider: Begin Intent { act=android.intent.action.MEDIA_SCANNER_SCAN_FILE dat=file:///sdcard/screen_2023-03-30_115152.png flg=0x1400010 cmp=com.google.android.providers.media.module/com.android.providers.media.MediaService }
03-30 11:51:52.549  1262  4733 W ModernMediaScanner: Failed to visit /sdcard/screen_2023-03-30_115152.png: java.nio.file.AccessDeniedException: /sdcard/screen_2023-03-30_115152.png
03-30 11:51:52.551  1262  4733 I MediaProvider: Scanned internal due to REASON_DEMAND, found 0 items in 4ms, 0 inserts 0 updates 0 deletes
03-30 11:51:52.556  1262  4733 I MediaProvider: End Intent { act=android.intent.action.MEDIA_SCANNER_SCAN_FILE dat=file:///sdcard/screen_2023-03-30_115152.png flg=0x1400010 cmp=com.google.android.providers.media.module/com.android.providers.media.MediaService }
03-30 11:51:52.601  1262  3080 I MediaProvider: Deleted 1 items on external_primary due to com.android.shell
03-30 11:51:53.298   154   154 I hwservicemanager: getTransport: Cannot find entry android.hardware.graphics.mapper@4.0::IMapper/default in either framework or device manifest.
03-30 11:51:53.300  7601  7601 I Gralloc4: mapper 4.x is not supported
03-30 11:51:53.745  7605  7607 I cmd     : oneway function results will be dropped but finished with status OK and parcel size 4
03-30 11:51:53.748  1262  4733 I MediaProvider: Begin Intent { act=android.intent.action.MEDIA_SCANNER_SCAN_FILE dat=file:///sdcard/screen_2023-03-30_115153.png flg=0x1400010 cmp=com.google.android.providers.media.module/com.android.providers.media.MediaService }
03-30 11:51:53.744  1262  1262 W com.google.android.providers.media.module: type=1400 audit(0.0:418): avc: denied { read } for comm=4173796E635461736B202331 name="primary" dev="tmpfs" ino=23968 scontext=u:r:mediaprovider_app:s0:c146,c256,c512,c768 tcontext=u:object_r:mnt_pass_through_file:s0 tclass=lnk_file permissive=0 app=com.google.android.providers.media.module
03-30 11:51:53.774  1262  4733 W ModernMediaScanner: Failed to visit /sdcard/screen_2023-03-30_115153.png: java.nio.file.AccessDeniedException: /sdcard/screen_2023-03-30_115153.png
03-30 11:51:53.760  1262  1262 W com.google.android.providers.media.module: type=1400 audit(0.0:421): avc: denied { read } for comm=4173796E635461736B202331 name="primary" dev="tmpfs" ino=23968 scontext=u:r:mediaprovider_app:s0:c146,c256,c512,c768 tcontext=u:object_r:mnt_pass_through_file:s0 tclass=lnk_file permissive=0 app=com.google.android.providers.media.module
03-30 11:51:53.786  1262  4733 I MediaProvider: Scanned internal due to REASON_DEMAND, found 0 items in 25ms, 0 inserts 0 updates 0 deletes
03-30 11:51:53.795  1262  4733 I MediaProvider: End Intent { act=android.intent.action.MEDIA_SCANNER_SCAN_FILE dat=file:///sdcard/screen_2023-03-30_115153.png flg=0x1400010 cmp=com.google.android.providers.media.module/com.android.providers.media.MediaService }
03-30 11:51:53.886  1262  1472 I MediaProvider: Deleted 1 items on external_primary due to com.android.shell
03-30 11:51:54.214  7633  7635 I cmd     : oneway function results will be dropped but finished with status OK and parcel size 4
03-30 11:51:54.367  7648  7650 I cmd     : oneway function results will be dropped but finished with status OK and parcel size 4
03-30 11:51:54.834  7675  7675 E libc    : Access denied finding property "persist.device_config.runtime_native_boot.profilebootclasspath"
03-30 11:51:54.834  7675  7675 E libc    : Access denied finding property "persist.device_config.runtime_native_boot.enable_apex_image"
03-30 11:51:54.834  7675  7675 I AndroidRuntime: Using default boot image
03-30 11:51:54.834  7675  7675 E libc    : Access denied finding property "persist.device_config.runtime_native_boot.disable_lock_profiling"
03-30 11:51:54.834  7675  7675 I AndroidRuntime: Leaving lock profiling enabled
03-30 11:51:54.834  7675  7675 E libc    : Access denied finding property "persist.device_config.runtime_native_boot.enable_generational_cc"
03-30 11:51:54.832  7675  7675 W app_process: type=1400 audit(0.0:424): avc: denied { read } for name="u:object_r:device_config_runtime_native_boot_prop:s0" dev="tmpfs" ino=8323 scontext=u:r:shell:s0 tcontext=u:object_r:device_config_runtime_native_boot_prop:s0 tclass=file permissive=0
03-30 11:51:54.965  7675  7675 W app_process: Unexpected CPU variant for X86 using defaults: x86
03-30 11:51:54.966  7675  7675 I app_process: The ClassLoaderContext is a special shared library.
03-30 11:51:54.996  7675  7675 W app_process: JNI RegisterNativeMethods: attempt to register 0 native methods for android.media.AudioAttributes
03-30 11:51:57.124   154   154 I hwservicemanager: getTransport: Cannot find entry android.hardware.graphics.mapper@4.0::IMapper/default in either framework or device manifest.
03-30 11:51:57.124  7709  7709 I Gralloc4: mapper 4.x is not supported
03-30 11:51:57.498  7715  7717 I cmd     : oneway function results will be dropped but finished with status OK and parcel size 4
03-30 11:51:57.506  1262  4733 I MediaProvider: Begin Intent { act=android.intent.action.MEDIA_SCANNER_SCAN_FILE dat=file:///sdcard/screen_2023-03-30_115157.png flg=0x1400010 cmp=com.google.android.providers.media.module/com.android.providers.media.MediaService }
03-30 11:51:57.512  1262  4733 W ModernMediaScanner: Failed to visit /sdcard/screen_2023-03-30_115157.png: java.nio.file.AccessDeniedException: /sdcard/screen_2023-03-30_115157.png
03-30 11:51:57.513  1262  4733 I MediaProvider: Scanned internal due to REASON_DEMAND, found 0 items in 2ms, 0 inserts 0 updates 0 deletes
03-30 11:51:57.500  1262  1262 W com.google.android.providers.media.module: type=1400 audit(0.0:428): avc: denied { read } for comm=4173796E635461736B202331 name="primary" dev="tmpfs" ino=23968 scontext=u:r:mediaprovider_app:s0:c146,c256,c512,c768 tcontext=u:object_r:mnt_pass_through_file:s0 tclass=lnk_file permissive=0 app=com.google.android.providers.media.module
03-30 11:51:57.504  1262  1262 I chatty  : uid=10146(com.google.android.providers.media.module) identical 1 line
03-30 11:51:57.508  1262  1262 W com.google.android.providers.media.module: type=1400 audit(0.0:430): avc: denied { read } for comm=4173796E635461736B202331 name="primary" dev="tmpfs" ino=23968 scontext=u:r:mediaprovider_app:s0:c146,c256,c512,c768 tcontext=u:object_r:mnt_pass_through_file:s0 tclass=lnk_file permissive=0 app=com.google.android.providers.media.module
03-30 11:51:57.531  1262  4733 I MediaProvider: End Intent { act=android.intent.action.MEDIA_SCANNER_SCAN_FILE dat=file:///sdcard/screen_2023-03-30_115157.png flg=0x1400010 cmp=com.google.android.providers.media.module/com.android.providers.media.MediaService }
03-30 11:51:57.508  1262  1262 W com.google.android.providers.media.module: type=1400 audit(0.0:431): avc: denied { read } for comm=4173796E635461736B202331 name="primary" dev="tmpfs" ino=23968 scontext=u:r:mediaprovider_app:s0:c146,c256,c512,c768 tcontext=u:object_r:mnt_pass_through_file:s0 tclass=lnk_file permissive=0 app=com.google.android.providers.media.module
03-30 11:51:57.615  1262  1472 I MediaProvider: Deleted 1 items on external_primary due to com.android.shell
03-30 11:51:57.720  7726  7728 I cmd     : oneway function results will be dropped but finished with status OK and parcel size 4
03-30 11:51:58.135   154   154 I hwservicemanager: getTransport: Cannot find entry android.hardware.graphics.mapper@4.0::IMapper/default in either framework or device manifest.
03-30 11:51:58.135  7748  7748 I Gralloc4: mapper 4.x is not supported
03-30 11:51:58.415  1262  4733 I MediaProvider: Begin Intent { act=android.intent.action.MEDIA_SCANNER_SCAN_FILE dat=file:///sdcard/screen_2023-03-30_115158.png flg=0x1400010 cmp=com.google.android.providers.media.module/com.android.providers.media.MediaService }
03-30 11:51:58.419  1262  4733 W ModernMediaScanner: Failed to visit /sdcard/screen_2023-03-30_115158.png: java.nio.file.AccessDeniedException: /sdcard/screen_2023-03-30_115158.png
03-30 11:51:58.421  1262  4733 I MediaProvider: Scanned internal due to REASON_DEMAND, found 0 items in 3ms, 0 inserts 0 updates 0 deletes
03-30 11:51:58.423  1262  4733 I MediaProvider: End Intent { act=android.intent.action.MEDIA_SCANNER_SCAN_FILE dat=file:///sdcard/screen_2023-03-30_115158.png flg=0x1400010 cmp=com.google.android.providers.media.module/com.android.providers.media.MediaService }
03-30 11:51:58.470  1262  1472 I MediaProvider: Deleted 1 items on external_primary due to com.android.shell
03-30 11:51:58.530  7765  7767 I cmd     : oneway function results will be dropped but finished with status OK and parcel size 4
03-30 11:51:58.958   154   154 I hwservicemanager: getTransport: Cannot find entry android.hardware.graphics.mapper@4.0::IMapper/default in either framework or device manifest.
03-30 11:51:58.959  7787  7787 I Gralloc4: mapper 4.x is not supported
03-30 11:51:59.217  7791  7793 I cmd     : oneway function results will be dropped but finished with status OK and parcel size 4
03-30 11:51:59.218  1262  4733 I MediaProvider: Begin Intent { act=android.intent.action.MEDIA_SCANNER_SCAN_FILE dat=file:///sdcard/screen_2023-03-30_115159.png flg=0x1400010 cmp=com.google.android.providers.media.module/com.android.providers.media.MediaService }
03-30 11:51:59.221  1262  4733 W ModernMediaScanner: Failed to visit /sdcard/screen_2023-03-30_115159.png: java.nio.file.AccessDeniedException: /sdcard/screen_2023-03-30_115159.png
03-30 11:51:59.222  1262  4733 I MediaProvider: Scanned internal due to REASON_DEMAND, found 0 items in 2ms, 0 inserts 0 updates 0 deletes
03-30 11:51:59.212  1262  1262 W com.google.android.providers.media.module: type=1400 audit(0.0:440): avc: denied { read } for comm=4173796E635461736B202331 name="primary" dev="tmpfs" ino=23968 scontext=u:r:mediaprovider_app:s0:c146,c256,c512,c768 tcontext=u:object_r:mnt_pass_through_file:s0 tclass=lnk_file permissive=0 app=com.google.android.providers.media.module
03-30 11:51:59.225  1262  4733 I MediaProvider: End Intent { act=android.intent.action.MEDIA_SCANNER_SCAN_FILE dat=file:///sdcard/screen_2023-03-30_115159.png flg=0x1400010 cmp=com.google.android.providers.media.module/com.android.providers.media.MediaService }
03-30 11:51:59.216  1262  1262 W com.google.android.providers.media.module: type=1400 audit(0.0:441): avc: denied { read } for comm=4173796E635461736B202331 name="primary" dev="tmpfs" ino=23968 scontext=u:r:mediaprovider_app:s0:c146,c256,c512,c768 tcontext=u:object_r:mnt_pass_through_file:s0 tclass=lnk_file permissive=0 app=com.google.android.providers.media.module
03-30 11:51:59.278  1262  1472 I MediaProvider: Deleted 1 items on external_primary due to com.android.shell
03-30 11:51:59.335  7802  7804 I cmd     : oneway function results will be dropped but finished with status OK and parcel size 4
03-30 11:52:00.084  7850  7852 I cmd     : oneway function results will be dropped but finished with status OK and parcel size 4
03-30 11:52:00.340  7863  7863 E libc    : Access denied finding property "persist.device_config.runtime_native_boot.profilebootclasspath"
03-30 11:52:00.340  7863  7863 E libc    : Access denied finding property "persist.device_config.runtime_native_boot.enable_apex_image"
03-30 11:52:00.340  7863  7863 I AndroidRuntime: Using default boot image
03-30 11:52:00.340  7863  7863 E libc    : Access denied finding property "persist.device_config.runtime_native_boot.disable_lock_profiling"
03-30 11:52:00.340  7863  7863 I AndroidRuntime: Leaving lock profiling enabled
03-30 11:52:00.341  7863  7863 E libc    : Access denied finding property "persist.device_config.runtime_native_boot.enable_generational_cc"
03-30 11:52:00.336  7863  7863 W app_process: type=1400 audit(0.0:446): avc: denied { read } for name="u:object_r:device_config_runtime_native_boot_prop:s0" dev="tmpfs" ino=8323 scontext=u:r:shell:s0 tcontext=u:object_r:device_config_runtime_native_boot_prop:s0 tclass=file permissive=0
03-30 11:52:00.428  7863  7863 W app_process: Unexpected CPU variant for X86 using defaults: x86
03-30 11:52:00.430  7863  7863 I app_process: The ClassLoaderContext is a special shared library.
03-30 11:52:00.468  7863  7863 W app_process: JNI RegisterNativeMethods: attempt to register 0 native methods for android.media.AudioAttributes
03-30 11:52:02.915   154   154 I hwservicemanager: getTransport: Cannot find entry android.hardware.graphics.mapper@4.0::IMapper/default in either framework or device manifest.
03-30 11:52:02.915  7903  7903 I Gralloc4: mapper 4.x is not supported
03-30 11:52:03.407  1262  4733 I MediaProvider: Begin Intent { act=android.intent.action.MEDIA_SCANNER_SCAN_FILE dat=file:///sdcard/screen_2023-03-30_115202.png flg=0x1400010 cmp=com.google.android.providers.media.module/com.android.providers.media.MediaService }
03-30 11:52:03.412  1262  4733 W ModernMediaScanner: Failed to visit /sdcard/screen_2023-03-30_115202.png: java.nio.file.AccessDeniedException: /sdcard/screen_2023-03-30_115202.png
03-30 11:52:03.413  1262  4733 I MediaProvider: Scanned internal due to REASON_DEMAND, found 0 items in 1ms, 0 inserts 0 updates 0 deletes
03-30 11:52:03.404  1262  1262 W com.google.android.providers.media.module: type=1400 audit(0.0:450): avc: denied { read } for comm=4173796E635461736B202331 name="primary" dev="tmpfs" ino=23968 scontext=u:r:mediaprovider_app:s0:c146,c256,c512,c768 tcontext=u:object_r:mnt_pass_through_file:s0 tclass=lnk_file permissive=0 app=com.google.android.providers.media.module
03-30 11:52:03.423  7909  7911 I cmd     : oneway function results will be dropped but finished with status OK and parcel size 4
03-30 11:52:03.404  1262  1262 W com.google.android.providers.media.module: type=1400 audit(0.0:451): avc: denied { read } for comm=4173796E635461736B202331 name="primary" dev="tmpfs" ino=23968 scontext=u:r:mediaprovider_app:s0:c146,c256,c512,c768 tcontext=u:object_r:mnt_pass_through_file:s0 tclass=lnk_file permissive=0 app=com.google.android.providers.media.module
03-30 11:52:03.408  1262  1262 I chatty  : uid=10146(com.google.android.providers.media.module) identical 2 lines
03-30 11:52:03.408  1262  1262 W com.google.android.providers.media.module: type=1400 audit(0.0:454): avc: denied { read } for comm=4173796E635461736B202331 name="primary" dev="tmpfs" ino=23968 scontext=u:r:mediaprovider_app:s0:c146,c256,c512,c768 tcontext=u:object_r:mnt_pass_through_file:s0 tclass=lnk_file permissive=0 app=com.google.android.providers.media.module
03-30 11:52:03.441  1262  4733 I MediaProvider: End Intent { act=android.intent.action.MEDIA_SCANNER_SCAN_FILE dat=file:///sdcard/screen_2023-03-30_115202.png flg=0x1400010 cmp=com.google.android.providers.media.module/com.android.providers.media.MediaService }
03-30 11:52:03.408  1262  1262 W com.google.android.providers.media.module: type=1400 audit(0.0:455): avc: denied { read } for comm=4173796E635461736B202331 name="primary" dev="tmpfs" ino=23968 scontext=u:r:mediaprovider_app:s0:c146,c256,c512,c768 tcontext=u:object_r:mnt_pass_through_file:s0 tclass=lnk_file permissive=0 app=com.google.android.providers.media.module
03-30 11:52:03.552  1262  3080 I MediaProvider: Deleted 1 items on external_primary due to com.android.shell
03-30 11:52:03.667  7920  7922 I cmd     : oneway function results will be dropped but finished with status OK and parcel size 4
03-30 11:52:04.268   154   154 I hwservicemanager: getTransport: Cannot find entry android.hardware.graphics.mapper@4.0::IMapper/default in either framework or device manifest.
03-30 11:52:04.268  7944  7944 I Gralloc4: mapper 4.x is not supported
03-30 11:52:04.689  7948  7950 I cmd     : oneway function results will be dropped but finished with status OK and parcel size 4
03-30 11:52:04.691  1262  4733 I MediaProvider: Begin Intent { act=android.intent.action.MEDIA_SCANNER_SCAN_FILE dat=file:///sdcard/screen_2023-03-30_115204.png flg=0x1400010 cmp=com.google.android.providers.media.module/com.android.providers.media.MediaService }
03-30 11:52:04.709  1262  4733 W ModernMediaScanner: Failed to visit /sdcard/screen_2023-03-30_115204.png: java.nio.file.AccessDeniedException: /sdcard/screen_2023-03-30_115204.png
03-30 11:52:04.712  1262  4733 I MediaProvider: Scanned internal due to REASON_DEMAND, found 0 items in 10ms, 0 inserts 0 updates 0 deletes
03-30 11:52:04.688  1262  1262 W com.google.android.providers.media.module: type=1400 audit(0.0:456): avc: denied { read } for comm=4173796E635461736B202331 name="primary" dev="tmpfs" ino=23968 scontext=u:r:mediaprovider_app:s0:c146,c256,c512,c768 tcontext=u:object_r:mnt_pass_through_file:s0 tclass=lnk_file permissive=0 app=com.google.android.providers.media.module
03-30 11:52:04.696  1262  1262 W com.google.android.providers.media.module: type=1400 audit(0.0:457): avc: denied { read } for comm=4173796E635461736B202331 name="primary" dev="tmpfs" ino=23968 scontext=u:r:mediaprovider_app:s0:c146,c256,c512,c768 tcontext=u:object_r:mnt_pass_through_file:s0 tclass=lnk_file permissive=0 app=com.google.android.providers.media.module
03-30 11:52:04.729  1262  4733 I MediaProvider: End Intent { act=android.intent.action.MEDIA_SCANNER_SCAN_FILE dat=file:///sdcard/screen_2023-03-30_115204.png flg=0x1400010 cmp=com.google.android.providers.media.module/com.android.providers.media.MediaService }
03-30 11:52:04.696  1262  1262 W com.google.android.providers.media.module: type=1400 audit(0.0:458): avc: denied { read } for comm=4173796E635461736B202331 name="primary" dev="tmpfs" ino=23968 scontext=u:r:mediaprovider_app:s0:c146,c256,c512,c768 tcontext=u:object_r:mnt_pass_through_file:s0 tclass=lnk_file permissive=0 app=com.google.android.providers.media.module
03-30 11:52:04.704  1262  1262 I chatty  : uid=10146(com.google.android.providers.media.module) identical 1 line
03-30 11:52:04.704  1262  1262 W com.google.android.providers.media.module: type=1400 audit(0.0:460): avc: denied { read } for comm=4173796E635461736B202331 name="primary" dev="tmpfs" ino=23968 scontext=u:r:mediaprovider_app:s0:c146,c256,c512,c768 tcontext=u:object_r:mnt_pass_through_file:s0 tclass=lnk_file permissive=0 app=com.google.android.providers.media.module
03-30 11:52:04.789  1262  3080 I MediaProvider: Deleted 1 items on external_primary due to com.android.shell
03-30 11:52:04.902  7959  7960 I cmd     : oneway function results will be dropped but finished with status OK and parcel size 4
03-30 11:52:05.494   154   154 I hwservicemanager: getTransport: Cannot find entry android.hardware.graphics.mapper@4.0::IMapper/default in either framework or device manifest.
03-30 11:52:05.495  7983  7983 I Gralloc4: mapper 4.x is not supported
03-30 11:52:05.868  7987  7989 I cmd     : oneway function results will be dropped but finished with status OK and parcel size 4
03-30 11:52:05.870  1262  4733 I MediaProvider: Begin Intent { act=android.intent.action.MEDIA_SCANNER_SCAN_FILE dat=file:///sdcard/screen_2023-03-30_115205.png flg=0x1400010 cmp=com.google.android.providers.media.module/com.android.providers.media.MediaService }
03-30 11:52:05.864  1262  1262 W com.google.android.providers.media.module: type=1400 audit(0.0:462): avc: denied { read } for comm=4173796E635461736B202331 name="primary" dev="tmpfs" ino=23968 scontext=u:r:mediaprovider_app:s0:c146,c256,c512,c768 tcontext=u:object_r:mnt_pass_through_file:s0 tclass=lnk_file permissive=0 app=com.google.android.providers.media.module
03-30 11:52:05.885  1262  4733 W ModernMediaScanner: Failed to visit /sdcard/screen_2023-03-30_115205.png: java.nio.file.AccessDeniedException: /sdcard/screen_2023-03-30_115205.png
03-30 11:52:05.886  1262  4733 I MediaProvider: Scanned internal due to REASON_DEMAND, found 0 items in 4ms, 0 inserts 0 updates 0 deletes
03-30 11:52:05.891  1262  4733 I MediaProvider: End Intent { act=android.intent.action.MEDIA_SCANNER_SCAN_FILE dat=file:///sdcard/screen_2023-03-30_115205.png flg=0x1400010 cmp=com.google.android.providers.media.module/com.android.providers.media.MediaService }
03-30 11:52:05.872  1262  1262 W com.google.android.providers.media.module: type=1400 audit(0.0:463): avc: denied { read } for comm=4173796E635461736B202331 name="primary" dev="tmpfs" ino=23968 scontext=u:r:mediaprovider_app:s0:c146,c256,c512,c768 tcontext=u:object_r:mnt_pass_through_file:s0 tclass=lnk_file permissive=0 app=com.google.android.providers.media.module
03-30 11:52:05.880  1262  1262 I chatty  : uid=10146(com.google.android.providers.media.module) identical 2 lines
03-30 11:52:05.880  1262  1262 W com.google.android.providers.media.module: type=1400 audit(0.0:466): avc: denied { read } for comm=4173796E635461736B202331 name="primary" dev="tmpfs" ino=23968 scontext=u:r:mediaprovider_app:s0:c146,c256,c512,c768 tcontext=u:object_r:mnt_pass_through_file:s0 tclass=lnk_file permissive=0 app=com.google.android.providers.media.module
03-30 11:52:05.988  1262  3080 I MediaProvider: Deleted 1 items on external_primary due to com.android.shell
03-30 11:52:06.583  8030  8032 I cmd     : oneway function results will be dropped but finished with status OK and parcel size 4
03-30 11:52:06.932  8057  8057 W app_process: type=1400 audit(0.0:468): avc: denied { read } for name="u:object_r:device_config_runtime_native_boot_prop:s0" dev="tmpfs" ino=8323 scontext=u:r:shell:s0 tcontext=u:object_r:device_config_runtime_native_boot_prop:s0 tclass=file permissive=0
03-30 11:52:06.939  8057  8057 E libc    : Access denied finding property "persist.device_config.runtime_native_boot.profilebootclasspath"
03-30 11:52:06.939  8057  8057 E libc    : Access denied finding property "persist.device_config.runtime_native_boot.enable_apex_image"
03-30 11:52:06.939  8057  8057 I AndroidRuntime: Using default boot image
03-30 11:52:06.939  8057  8057 E libc    : Access denied finding property "persist.device_config.runtime_native_boot.disable_lock_profiling"
03-30 11:52:06.939  8057  8057 I AndroidRuntime: Leaving lock profiling enabled
03-30 11:52:06.939  8057  8057 E libc    : Access denied finding property "persist.device_config.runtime_native_boot.enable_generational_cc"
03-30 11:52:06.942  8057  8057 W app_process: Could not reserve sentinel fault page
03-30 11:52:06.936  8057  8057 W app_process: type=1400 audit(0.0:469): avc: denied { read } for name="u:object_r:device_config_runtime_native_boot_prop:s0" dev="tmpfs" ino=8323 scontext=u:r:shell:s0 tcontext=u:object_r:device_config_runtime_native_boot_prop:s0 tclass=file permissive=0
03-30 11:52:07.029  8057  8057 W app_process: Unexpected CPU variant for X86 using defaults: x86
03-30 11:52:07.030  8057  8057 I app_process: The ClassLoaderContext is a special shared library.
03-30 11:52:07.044  8057  8057 W app_process: JNI RegisterNativeMethods: attempt to register 0 native methods for android.media.AudioAttributes
03-30 11:52:07.264   491  2878 I system_server: oneway function results will be dropped but finished with status OK and parcel size 4
03-30 11:52:07.264   491  2878 I system_server: oneway function results will be dropped but finished with status OK and parcel size 4
03-30 11:52:07.266   491  2810 I system_server: oneway function results will be dropped but finished with status OK and parcel size 4
03-30 11:52:07.429   491  2878 I system_server: oneway function results will be dropped but finished with status OK and parcel size 4
03-30 11:52:08.089   184   188 E android.system.suspend@1.0-service: Error opening kernel wakelock stats for: wakeup34: Permission denied
03-30 11:52:08.088   184   184 W Binder:184_1: type=1400 audit(0.0:472): avc: denied { read } for name="wakeup34" dev="sysfs" ino=18643 scontext=u:r:system_suspend:s0 tcontext=u:object_r:sysfs:s0 tclass=dir permissive=0
03-30 11:52:08.096   184   184 W Binder:184_1: type=1400 audit(0.0:473): avc: denied { read } for name="wakeup35" dev="sysfs" ino=18706 scontext=u:r:system_suspend:s0 tcontext=u:object_r:sysfs:s0 tclass=dir permissive=0
03-30 11:52:08.102   184   188 E android.system.suspend@1.0-service: Error opening kernel wakelock stats for: wakeup35: Permission denied
03-30 11:52:08.123  1066  5266 I AlarmManager: setExactAndAllowWhileIdle [name: GCM_HB_ALARM type: 2 triggerAtMillis: 3633041]
03-30 11:52:08.128  1066  5266 I AlarmManager: setExactAndAllowWhileIdle [name: GCM_HB_ALARM type: 2 triggerAtMillis: 3633046]
03-30 11:52:09.037   491   502 W System  : A resource failed to call release. 
03-30 11:52:09.037   491   502 I chatty  : uid=1000(system) FinalizerDaemon identical 2 lines
03-30 11:52:09.037   491   502 W System  : A resource failed to call release. 
03-30 11:52:09.256   154   154 I hwservicemanager: getTransport: Cannot find entry android.hardware.graphics.mapper@4.0::IMapper/default in either framework or device manifest.
03-30 11:52:09.256  8096  8096 I Gralloc4: mapper 4.x is not supported
03-30 11:52:09.686  1262  4733 I MediaProvider: Begin Intent { act=android.intent.action.MEDIA_SCANNER_SCAN_FILE dat=file:///sdcard/screen_2023-03-30_115209.png flg=0x1400010 cmp=com.google.android.providers.media.module/com.android.providers.media.MediaService }
03-30 11:52:09.692  8100  8102 I cmd     : oneway function results will be dropped but finished with status OK and parcel size 4
03-30 11:52:09.698  1262  4733 W ModernMediaScanner: Failed to visit /sdcard/screen_2023-03-30_115209.png: java.nio.file.AccessDeniedException: /sdcard/screen_2023-03-30_115209.png
03-30 11:52:09.703  1262  4733 I MediaProvider: Scanned internal due to REASON_DEMAND, found 0 items in 9ms, 0 inserts 0 updates 0 deletes
03-30 11:52:09.684  1262  1262 W com.google.android.providers.media.module: type=1400 audit(0.0:474): avc: denied { read } for comm=4173796E635461736B202331 name="primary" dev="tmpfs" ino=23968 scontext=u:r:mediaprovider_app:s0:c146,c256,c512,c768 tcontext=u:object_r:mnt_pass_through_file:s0 tclass=lnk_file permissive=0 app=com.google.android.providers.media.module
03-30 11:52:09.711  1262  4733 I MediaProvider: End Intent { act=android.intent.action.MEDIA_SCANNER_SCAN_FILE dat=file:///sdcard/screen_2023-03-30_115209.png flg=0x1400010 cmp=com.google.android.providers.media.module/com.android.providers.media.MediaService }
03-30 11:52:09.692  1262  1262 W com.google.android.providers.media.module: type=1400 audit(0.0:475): avc: denied { read } for comm=4173796E635461736B202331 name="primary" dev="tmpfs" ino=23968 scontext=u:r:mediaprovider_app:s0:c146,c256,c512,c768 tcontext=u:object_r:mnt_pass_through_file:s0 tclass=lnk_file permissive=0 app=com.google.android.providers.media.module
03-30 11:52:09.842  1262  3080 I MediaProvider: Deleted 1 items on external_primary due to com.android.shell
