03-30 11:50:58.723  5915  5956 W OpenGLRenderer: Failed to choose config with EGL_SWAP_BEHAVIOR_PRESERVED, retrying without...
03-30 11:50:58.835  1262  4733 I MediaProvider: End Intent { act=android.intent.action.MEDIA_SCANNER_SCAN_FILE dat=file:///sdcard/screen_2023-03-30_115053.png flg=0x1400010 cmp=com.google.android.providers.media.module/com.android.providers.media.MediaService }
03-30 11:50:58.556  1262  1262 W com.google.android.providers.media.module: type=1400 audit(0.0:230): avc: denied { read } for comm=4173796E635461736B202331 name="primary" dev="tmpfs" ino=23968 scontext=u:r:mediaprovider_app:s0:c146,c256,c512,c768 tcontext=u:object_r:mnt_pass_through_file:s0 tclass=lnk_file permissive=0 app=com.google.android.providers.media.module
03-30 11:50:58.958  1262  3080 I MediaProvider: Deleted 1 items on external_primary due to com.android.shell
03-30 11:50:58.560  1262  1262 W com.google.android.providers.media.module: type=1400 audit(0.0:231): avc: denied { read } for comm=4173796E635461736B202331 name="primary" dev="tmpfs" ino=23968 scontext=u:r:mediaprovider_app:s0:c146,c256,c512,c768 tcontext=u:object_r:mnt_pass_through_file:s0 tclass=lnk_file permissive=0 app=com.google.android.providers.media.module
03-30 11:50:59.033   154   154 I hwservicemanager: getTransport: Cannot find entry android.hardware.graphics.mapper@4.0::IMapper/default in either framework or device manifest.
03-30 11:50:58.560  1262  1262 W com.google.android.providers.media.module: type=1400 audit(0.0:232): avc: denied { read } for comm=4173796E635461736B202331 name="primary" dev="tmpfs" ino=23968 scontext=u:r:mediaprovider_app:s0:c146,c256,c512,c768 tcontext=u:object_r:mnt_pass_through_file:s0 tclass=lnk_file permissive=0 app=com.google.android.providers.media.module
03-30 11:50:59.062  5915  5956 I Gralloc4: mapper 4.x is not supported
03-30 11:50:58.572  1262  1262 W com.google.android.providers.media.module: type=1400 audit(0.0:233): avc: denied { read } for comm=4173796E635461736B202331 name="primary" dev="tmpfs" ino=23968 scontext=u:r:mediaprovider_app:s0:c146,c256,c512,c768 tcontext=u:object_r:mnt_pass_through_file:s0 tclass=lnk_file permissive=0 app=com.google.android.providers.media.module
03-30 11:50:58.576  1262  1262 W com.google.android.providers.media.module: type=1400 audit(0.0:234): avc: denied { read } for comm=4173796E635461736B202331 name="primary" dev="tmpfs" ino=23968 scontext=u:r:mediaprovider_app:s0:c146,c256,c512,c768 tcontext=u:object_r:mnt_pass_through_file:s0 tclass=lnk_file permissive=0 app=com.google.android.providers.media.module
03-30 11:50:59.337  5982  5983 I cmd     : oneway function results will be dropped but finished with status OK and parcel size 4
03-30 11:51:00.136  5915  5956 I OpenGLRenderer: Davey! duration=3289ms; Flags=1, IntendedVsync=2971744874677, Vsync=2971744874677, OldestInputEvent=9223372036854775807, NewestInputEvent=0, HandleInputStart=2971750613078, AnimationStart=2971750614707, PerformTraversalsStart=2971750615097, DrawStart=2974288825958, SyncQueued=2974364724612, SyncStart=2974385275620, IssueDrawCommandsStart=2974385492587, SwapBuffers=2974786879539, FrameCompleted=2975054633388, DequeueBufferDuration=1229005, QueueBufferDuration=2793082, GpuCompleted=0, 
03-30 11:51:00.137  5915  5915 I Choreographer: Skipped 197 frames!  The application may be doing too much work on its main thread.
03-30 11:51:00.157   302   813 W ServiceManager: Permission failure: android.permission.ACCESS_SURFACE_FLINGER from uid=10154 pid=5915
03-30 11:51:00.166   327   566 W iorapd  : Rejecting transition from kActivityLaunchCancelled to kActivityLaunchFinished
03-30 11:51:00.269   491   514 I ActivityTaskManager: Displayed com.blogspot.e_kanivets.moneytracker/.activity.record.MainActivity: +8s953ms
03-30 11:51:00.610   491  3125 I ActivityManager: Killing 4900:com.google.android.configupdater/u0a107 (adj 995): empty for 1858s
03-30 11:51:00.802   264   264 I Zygote  : Process 4900 exited due to signal 9 (Killed)
03-30 11:51:00.830   491   517 I libprocessgroup: Successfully killed process cgroup uid 10107 pid 4900 in 127ms
03-30 11:51:00.831   302   302 W SurfaceFlinger: couldn't log to binary event log: overflow.
03-30 11:51:00.850   154   154 I hwservicemanager: getTransport: Cannot find entry android.hardware.graphics.mapper@4.0::IMapper/default in either framework or device manifest.
03-30 11:51:00.850  6006  6006 I Gralloc4: mapper 4.x is not supported
03-30 11:51:01.596  1262  4733 I MediaProvider: Begin Intent { act=android.intent.action.MEDIA_SCANNER_SCAN_FILE dat=file:///sdcard/screen_2023-03-30_115100.png flg=0x1400010 cmp=com.google.android.providers.media.module/com.android.providers.media.MediaService }
03-30 11:51:01.605  1262  4733 W ModernMediaScanner: Failed to visit /sdcard/screen_2023-03-30_115100.png: java.nio.file.AccessDeniedException: /sdcard/screen_2023-03-30_115100.png
03-30 11:51:01.606  1262  4733 I MediaProvider: Scanned internal due to REASON_DEMAND, found 0 items in 4ms, 0 inserts 0 updates 0 deletes
03-30 11:51:01.592  1262  1262 W com.google.android.providers.media.module: type=1400 audit(0.0:236): avc: denied { read } for comm=4173796E635461736B202331 name="primary" dev="tmpfs" ino=23968 scontext=u:r:mediaprovider_app:s0:c146,c256,c512,c768 tcontext=u:object_r:mnt_pass_through_file:s0 tclass=lnk_file permissive=0 app=com.google.android.providers.media.module
03-30 11:51:01.612  1262  4733 I MediaProvider: End Intent { act=android.intent.action.MEDIA_SCANNER_SCAN_FILE dat=file:///sdcard/screen_2023-03-30_115100.png flg=0x1400010 cmp=com.google.android.providers.media.module/com.android.providers.media.MediaService }
03-30 11:51:01.600  1262  1262 W com.google.android.providers.media.module: type=1400 audit(0.0:237): avc: denied { read } for comm=4173796E635461736B202331 name="primary" dev="tmpfs" ino=23968 scontext=u:r:mediaprovider_app:s0:c146,c256,c512,c768 tcontext=u:object_r:mnt_pass_through_file:s0 tclass=lnk_file permissive=0 app=com.google.android.providers.media.module
03-30 11:51:01.740  1262  3080 I MediaProvider: Deleted 1 items on external_primary due to com.android.shell
03-30 11:51:01.802  6038  6040 I cmd     : oneway function results will be dropped but finished with status OK and parcel size 4
03-30 11:51:02.043  1497  6046 I PBSessionCacheImpl: (REDACTED) Deleted sessionId[%d] from persistence.
03-30 11:51:02.362   154   154 I hwservicemanager: getTransport: Cannot find entry android.hardware.graphics.mapper@4.0::IMapper/default in either framework or device manifest.
03-30 11:51:02.363  6063  6063 I Gralloc4: mapper 4.x is not supported
03-30 11:51:03.142  1497  2324 I A       : getLocaleToModelSpecsMap
03-30 11:51:03.163  1497  2324 I A       : getLocaleToModelSpecsMap
03-30 11:51:03.196  1497  2324 W SearchServiceCore: Abort, client detached.
03-30 11:51:03.210  1497  2324 W A       : (REDACTED) Task %s was queued for %dms before starting on executor %s
03-30 11:51:03.670  6071  6073 I cmd     : oneway function results will be dropped but finished with status OK and parcel size 4
03-30 11:51:03.676  1262  4733 I MediaProvider: Begin Intent { act=android.intent.action.MEDIA_SCANNER_SCAN_FILE dat=file:///sdcard/screen_2023-03-30_115102.png flg=0x1400010 cmp=com.google.android.providers.media.module/com.android.providers.media.MediaService }
03-30 11:51:03.683  1262  4733 W ModernMediaScanner: Failed to visit /sdcard/screen_2023-03-30_115102.png: java.nio.file.AccessDeniedException: /sdcard/screen_2023-03-30_115102.png
03-30 11:51:03.684  1262  4733 I MediaProvider: Scanned internal due to REASON_DEMAND, found 0 items in 3ms, 0 inserts 0 updates 0 deletes
03-30 11:51:03.672  1262  1262 W com.google.android.providers.media.module: type=1400 audit(0.0:242): avc: denied { read } for comm=4173796E635461736B202331 name="primary" dev="tmpfs" ino=23968 scontext=u:r:mediaprovider_app:s0:c146,c256,c512,c768 tcontext=u:object_r:mnt_pass_through_file:s0 tclass=lnk_file permissive=0 app=com.google.android.providers.media.module
03-30 11:51:03.680  1262  1262 W com.google.android.providers.media.module: type=1400 audit(0.0:243): avc: denied { read } for comm=4173796E635461736B202331 name="primary" dev="tmpfs" ino=23968 scontext=u:r:mediaprovider_app:s0:c146,c256,c512,c768 tcontext=u:object_r:mnt_pass_through_file:s0 tclass=lnk_file permissive=0 app=com.google.android.providers.media.module
03-30 11:51:03.695  1262  4733 I MediaProvider: End Intent { act=android.intent.action.MEDIA_SCANNER_SCAN_FILE dat=file:///sdcard/screen_2023-03-30_115102.png flg=0x1400010 cmp=com.google.android.providers.media.module/com.android.providers.media.MediaService }
03-30 11:51:03.680  1262  1262 W com.google.android.providers.media.module: type=1400 audit(0.0:244): avc: denied { read } for comm=4173796E635461736B202331 name="primary" dev="tmpfs" ino=23968 scontext=u:r:mediaprovider_app:s0:c146,c256,c512,c768 tcontext=u:object_r:mnt_pass_through_file:s0 tclass=lnk_file permissive=0 app=com.google.android.providers.media.module
03-30 11:51:03.737   491   502 W System  : A resource failed to call close. 
03-30 11:51:03.738   491   502 W System  : A resource failed to call close. 
03-30 11:51:03.738   491   502 W System  : A resource failed to call release. 
03-30 11:51:03.780  1262  3080 I MediaProvider: Deleted 1 items on external_primary due to com.android.shell
03-30 11:51:03.877  6084  6085 I cmd     : oneway function results will be dropped but finished with status OK and parcel size 4
03-30 11:51:04.000  6099  6101 I cmd     : oneway function results will be dropped but finished with status OK and parcel size 4
03-30 11:51:04.150  6114  6116 I cmd     : oneway function results will be dropped but finished with status OK and parcel size 4
03-30 11:51:04.671  6141  6141 E libc    : Access denied finding property "persist.device_config.runtime_native_boot.profilebootclasspath"
03-30 11:51:04.671  6141  6141 E libc    : Access denied finding property "persist.device_config.runtime_native_boot.enable_apex_image"
03-30 11:51:04.671  6141  6141 I AndroidRuntime: Using default boot image
03-30 11:51:04.671  6141  6141 E libc    : Access denied finding property "persist.device_config.runtime_native_boot.disable_lock_profiling"
03-30 11:51:04.671  6141  6141 I AndroidRuntime: Leaving lock profiling enabled
03-30 11:51:04.671  6141  6141 E libc    : Access denied finding property "persist.device_config.runtime_native_boot.enable_generational_cc"
03-30 11:51:04.675  6141  6141 W app_process: Could not reserve sentinel fault page
03-30 11:51:05.179  6141  6141 W app_process: Unexpected CPU variant for X86 using defaults: x86
03-30 11:51:05.181  6141  6141 I app_process: The ClassLoaderContext is a special shared library.
03-30 11:51:05.195  6141  6141 W app_process: JNI RegisterNativeMethods: attempt to register 0 native methods for android.media.AudioAttributes
03-30 11:51:07.003  1607  1617 W gle.android.gm: Reducing the number of considered missed Gc histogram windows from 273 to 100
03-30 11:51:07.458  1497  1502 W earchbox:searc: Reducing the number of considered missed Gc histogram windows from 274 to 100
03-30 11:51:07.497   154   154 I hwservicemanager: getTransport: Cannot find entry android.hardware.graphics.mapper@4.0::IMapper/default in either framework or device manifest.
03-30 11:51:07.497  6172  6172 I Gralloc4: mapper 4.x is not supported
03-30 11:51:07.925  1262  4733 I MediaProvider: Begin Intent { act=android.intent.action.MEDIA_SCANNER_SCAN_FILE dat=file:///sdcard/screen_2023-03-30_115107.png flg=0x1400010 cmp=com.google.android.providers.media.module/com.android.providers.media.MediaService }
03-30 11:51:07.920  1262  1262 W com.google.android.providers.media.module: type=1400 audit(0.0:252): avc: denied { read } for comm=4173796E635461736B202331 name="primary" dev="tmpfs" ino=23968 scontext=u:r:mediaprovider_app:s0:c146,c256,c512,c768 tcontext=u:object_r:mnt_pass_through_file:s0 tclass=lnk_file permissive=0 app=com.google.android.providers.media.module
03-30 11:51:07.924  1262  1262 I chatty  : uid=10146(com.google.android.providers.media.module) identical 2 lines
03-30 11:51:07.924  1262  1262 W com.google.android.providers.media.module: type=1400 audit(0.0:255): avc: denied { read } for comm=4173796E635461736B202331 name="primary" dev="tmpfs" ino=23968 scontext=u:r:mediaprovider_app:s0:c146,c256,c512,c768 tcontext=u:object_r:mnt_pass_through_file:s0 tclass=lnk_file permissive=0 app=com.google.android.providers.media.module
03-30 11:51:07.941  1262  4733 W ModernMediaScanner: Failed to visit /sdcard/screen_2023-03-30_115107.png: java.nio.file.AccessDeniedException: /sdcard/screen_2023-03-30_115107.png
03-30 11:51:07.945  1262  4733 I MediaProvider: Scanned internal due to REASON_DEMAND, found 0 items in 17ms, 0 inserts 0 updates 0 deletes
03-30 11:51:07.946  1262  4733 I MediaProvider: End Intent { act=android.intent.action.MEDIA_SCANNER_SCAN_FILE dat=file:///sdcard/screen_2023-03-30_115107.png flg=0x1400010 cmp=com.google.android.providers.media.module/com.android.providers.media.MediaService }
03-30 11:51:07.924  1262  1262 W com.google.android.providers.media.module: type=1400 audit(0.0:256): avc: denied { read } for comm=4173796E635461736B202331 name="primary" dev="tmpfs" ino=23968 scontext=u:r:mediaprovider_app:s0:c146,c256,c512,c768 tcontext=u:object_r:mnt_pass_through_file:s0 tclass=lnk_file permissive=0 app=com.google.android.providers.media.module
03-30 11:51:08.002  1262  3080 I MediaProvider: Deleted 1 items on external_primary due to com.android.shell
03-30 11:51:08.063  6187  6189 I cmd     : oneway function results will be dropped but finished with status OK and parcel size 4
03-30 11:51:08.724   154   154 I hwservicemanager: getTransport: Cannot find entry android.hardware.graphics.mapper@4.0::IMapper/default in either framework or device manifest.
03-30 11:51:08.725  6211  6211 I Gralloc4: mapper 4.x is not supported
03-30 11:51:09.189  1262  4733 I MediaProvider: Begin Intent { act=android.intent.action.MEDIA_SCANNER_SCAN_FILE dat=file:///sdcard/screen_2023-03-30_115108.png flg=0x1400010 cmp=com.google.android.providers.media.module/com.android.providers.media.MediaService }
03-30 11:51:09.184  1262  1262 W com.google.android.providers.media.module: type=1400 audit(0.0:258): avc: denied { read } for comm=4173796E635461736B202331 name="primary" dev="tmpfs" ino=23968 scontext=u:r:mediaprovider_app:s0:c146,c256,c512,c768 tcontext=u:object_r:mnt_pass_through_file:s0 tclass=lnk_file permissive=0 app=com.google.android.providers.media.module
03-30 11:51:09.196  1262  1262 W com.google.android.providers.media.module: type=1400 audit(0.0:259): avc: denied { read } for comm=4173796E635461736B202331 name="primary" dev="tmpfs" ino=23968 scontext=u:r:mediaprovider_app:s0:c146,c256,c512,c768 tcontext=u:object_r:mnt_pass_through_file:s0 tclass=lnk_file permissive=0 app=com.google.android.providers.media.module
03-30 11:51:09.209  1262  4733 W ModernMediaScanner: Failed to visit /sdcard/screen_2023-03-30_115108.png: java.nio.file.AccessDeniedException: /sdcard/screen_2023-03-30_115108.png
03-30 11:51:09.210  1262  4733 I MediaProvider: Scanned internal due to REASON_DEMAND, found 0 items in 9ms, 0 inserts 0 updates 0 deletes
03-30 11:51:09.211  1262  4733 I MediaProvider: End Intent { act=android.intent.action.MEDIA_SCANNER_SCAN_FILE dat=file:///sdcard/screen_2023-03-30_115108.png flg=0x1400010 cmp=com.google.android.providers.media.module/com.android.providers.media.MediaService }
03-30 11:51:09.196  1262  1262 W com.google.android.providers.media.module: type=1400 audit(0.0:260): avc: denied { read } for comm=4173796E635461736B202331 name="primary" dev="tmpfs" ino=23968 scontext=u:r:mediaprovider_app:s0:c146,c256,c512,c768 tcontext=u:object_r:mnt_pass_through_file:s0 tclass=lnk_file permissive=0 app=com.google.android.providers.media.module
03-30 11:51:09.268  1262  3080 I MediaProvider: Deleted 1 items on external_primary due to com.android.shell
03-30 11:51:09.683   154   154 I hwservicemanager: getTransport: Cannot find entry android.hardware.graphics.mapper@4.0::IMapper/default in either framework or device manifest.
03-30 11:51:09.683  6250  6250 I Gralloc4: mapper 4.x is not supported
03-30 11:51:09.981  6254  6256 I cmd     : oneway function results will be dropped but finished with status OK and parcel size 4
03-30 11:51:09.982  1262  4733 I MediaProvider: Begin Intent { act=android.intent.action.MEDIA_SCANNER_SCAN_FILE dat=file:///sdcard/screen_2023-03-30_115109.png flg=0x1400010 cmp=com.google.android.providers.media.module/com.android.providers.media.MediaService }
03-30 11:51:09.985  1262  4733 W ModernMediaScanner: Failed to visit /sdcard/screen_2023-03-30_115109.png: java.nio.file.AccessDeniedException: /sdcard/screen_2023-03-30_115109.png
03-30 11:51:09.986  1262  4733 I MediaProvider: Scanned internal due to REASON_DEMAND, found 0 items in 2ms, 0 inserts 0 updates 0 deletes
03-30 11:51:09.988  1262  4733 I MediaProvider: End Intent { act=android.intent.action.MEDIA_SCANNER_SCAN_FILE dat=file:///sdcard/screen_2023-03-30_115109.png flg=0x1400010 cmp=com.google.android.providers.media.module/com.android.providers.media.MediaService }
03-30 11:51:10.072  1262  3080 I MediaProvider: Deleted 1 items on external_primary due to com.android.shell
03-30 11:51:10.135  6265  6267 I cmd     : oneway function results will be dropped but finished with status OK and parcel size 4
03-30 11:51:10.278  6280  6282 I cmd     : oneway function results will be dropped but finished with status OK and parcel size 4
03-30 11:51:10.402  6295  6298 I cmd     : oneway function results will be dropped but finished with status OK and parcel size 4
03-30 11:51:10.568  6312  6314 I cmd     : oneway function results will be dropped but finished with status OK and parcel size 4
03-30 11:51:10.775  6324  6324 E libc    : Access denied finding property "persist.device_config.runtime_native_boot.profilebootclasspath"
03-30 11:51:10.776  6324  6324 E libc    : Access denied finding property "persist.device_config.runtime_native_boot.enable_apex_image"
03-30 11:51:10.776  6324  6324 I AndroidRuntime: Using default boot image
03-30 11:51:10.776  6324  6324 E libc    : Access denied finding property "persist.device_config.runtime_native_boot.disable_lock_profiling"
03-30 11:51:10.776  6324  6324 I AndroidRuntime: Leaving lock profiling enabled
03-30 11:51:10.776  6324  6324 E libc    : Access denied finding property "persist.device_config.runtime_native_boot.enable_generational_cc"
03-30 11:51:10.778  6324  6324 W app_process: Could not reserve sentinel fault page
03-30 11:51:10.772  6324  6324 W app_process: type=1400 audit(0.0:270): avc: denied { read } for name="u:object_r:device_config_runtime_native_boot_prop:s0" dev="tmpfs" ino=8323 scontext=u:r:shell:s0 tcontext=u:object_r:device_config_runtime_native_boot_prop:s0 tclass=file permissive=0
03-30 11:51:11.010  6324  6324 W app_process: Unexpected CPU variant for X86 using defaults: x86
03-30 11:51:11.012  6324  6324 I app_process: The ClassLoaderContext is a special shared library.
03-30 11:51:11.030  6324  6324 W app_process: JNI RegisterNativeMethods: attempt to register 0 native methods for android.media.AudioAttributes
03-30 11:51:11.254   491  2878 I system_server: oneway function results will be dropped but finished with status OK and parcel size 4
03-30 11:51:11.254   491  2878 I chatty  : uid=1000(system) Binder:491_16 identical 1 line
03-30 11:51:11.255   491  2878 I system_server: oneway function results will be dropped but finished with status OK and parcel size 4
03-30 11:51:11.388   491  3936 I system_server: oneway function results will be dropped but finished with status OK and parcel size 4
03-30 11:51:11.896  1497  2324 I WorkerManager: dispose()
03-30 11:51:11.928  1497  2324 W A       : (REDACTED) Queue length for executor %s is now %d. Perhaps some tasks are too long, or the pool is too small.
03-30 11:51:13.148   154   154 I hwservicemanager: getTransport: Cannot find entry android.hardware.graphics.mapper@4.0::IMapper/default in either framework or device manifest.
03-30 11:51:13.148  6361  6361 I Gralloc4: mapper 4.x is not supported
03-30 11:51:13.480  1262  4733 I MediaProvider: Begin Intent { act=android.intent.action.MEDIA_SCANNER_SCAN_FILE dat=file:///sdcard/screen_2023-03-30_115113.png flg=0x1400010 cmp=com.google.android.providers.media.module/com.android.providers.media.MediaService }
03-30 11:51:13.485  1262  4733 W ModernMediaScanner: Failed to visit /sdcard/screen_2023-03-30_115113.png: java.nio.file.AccessDeniedException: /sdcard/screen_2023-03-30_115113.png
03-30 11:51:13.476  1262  1262 W com.google.android.providers.media.module: type=1400 audit(0.0:274): avc: denied { read } for comm=4173796E635461736B202331 name="primary" dev="tmpfs" ino=23968 scontext=u:r:mediaprovider_app:s0:c146,c256,c512,c768 tcontext=u:object_r:mnt_pass_through_file:s0 tclass=lnk_file permissive=0 app=com.google.android.providers.media.module
03-30 11:51:13.499  1262  4733 I MediaProvider: Scanned internal due to REASON_DEMAND, found 0 items in 15ms, 0 inserts 0 updates 0 deletes
03-30 11:51:13.476  1262  1262 W com.google.android.providers.media.module: type=1400 audit(0.0:276): avc: denied { read } for comm=4173796E635461736B202331 name="primary" dev="tmpfs" ino=23968 scontext=u:r:mediaprovider_app:s0:c146,c256,c512,c768 tcontext=u:object_r:mnt_pass_through_file:s0 tclass=lnk_file permissive=0 app=com.google.android.providers.media.module
03-30 11:51:13.502  1262  4733 I MediaProvider: End Intent { act=android.intent.action.MEDIA_SCANNER_SCAN_FILE dat=file:///sdcard/screen_2023-03-30_115113.png flg=0x1400010 cmp=com.google.android.providers.media.module/com.android.providers.media.MediaService }
03-30 11:51:13.476  1262  1262 W com.google.android.providers.media.module: type=1400 audit(0.0:277): avc: denied { read } for comm=4173796E635461736B202331 name="primary" dev="tmpfs" ino=23968 scontext=u:r:mediaprovider_app:s0:c146,c256,c512,c768 tcontext=u:object_r:mnt_pass_through_file:s0 tclass=lnk_file permissive=0 app=com.google.android.providers.media.module
03-30 11:51:13.587  1262  3080 I MediaProvider: Deleted 1 items on external_primary due to com.android.shell
03-30 11:51:13.655  6376  6378 I cmd     : oneway function results will be dropped but finished with status OK and parcel size 4
03-30 11:51:14.078   154   154 I hwservicemanager: getTransport: Cannot find entry android.hardware.graphics.mapper@4.0::IMapper/default in either framework or device manifest.
03-30 11:51:14.082  6400  6400 I Gralloc4: mapper 4.x is not supported
03-30 11:51:14.353   491  2878 I system_server: oneway function results will be dropped but finished with status OK and parcel size 4
03-30 11:51:14.391  1262  4733 I MediaProvider: Begin Intent { act=android.intent.action.MEDIA_SCANNER_SCAN_FILE dat=file:///sdcard/screen_2023-03-30_115114.png flg=0x1400010 cmp=com.google.android.providers.media.module/com.android.providers.media.MediaService }
03-30 11:51:14.398  1262  4733 W ModernMediaScanner: Failed to visit /sdcard/screen_2023-03-30_115114.png: java.nio.file.AccessDeniedException: /sdcard/screen_2023-03-30_115114.png
03-30 11:51:14.399  1262  4733 I MediaProvider: Scanned internal due to REASON_DEMAND, found 0 items in 2ms, 0 inserts 0 updates 0 deletes
03-30 11:51:14.400  1262  4733 I MediaProvider: End Intent { act=android.intent.action.MEDIA_SCANNER_SCAN_FILE dat=file:///sdcard/screen_2023-03-30_115114.png flg=0x1400010 cmp=com.google.android.providers.media.module/com.android.providers.media.MediaService }
03-30 11:51:14.459  1262  3080 I MediaProvider: Deleted 1 items on external_primary due to com.android.shell
03-30 11:51:14.883   154   154 I hwservicemanager: getTransport: Cannot find entry android.hardware.graphics.mapper@4.0::IMapper/default in either framework or device manifest.
03-30 11:51:14.884  6437  6437 I Gralloc4: mapper 4.x is not supported
03-30 11:51:15.152  1262  4733 I MediaProvider: Begin Intent { act=android.intent.action.MEDIA_SCANNER_SCAN_FILE dat=file:///sdcard/screen_2023-03-30_115115.png flg=0x1400010 cmp=com.google.android.providers.media.module/com.android.providers.media.MediaService }
03-30 11:51:15.154  1262  4733 W ModernMediaScanner: Failed to visit /sdcard/screen_2023-03-30_115115.png: java.nio.file.AccessDeniedException: /sdcard/screen_2023-03-30_115115.png
03-30 11:51:15.156  1262  4733 I MediaProvider: Scanned internal due to REASON_DEMAND, found 0 items in 2ms, 0 inserts 0 updates 0 deletes
03-30 11:51:15.148  1262  1262 W com.google.android.providers.media.module: type=1400 audit(0.0:286): avc: denied { read } for comm=4173796E635461736B202331 name="primary" dev="tmpfs" ino=23968 scontext=u:r:mediaprovider_app:s0:c146,c256,c512,c768 tcontext=u:object_r:mnt_pass_through_file:s0 tclass=lnk_file permissive=0 app=com.google.android.providers.media.module
03-30 11:51:15.163  1262  4733 I MediaProvider: End Intent { act=android.intent.action.MEDIA_SCANNER_SCAN_FILE dat=file:///sdcard/screen_2023-03-30_115115.png flg=0x1400010 cmp=com.google.android.providers.media.module/com.android.providers.media.MediaService }
03-30 11:51:15.148  1262  1262 W com.google.android.providers.media.module: type=1400 audit(0.0:288): avc: denied { read } for comm=4173796E635461736B202331 name="primary" dev="tmpfs" ino=23968 scontext=u:r:mediaprovider_app:s0:c146,c256,c512,c768 tcontext=u:object_r:mnt_pass_through_file:s0 tclass=lnk_file permissive=0 app=com.google.android.providers.media.module
03-30 11:51:15.213  1262  3080 I MediaProvider: Deleted 1 items on external_primary due to com.android.shell
03-30 11:51:15.282  6454  6456 I cmd     : oneway function results will be dropped but finished with status OK and parcel size 4
03-30 11:51:15.401  6469  6471 I cmd     : oneway function results will be dropped but finished with status OK and parcel size 4
03-30 11:51:15.517  6484  6486 I cmd     : oneway function results will be dropped but finished with status OK and parcel size 4
03-30 11:51:15.631  6499  6501 I cmd     : oneway function results will be dropped but finished with status OK and parcel size 4
03-30 11:51:15.807  6511  6511 E libc    : Access denied finding property "persist.device_config.runtime_native_boot.profilebootclasspath"
03-30 11:51:15.807  6511  6511 E libc    : Access denied finding property "persist.device_config.runtime_native_boot.enable_apex_image"
03-30 11:51:15.807  6511  6511 I AndroidRuntime: Using default boot image
03-30 11:51:15.807  6511  6511 E libc    : Access denied finding property "persist.device_config.runtime_native_boot.disable_lock_profiling"
03-30 11:51:15.807  6511  6511 I AndroidRuntime: Leaving lock profiling enabled
03-30 11:51:15.808  6511  6511 E libc    : Access denied finding property "persist.device_config.runtime_native_boot.enable_generational_cc"
03-30 11:51:15.970  6511  6511 W app_process: Unexpected CPU variant for X86 using defaults: x86
03-30 11:51:15.972  6511  6511 I app_process: The ClassLoaderContext is a special shared library.
03-30 11:51:15.992  6511  6511 W app_process: JNI RegisterNativeMethods: attempt to register 0 native methods for android.media.AudioAttributes
03-30 11:51:17.537  1497  2223 E A       : (REDACTED) Trace %s timed out after %d ms. Complete trace: %s
03-30 11:51:17.537  1497  2223 E A       : com.google.apps.tiktok.tracing.fy: 
03-30 11:51:17.537  1497  2223 E A       : 	at tk_trace.Read com.google.android.apps.podcasts_android.device#com.google.android.googlequicksearchbox(Started After:24)
03-30 11:51:17.538  1497  2223 E A       : (REDACTED) Trace %s timed out after %d ms. Complete trace: %s
03-30 11:51:17.538  1497  2223 E A       : com.google.apps.tiktok.tracing.fy: 
03-30 11:51:17.538  1497  2223 E A       : 	at tk_trace.Query: SELECT response_data, write_ms FROM cache_table WHERE request_data=?(Started After:0)
03-30 11:51:17.538  1497  2219 E A       : (REDACTED) Trace %s timed out after %d ms. Complete trace: %s
03-30 11:51:17.538  1497  2219 E A       : com.google.apps.tiktok.tracing.fy: 
03-30 11:51:17.538  1497  2219 E A       : 	at tk_trace.Write com.google.android.apps.search.assistant.device#com.google.android.googlequicksearchbox(Started After:3)
03-30 11:51:17.935   154   154 I hwservicemanager: getTransport: Cannot find entry android.hardware.graphics.mapper@4.0::IMapper/default in either framework or device manifest.
03-30 11:51:17.935  6540  6540 I Gralloc4: mapper 4.x is not supported
03-30 11:51:18.233  6546  6548 I cmd     : oneway function results will be dropped but finished with status OK and parcel size 4
03-30 11:51:18.236  1262  4733 I MediaProvider: Begin Intent { act=android.intent.action.MEDIA_SCANNER_SCAN_FILE dat=file:///sdcard/screen_2023-03-30_115118.png flg=0x1400010 cmp=com.google.android.providers.media.module/com.android.providers.media.MediaService }
03-30 11:51:18.232  1262  1262 W com.google.android.providers.media.module: type=1400 audit(0.0:296): avc: denied { read } for comm=4173796E635461736B202331 name="primary" dev="tmpfs" ino=23968 scontext=u:r:mediaprovider_app:s0:c146,c256,c512,c768 tcontext=u:object_r:mnt_pass_through_file:s0 tclass=lnk_file permissive=0 app=com.google.android.providers.media.module
03-30 11:51:18.242  1262  4733 W ModernMediaScanner: Failed to visit /sdcard/screen_2023-03-30_115118.png: java.nio.file.AccessDeniedException: /sdcard/screen_2023-03-30_115118.png
03-30 11:51:18.244  1262  4733 I MediaProvider: Scanned internal due to REASON_DEMAND, found 0 items in 8ms, 0 inserts 0 updates 0 deletes
03-30 11:51:18.245  1262  4733 I MediaProvider: End Intent { act=android.intent.action.MEDIA_SCANNER_SCAN_FILE dat=file:///sdcard/screen_2023-03-30_115118.png flg=0x1400010 cmp=com.google.android.providers.media.module/com.android.providers.media.MediaService }
03-30 11:51:18.232  1262  1262 W com.google.android.providers.media.module: type=1400 audit(0.0:297): avc: denied { read } for comm=4173796E635461736B202331 name="primary" dev="tmpfs" ino=23968 scontext=u:r:mediaprovider_app:s0:c146,c256,c512,c768 tcontext=u:object_r:mnt_pass_through_file:s0 tclass=lnk_file permissive=0 app=com.google.android.providers.media.module
03-30 11:51:18.356  1262  3080 I MediaProvider: Deleted 1 items on external_primary due to com.android.shell
03-30 11:51:18.424  6557  6559 I cmd     : oneway function results will be dropped but finished with status OK and parcel size 4
03-30 11:51:18.749   154   154 I hwservicemanager: getTransport: Cannot find entry android.hardware.graphics.mapper@4.0::IMapper/default in either framework or device manifest.
03-30 11:51:18.749  6579  6579 I Gralloc4: mapper 4.x is not supported
03-30 11:51:19.028  1262  4733 I MediaProvider: Begin Intent { act=android.intent.action.MEDIA_SCANNER_SCAN_FILE dat=file:///sdcard/screen_2023-03-30_115118.png flg=0x1400010 cmp=com.google.android.providers.media.module/com.android.providers.media.MediaService }
03-30 11:51:19.031  1262  4733 W ModernMediaScanner: Failed to visit /sdcard/screen_2023-03-30_115118.png: java.nio.file.AccessDeniedException: /sdcard/screen_2023-03-30_115118.png
03-30 11:51:19.032  1262  4733 I MediaProvider: Scanned internal due to REASON_DEMAND, found 0 items in 2ms, 0 inserts 0 updates 0 deletes
03-30 11:51:19.034  1262  4733 I MediaProvider: End Intent { act=android.intent.action.MEDIA_SCANNER_SCAN_FILE dat=file:///sdcard/screen_2023-03-30_115118.png flg=0x1400010 cmp=com.google.android.providers.media.module/com.android.providers.media.MediaService }
03-30 11:51:19.090  1262  3080 I MediaProvider: Deleted 1 items on external_primary due to com.android.shell
03-30 11:51:19.152  6594  6596 I cmd     : oneway function results will be dropped but finished with status OK and parcel size 4
03-30 11:51:19.497   154   154 I hwservicemanager: getTransport: Cannot find entry android.hardware.graphics.mapper@4.0::IMapper/default in either framework or device manifest.
03-30 11:51:19.498  6618  6618 I Gralloc4: mapper 4.x is not supported
03-30 11:51:19.774  6622  6624 I cmd     : oneway function results will be dropped but finished with status OK and parcel size 4
03-30 11:51:19.776  1262  4733 I MediaProvider: Begin Intent { act=android.intent.action.MEDIA_SCANNER_SCAN_FILE dat=file:///sdcard/screen_2023-03-30_115119.png flg=0x1400010 cmp=com.google.android.providers.media.module/com.android.providers.media.MediaService }
03-30 11:51:19.772  1262  1262 W com.google.android.providers.media.module: type=1400 audit(0.0:308): avc: denied { read } for comm=4173796E635461736B202331 name="primary" dev="tmpfs" ino=23968 scontext=u:r:mediaprovider_app:s0:c146,c256,c512,c768 tcontext=u:object_r:mnt_pass_through_file:s0 tclass=lnk_file permissive=0 app=com.google.android.providers.media.module
03-30 11:51:19.785  1262  4733 W ModernMediaScanner: Failed to visit /sdcard/screen_2023-03-30_115119.png: java.nio.file.AccessDeniedException: /sdcard/screen_2023-03-30_115119.png
03-30 11:51:19.772  1262  1262 W com.google.android.providers.media.module: type=1400 audit(0.0:310): avc: denied { read } for comm=4173796E635461736B202331 name="primary" dev="tmpfs" ino=23968 scontext=u:r:mediaprovider_app:s0:c146,c256,c512,c768 tcontext=u:object_r:mnt_pass_through_file:s0 tclass=lnk_file permissive=0 app=com.google.android.providers.media.module
03-30 11:51:19.794  1262  4733 I MediaProvider: Scanned internal due to REASON_DEMAND, found 0 items in 17ms, 0 inserts 0 updates 0 deletes
03-30 11:51:19.797  1262  4733 I MediaProvider: End Intent { act=android.intent.action.MEDIA_SCANNER_SCAN_FILE dat=file:///sdcard/screen_2023-03-30_115119.png flg=0x1400010 cmp=com.google.android.providers.media.module/com.android.providers.media.MediaService }
03-30 11:51:19.772  1262  1262 W com.google.android.providers.media.module: type=1400 audit(0.0:312): avc: denied { read } for comm=4173796E635461736B202331 name="primary" dev="tmpfs" ino=23968 scontext=u:r:mediaprovider_app:s0:c146,c256,c512,c768 tcontext=u:object_r:mnt_pass_through_file:s0 tclass=lnk_file permissive=0 app=com.google.android.providers.media.module
03-30 11:51:19.841  1262  3080 I MediaProvider: Deleted 1 items on external_primary due to com.android.shell
03-30 11:51:19.901  6633  6635 I cmd     : oneway function results will be dropped but finished with status OK and parcel size 4
03-30 11:51:20.016  6648  6650 I cmd     : oneway function results will be dropped but finished with status OK and parcel size 4
03-30 11:51:20.248  6678  6680 I cmd     : oneway function results will be dropped but finished with status OK and parcel size 4
03-30 11:51:20.510  6692  6692 E libc    : Access denied finding property "persist.device_config.runtime_native_boot.profilebootclasspath"
03-30 11:51:20.511  6692  6692 E libc    : Access denied finding property "persist.device_config.runtime_native_boot.enable_apex_image"
03-30 11:51:20.511  6692  6692 I AndroidRuntime: Using default boot image
03-30 11:51:20.511  6692  6692 E libc    : Access denied finding property "persist.device_config.runtime_native_boot.disable_lock_profiling"
03-30 11:51:20.511  6692  6692 I AndroidRuntime: Leaving lock profiling enabled
03-30 11:51:20.511  6692  6692 E libc    : Access denied finding property "persist.device_config.runtime_native_boot.enable_generational_cc"
03-30 11:51:20.515  6692  6692 W app_process: Could not reserve sentinel fault page
03-30 11:51:20.620  6692  6692 W app_process: Unexpected CPU variant for X86 using defaults: x86
03-30 11:51:20.624  6692  6692 I app_process: The ClassLoaderContext is a special shared library.
03-30 11:51:20.638  6692  6692 W app_process: JNI RegisterNativeMethods: attempt to register 0 native methods for android.media.AudioAttributes
03-30 11:51:22.635   154   154 I hwservicemanager: getTransport: Cannot find entry android.hardware.graphics.mapper@4.0::IMapper/default in either framework or device manifest.
03-30 11:51:22.635  6726  6726 I Gralloc4: mapper 4.x is not supported
03-30 11:51:22.894  1262  4733 I MediaProvider: Begin Intent { act=android.intent.action.MEDIA_SCANNER_SCAN_FILE dat=file:///sdcard/screen_2023-03-30_115122.png flg=0x1400010 cmp=com.google.android.providers.media.module/com.android.providers.media.MediaService }
03-30 11:51:22.888  1262  1262 W com.google.android.providers.media.module: type=1400 audit(0.0:318): avc: denied { read } for comm=4173796E635461736B202331 name="primary" dev="tmpfs" ino=23968 scontext=u:r:mediaprovider_app:s0:c146,c256,c512,c768 tcontext=u:object_r:mnt_pass_through_file:s0 tclass=lnk_file permissive=0 app=com.google.android.providers.media.module
03-30 11:51:22.916  1262  4733 W ModernMediaScanner: Failed to visit /sdcard/screen_2023-03-30_115122.png: java.nio.file.AccessDeniedException: /sdcard/screen_2023-03-30_115122.png
03-30 11:51:22.917  1262  4733 I MediaProvider: Scanned internal due to REASON_DEMAND, found 0 items in 4ms, 0 inserts 0 updates 0 deletes
03-30 11:51:22.896  1262  1262 W com.google.android.providers.media.module: type=1400 audit(0.0:319): avc: denied { read } for comm=4173796E635461736B202331 name="primary" dev="tmpfs" ino=23968 scontext=u:r:mediaprovider_app:s0:c146,c256,c512,c768 tcontext=u:object_r:mnt_pass_through_file:s0 tclass=lnk_file permissive=0 app=com.google.android.providers.media.module
03-30 11:51:22.924  1262  4733 I MediaProvider: End Intent { act=android.intent.action.MEDIA_SCANNER_SCAN_FILE dat=file:///sdcard/screen_2023-03-30_115122.png flg=0x1400010 cmp=com.google.android.providers.media.module/com.android.providers.media.MediaService }
03-30 11:51:22.908  1262  1262 W com.google.android.providers.media.module: type=1400 audit(0.0:320): avc: denied { read } for comm=4173796E635461736B202331 name="primary" dev="tmpfs" ino=23968 scontext=u:r:mediaprovider_app:s0:c146,c256,c512,c768 tcontext=u:object_r:mnt_pass_through_file:s0 tclass=lnk_file permissive=0 app=com.google.android.providers.media.module
03-30 11:51:22.995  1262  3080 I MediaProvider: Deleted 1 items on external_primary due to com.android.shell
03-30 11:51:23.057  6741  6743 I cmd     : oneway function results will be dropped but finished with status OK and parcel size 4
03-30 11:51:23.463   154   154 I hwservicemanager: getTransport: Cannot find entry android.hardware.graphics.mapper@4.0::IMapper/default in either framework or device manifest.
03-30 11:51:23.463  6763  6763 I Gralloc4: mapper 4.x is not supported
03-30 11:51:23.784  1262  4733 I MediaProvider: Begin Intent { act=android.intent.action.MEDIA_SCANNER_SCAN_FILE dat=file:///sdcard/screen_2023-03-30_115123.png flg=0x1400010 cmp=com.google.android.providers.media.module/com.android.providers.media.MediaService }
03-30 11:51:23.786  1262  4733 W ModernMediaScanner: Failed to visit /sdcard/screen_2023-03-30_115123.png: java.nio.file.AccessDeniedException: /sdcard/screen_2023-03-30_115123.png
03-30 11:51:23.791  6769  6771 I cmd     : oneway function results will be dropped but finished with status OK and parcel size 4
03-30 11:51:23.795  1262  4733 I MediaProvider: Scanned internal due to REASON_DEMAND, found 0 items in 11ms, 0 inserts 0 updates 0 deletes
03-30 11:51:23.804  1262  4733 I MediaProvider: End Intent { act=android.intent.action.MEDIA_SCANNER_SCAN_FILE dat=file:///sdcard/screen_2023-03-30_115123.png flg=0x1400010 cmp=com.google.android.providers.media.module/com.android.providers.media.MediaService }
03-30 11:51:23.866  1262  3080 I MediaProvider: Deleted 1 items on external_primary due to com.android.shell
03-30 11:51:24.336   154   154 I hwservicemanager: getTransport: Cannot find entry android.hardware.graphics.mapper@4.0::IMapper/default in either framework or device manifest.
03-30 11:51:24.336  6803  6803 I Gralloc4: mapper 4.x is not supported
03-30 11:51:24.678  1262  4733 I MediaProvider: Begin Intent { act=android.intent.action.MEDIA_SCANNER_SCAN_FILE dat=file:///sdcard/screen_2023-03-30_115124.png flg=0x1400010 cmp=com.google.android.providers.media.module/com.android.providers.media.MediaService }
03-30 11:51:24.699  1262  4733 W ModernMediaScanner: Failed to visit /sdcard/screen_2023-03-30_115124.png: java.nio.file.AccessDeniedException: /sdcard/screen_2023-03-30_115124.png
03-30 11:51:24.700  1262  4733 I MediaProvider: Scanned internal due to REASON_DEMAND, found 0 items in 15ms, 0 inserts 0 updates 0 deletes
03-30 11:51:24.672  1262  1262 W com.google.android.providers.media.module: type=1400 audit(0.0:330): avc: denied { read } for comm=4173796E635461736B202331 name="primary" dev="tmpfs" ino=23968 scontext=u:r:mediaprovider_app:s0:c146,c256,c512,c768 tcontext=u:object_r:mnt_pass_through_file:s0 tclass=lnk_file permissive=0 app=com.google.android.providers.media.module
03-30 11:51:24.708  1262  4733 I MediaProvider: End Intent { act=android.intent.action.MEDIA_SCANNER_SCAN_FILE dat=file:///sdcard/screen_2023-03-30_115124.png flg=0x1400010 cmp=com.google.android.providers.media.module/com.android.providers.media.MediaService }
03-30 11:51:24.680  1262  1262 W com.google.android.providers.media.module: type=1400 audit(0.0:331): avc: denied { read } for comm=4173796E635461736B202331 name="primary" dev="tmpfs" ino=23968 scontext=u:r:mediaprovider_app:s0:c146,c256,c512,c768 tcontext=u:object_r:mnt_pass_through_file:s0 tclass=lnk_file permissive=0 app=com.google.android.providers.media.module
03-30 11:51:24.770  1262  3080 I MediaProvider: Deleted 1 items on external_primary due to com.android.shell
03-30 11:51:25.306  6851  6852 I cmd     : oneway function results will be dropped but finished with status OK and parcel size 4
03-30 11:51:25.808  6878  6878 E libc    : Access denied finding property "persist.device_config.runtime_native_boot.profilebootclasspath"
03-30 11:51:25.809  6878  6878 E libc    : Access denied finding property "persist.device_config.runtime_native_boot.enable_apex_image"
03-30 11:51:25.809  6878  6878 I AndroidRuntime: Using default boot image
03-30 11:51:25.809  6878  6878 E libc    : Access denied finding property "persist.device_config.runtime_native_boot.disable_lock_profiling"
03-30 11:51:25.809  6878  6878 I AndroidRuntime: Leaving lock profiling enabled
03-30 11:51:25.819  6878  6878 E libc    : Access denied finding property "persist.device_config.runtime_native_boot.enable_generational_cc"
03-30 11:51:25.822  6878  6878 W app_process: Could not reserve sentinel fault page
03-30 11:51:25.804  6878  6878 W app_process: type=1400 audit(0.0:336): avc: denied { read } for name="u:object_r:device_config_runtime_native_boot_prop:s0" dev="tmpfs" ino=8323 scontext=u:r:shell:s0 tcontext=u:object_r:device_config_runtime_native_boot_prop:s0 tclass=file permissive=0
03-30 11:51:29.792  6878  6878 W app_process: Unexpected CPU variant for X86 using defaults: x86
03-30 11:51:29.794  6878  6878 I app_process: The ClassLoaderContext is a special shared library.
03-30 11:51:29.840  6878  6878 W app_process: JNI RegisterNativeMethods: attempt to register 0 native methods for android.media.AudioAttributes
03-30 11:51:30.748  5485  5514 I mit.droidbotap: Background concurrent copying GC freed 240945(9218KB) AllocSpace objects, 327(14MB) LOS objects, 49% free, 1893KB/3787KB, paused 58us total 102.853ms
03-30 11:51:32.160   154   154 I hwservicemanager: getTransport: Cannot find entry android.hardware.graphics.mapper@4.0::IMapper/default in either framework or device manifest.
03-30 11:51:32.162  6922  6922 I Gralloc4: mapper 4.x is not supported
03-30 11:51:32.630  1262  4733 I MediaProvider: Begin Intent { act=android.intent.action.MEDIA_SCANNER_SCAN_FILE dat=file:///sdcard/screen_2023-03-30_115132.png flg=0x1400010 cmp=com.google.android.providers.media.module/com.android.providers.media.MediaService }
03-30 11:51:32.636  1262  4733 W ModernMediaScanner: Failed to visit /sdcard/screen_2023-03-30_115132.png: java.nio.file.AccessDeniedException: /sdcard/screen_2023-03-30_115132.png
03-30 11:51:32.638  1262  4733 I MediaProvider: Scanned internal due to REASON_DEMAND, found 0 items in 2ms, 0 inserts 0 updates 0 deletes
03-30 11:51:32.624  1262  1262 W com.google.android.providers.media.module: type=1400 audit(0.0:340): avc: denied { read } for comm=4173796E635461736B202331 name="primary" dev="tmpfs" ino=23968 scontext=u:r:mediaprovider_app:s0:c146,c256,c512,c768 tcontext=u:object_r:mnt_pass_through_file:s0 tclass=lnk_file permissive=0 app=com.google.android.providers.media.module
03-30 11:51:32.642  1262  4733 I MediaProvider: End Intent { act=android.intent.action.MEDIA_SCANNER_SCAN_FILE dat=file:///sdcard/screen_2023-03-30_115132.png flg=0x1400010 cmp=com.google.android.providers.media.module/com.android.providers.media.MediaService }
03-30 11:51:32.632  1262  1262 W com.google.android.providers.media.module: type=1400 audit(0.0:341): avc: denied { read } for comm=4173796E635461736B202331 name="primary" dev="tmpfs" ino=23968 scontext=u:r:mediaprovider_app:s0:c146,c256,c512,c768 tcontext=u:object_r:mnt_pass_through_file:s0 tclass=lnk_file permissive=0 app=com.google.android.providers.media.module
03-30 11:51:32.716  1262  3080 I MediaProvider: Deleted 1 items on external_primary due to com.android.shell
03-30 11:51:32.806  6937  6939 I cmd     : oneway function results will be dropped but finished with status OK and parcel size 4
03-30 11:51:33.097   491   502 W System  : A resource failed to call release. 
03-30 11:51:33.097   491   502 I chatty  : uid=1000(system) FinalizerDaemon identical 2 lines
03-30 11:51:33.097   491   502 W System  : A resource failed to call release. 
03-30 11:51:33.345   491   516 I ActivityManager: Start proc 6963:com.google.android.apps.photos/u0a116 for service {com.google.android.apps.photos/com.google.android.libraries.social.mediamonitor.MediaMonitorJobSchedulerService}
03-30 11:51:33.351   154   154 I hwservicemanager: getTransport: Cannot find entry android.hardware.graphics.mapper@4.0::IMapper/default in either framework or device manifest.
03-30 11:51:33.352  6961  6961 I Gralloc4: mapper 4.x is not supported
03-30 11:51:33.374  6963  6963 W oid.apps.photo: Unexpected CPU variant for X86 using defaults: x86
03-30 11:51:33.380  6963  6963 E oid.apps.photo: Not starting debugger since process cannot load the jdwp agent.
03-30 11:51:33.444  6963  6963 I oid.apps.photo: The ClassLoaderContext is a special shared library.
03-30 11:51:33.473  6963  6963 I oid.apps.photo: The ClassLoaderContext is a special shared library.
03-30 11:51:33.704  1262  4733 I MediaProvider: Begin Intent { act=android.intent.action.MEDIA_SCANNER_SCAN_FILE dat=file:///sdcard/screen_2023-03-30_115133.png flg=0x1400010 cmp=com.google.android.providers.media.module/com.android.providers.media.MediaService }
03-30 11:51:33.711  1262  4733 W ModernMediaScanner: Failed to visit /sdcard/screen_2023-03-30_115133.png: java.nio.file.AccessDeniedException: /sdcard/screen_2023-03-30_115133.png
03-30 11:51:33.700  1262  1262 W com.google.android.providers.media.module: type=1400 audit(0.0:346): avc: denied { read } for comm=4173796E635461736B202331 name="primary" dev="tmpfs" ino=23968 scontext=u:r:mediaprovider_app:s0:c146,c256,c512,c768 tcontext=u:object_r:mnt_pass_through_file:s0 tclass=lnk_file permissive=0 app=com.google.android.providers.media.module
03-30 11:51:33.718  1262  4733 I MediaProvider: Scanned internal due to REASON_DEMAND, found 0 items in 10ms, 0 inserts 0 updates 0 deletes
03-30 11:51:33.720  1262  4733 I MediaProvider: End Intent { act=android.intent.action.MEDIA_SCANNER_SCAN_FILE dat=file:///sdcard/screen_2023-03-30_115133.png flg=0x1400010 cmp=com.google.android.providers.media.module/com.android.providers.media.MediaService }
03-30 11:51:33.704  1262  1262 W com.google.android.providers.media.module: type=1400 audit(0.0:347): avc: denied { read } for comm=4173796E635461736B202331 name="primary" dev="tmpfs" ino=23968 scontext=u:r:mediaprovider_app:s0:c146,c256,c512,c768 tcontext=u:object_r:mnt_pass_through_file:s0 tclass=lnk_file permissive=0 app=com.google.android.providers.media.module
03-30 11:51:33.776  1262  3080 I MediaProvider: Deleted 1 items on external_primary due to com.android.shell
03-30 11:51:33.925  6963  6963 W oid.apps.photo: Accessing hidden field Ljava/util/Collections$SynchronizedCollection;->mutex:Ljava/lang/Object; (greylist-max-o, reflection, denied)
03-30 11:51:33.926  6963  6963 W oid.apps.photo: Accessing hidden method Ljava/util/Collections$SynchronizedSet;-><init>(Ljava/util/Set;Ljava/lang/Object;)V (greylist-max-o, reflection, denied)
03-30 11:51:33.926  6963  6963 W oid.apps.photo: Accessing hidden method Ljava/util/Collections$SynchronizedCollection;-><init>(Ljava/util/Collection;Ljava/lang/Object;)V (greylist-max-o, reflection, denied)
03-30 11:51:34.274   154   154 I hwservicemanager: getTransport: Cannot find entry android.hardware.graphics.mapper@4.0::IMapper/default in either framework or device manifest.
03-30 11:51:34.275  7022  7022 I Gralloc4: mapper 4.x is not supported
03-30 11:51:34.673  7034  7038 I cmd     : oneway function results will be dropped but finished with status OK and parcel size 4
03-30 11:51:34.680  1262  4733 I MediaProvider: Begin Intent { act=android.intent.action.MEDIA_SCANNER_SCAN_FILE dat=file:///sdcard/screen_2023-03-30_115134.png flg=0x1400010 cmp=com.google.android.providers.media.module/com.android.providers.media.MediaService }
03-30 11:51:34.732  1262  1262 W com.google.android.providers.media.module: type=1400 audit(0.0:354): avc: denied { read } for comm=4173796E635461736B202331 name="primary" dev="tmpfs" ino=23968 scontext=u:r:mediaprovider_app:s0:c146,c256,c512,c768 tcontext=u:object_r:mnt_pass_through_file:s0 tclass=lnk_file permissive=0 app=com.google.android.providers.media.module
