03-30 11:52:36.151  8843  8843 E libc    : Access denied finding property "persist.device_config.runtime_native_boot.disable_lock_profiling"
03-30 11:52:36.151  8843  8843 I AndroidRuntime: Leaving lock profiling enabled
03-30 11:52:36.151  8843  8843 E libc    : Access denied finding property "persist.device_config.runtime_native_boot.enable_generational_cc"
03-30 11:52:36.144  8843  8843 W app_process: type=1400 audit(0.0:560): avc: denied { read } for name="u:object_r:device_config_runtime_native_boot_prop:s0" dev="tmpfs" ino=8323 scontext=u:r:shell:s0 tcontext=u:object_r:device_config_runtime_native_boot_prop:s0 tclass=file permissive=0
03-30 11:52:36.148  8843  8843 W app_process: type=1400 audit(0.0:563): avc: denied { read } for name="u:object_r:device_config_runtime_native_boot_prop:s0" dev="tmpfs" ino=8323 scontext=u:r:shell:s0 tcontext=u:object_r:device_config_runtime_native_boot_prop:s0 tclass=file permissive=0
03-30 11:52:36.299  8843  8843 W app_process: Unexpected CPU variant for X86 using defaults: x86
03-30 11:52:36.305  8843  8843 I app_process: The ClassLoaderContext is a special shared library.
03-30 11:52:36.324  8843  8843 W app_process: JNI RegisterNativeMethods: attempt to register 0 native methods for android.media.AudioAttributes
03-30 11:52:36.574   491  2810 I system_server: oneway function results will be dropped but finished with status OK and parcel size 4
03-30 11:52:36.574   491  2810 I system_server: oneway function results will be dropped but finished with status OK and parcel size 4
03-30 11:52:37.013   649   710 I ndroid.systemu: Waiting for a blocking GC ProfileSaver
03-30 11:52:37.087   491  3125 I system_server: oneway function results will be dropped but finished with status OK and parcel size 4
03-30 11:52:37.145   649   661 I ndroid.systemu: NativeAlloc concurrent copying GC freed 2501(241KB) AllocSpace objects, 0(0B) LOS objects, 49% free, 6398KB/12MB, paused 31us total 409.322ms
03-30 11:52:37.145   649   710 I ndroid.systemu: WaitForGcToComplete blocked ProfileSaver on HeapTrim for 132.039ms
03-30 11:52:37.155   649   663 W System  : A resource failed to call release. 
03-30 11:52:37.310  5915  5956 I OpenGLRenderer: Davey! duration=733ms; Flags=2, IntendedVsync=3071494875480, Vsync=3071494875480, OldestInputEvent=0, NewestInputEvent=0, HandleInputStart=3071494875480, AnimationStart=3071494875480, PerformTraversalsStart=3071494875480, DrawStart=3071494875480, SyncQueued=3071504493523, SyncStart=3071504494100, IssueDrawCommandsStart=3071504552492, SwapBuffers=3071530396744, FrameCompleted=3072228805965, DequeueBufferDuration=574434231, QueueBufferDuration=484375, GpuCompleted=0, 
03-30 11:52:37.395   491   509 W ActivityTaskManager: Activity top resumed state loss timeout for ActivityRecord{6cc9758 u0 com.blogspot.e_kanivets.moneytracker/.activity.record.AddRecordActivity t16 f}}
03-30 11:52:37.395   491   509 W ActivityTaskManager: Activity pause timeout for ActivityRecord{6cc9758 u0 com.blogspot.e_kanivets.moneytracker/.activity.record.AddRecordActivity t16 f}}
03-30 11:52:37.411   491   509 W InputReader: Device virtio_input_multi_touch_9 is associated with display ADISPLAY_ID_NONE.
03-30 11:52:37.412   491   509 W InputReader: Device virtio_input_multi_touch_6 is associated with display ADISPLAY_ID_NONE.
03-30 11:52:37.412   491   509 W InputReader: Device virtio_input_multi_touch_3 is associated with display ADISPLAY_ID_NONE.
03-30 11:52:37.412   491   509 W InputReader: Device virtio_input_multi_touch_7 is associated with display ADISPLAY_ID_NONE.
03-30 11:52:37.412   491   509 W InputReader: Device virtio_input_multi_touch_8 is associated with display ADISPLAY_ID_NONE.
03-30 11:52:37.412   491   509 W InputReader: Device virtio_input_multi_touch_10 is associated with display ADISPLAY_ID_NONE.
03-30 11:52:37.412   491   509 W InputReader: Device virtio_input_multi_touch_4 is associated with display ADISPLAY_ID_NONE.
03-30 11:52:37.412   491   509 W InputReader: Device virtio_input_multi_touch_11 is associated with display ADISPLAY_ID_NONE.
03-30 11:52:37.412   491   509 W InputReader: Device virtio_input_multi_touch_5 is associated with display ADISPLAY_ID_NONE.
03-30 11:52:37.412   491   509 W InputReader: Device virtio_input_multi_touch_2 is associated with display ADISPLAY_ID_NONE.
03-30 11:52:37.412   491   509 W InputReader: Device virtio_input_multi_touch_9 is associated with display ADISPLAY_ID_NONE.
03-30 11:52:37.412   491   509 W InputReader: Device virtio_input_multi_touch_6 is associated with display ADISPLAY_ID_NONE.
03-30 11:52:37.412   491   509 W InputReader: Device virtio_input_multi_touch_3 is associated with display ADISPLAY_ID_NONE.
03-30 11:52:37.412   491   509 W InputReader: Device virtio_input_multi_touch_7 is associated with display ADISPLAY_ID_NONE.
03-30 11:52:37.412   491   509 W InputReader: Device virtio_input_multi_touch_8 is associated with display ADISPLAY_ID_NONE.
03-30 11:52:37.412   491   509 W InputReader: Device virtio_input_multi_touch_10 is associated with display ADISPLAY_ID_NONE.
03-30 11:52:37.412   491   509 W InputReader: Device virtio_input_multi_touch_4 is associated with display ADISPLAY_ID_NONE.
03-30 11:52:37.412   491   509 W InputReader: Device virtio_input_multi_touch_11 is associated with display ADISPLAY_ID_NONE.
03-30 11:52:37.412   491   509 W InputReader: Device virtio_input_multi_touch_5 is associated with display ADISPLAY_ID_NONE.
03-30 11:52:37.412   491   509 W InputReader: Device virtio_input_multi_touch_2 is associated with display ADISPLAY_ID_NONE.
03-30 11:52:37.445  5915  5915 I Choreographer: Skipped 49 frames!  The application may be doing too much work on its main thread.
03-30 11:52:37.798  5915  5915 W View    : couldn't find view with id 2131296745
03-30 11:52:37.798  5915  5915 I chatty  : uid=10154(com.blogspot.e_kanivets.moneytracker) identical 1 line
03-30 11:52:37.799  5915  5915 W View    : couldn't find view with id 2131296745
03-30 11:52:38.524   266  5316 W android.hardware.audio.service.ranchu: TinyalsaSink::write:125 pcm_write was late reading frames, dropping 22131 us of audio
03-30 11:52:38.981   266  5316 I chatty  : uid=1041(audioserver) audio.service.r identical 9 lines
03-30 11:52:39.008   266  5316 W android.hardware.audio.service.ranchu: TinyalsaSink::write:125 pcm_write was late reading frames, dropping 22131 us of audio
03-30 11:52:39.018   953   964 I s.nexuslaunche: NativeAlloc concurrent copying GC freed 83532(4692KB) AllocSpace objects, 47(3036KB) LOS objects, 49% free, 3713KB/7427KB, paused 53us total 2.078s
03-30 11:52:39.020   953   964 W s.nexuslaunche: Reducing the number of considered missed Gc histogram windows from 301 to 100
03-30 11:52:39.064   266  5316 W android.hardware.audio.service.ranchu: TinyalsaSink::write:125 pcm_write was late reading frames, dropping 22131 us of audio
03-30 11:52:39.330   266  5316 I chatty  : uid=1041(audioserver) audio.service.r identical 4 lines
03-30 11:52:39.388   266  5316 W android.hardware.audio.service.ranchu: TinyalsaSink::write:125 pcm_write was late reading frames, dropping 22131 us of audio
03-30 11:52:39.560   154   154 I hwservicemanager: getTransport: Cannot find entry android.hardware.graphics.mapper@4.0::IMapper/default in either framework or device manifest.
03-30 11:52:39.564  8884  8884 I Gralloc4: mapper 4.x is not supported
03-30 11:52:39.944   491   912 I system_server: oneway function results will be dropped but finished with status OK and parcel size 4
03-30 11:52:40.459  1262  4733 I MediaProvider: Begin Intent { act=android.intent.action.MEDIA_SCANNER_SCAN_FILE dat=file:///sdcard/screen_2023-03-30_115239.png flg=0x1400010 cmp=com.google.android.providers.media.module/com.android.providers.media.MediaService }
03-30 11:52:40.463  1262  4733 W ModernMediaScanner: Failed to visit /sdcard/screen_2023-03-30_115239.png: java.nio.file.AccessDeniedException: /sdcard/screen_2023-03-30_115239.png
03-30 11:52:40.471  1262  4733 I MediaProvider: Scanned internal due to REASON_DEMAND, found 0 items in 10ms, 0 inserts 0 updates 0 deletes
03-30 11:52:40.473  1262  4733 I MediaProvider: End Intent { act=android.intent.action.MEDIA_SCANNER_SCAN_FILE dat=file:///sdcard/screen_2023-03-30_115239.png flg=0x1400010 cmp=com.google.android.providers.media.module/com.android.providers.media.MediaService }
03-30 11:52:40.456  1262  1262 W com.google.android.providers.media.module: type=1400 audit(0.0:564): avc: denied { read } for comm=4173796E635461736B202331 name="primary" dev="tmpfs" ino=23968 scontext=u:r:mediaprovider_app:s0:c146,c256,c512,c768 tcontext=u:object_r:mnt_pass_through_file:s0 tclass=lnk_file permissive=0 app=com.google.android.providers.media.module
03-30 11:52:40.560  1262  3080 I MediaProvider: Deleted 1 items on external_primary due to com.android.shell
03-30 11:52:40.652  8902  8904 I cmd     : oneway function results will be dropped but finished with status OK and parcel size 4
03-30 11:52:41.512   154   154 I hwservicemanager: getTransport: Cannot find entry android.hardware.graphics.mapper@4.0::IMapper/default in either framework or device manifest.
03-30 11:52:41.514  8926  8926 I Gralloc4: mapper 4.x is not supported
03-30 11:52:41.853  1262  4733 I MediaProvider: Begin Intent { act=android.intent.action.MEDIA_SCANNER_SCAN_FILE dat=file:///sdcard/screen_2023-03-30_115241.png flg=0x1400010 cmp=com.google.android.providers.media.module/com.android.providers.media.MediaService }
03-30 11:52:41.848  1262  1262 W com.google.android.providers.media.module: type=1400 audit(0.0:570): avc: denied { read } for comm=4173796E635461736B202331 name="primary" dev="tmpfs" ino=23968 scontext=u:r:mediaprovider_app:s0:c146,c256,c512,c768 tcontext=u:object_r:mnt_pass_through_file:s0 tclass=lnk_file permissive=0 app=com.google.android.providers.media.module
03-30 11:52:41.875  1262  4733 W ModernMediaScanner: Failed to visit /sdcard/screen_2023-03-30_115241.png: java.nio.file.AccessDeniedException: /sdcard/screen_2023-03-30_115241.png
03-30 11:52:41.883  1262  4733 I MediaProvider: Scanned internal due to REASON_DEMAND, found 0 items in 26ms, 0 inserts 0 updates 0 deletes
03-30 11:52:41.885  1262  4733 I MediaProvider: End Intent { act=android.intent.action.MEDIA_SCANNER_SCAN_FILE dat=file:///sdcard/screen_2023-03-30_115241.png flg=0x1400010 cmp=com.google.android.providers.media.module/com.android.providers.media.MediaService }
03-30 11:52:41.848  1262  1262 W com.google.android.providers.media.module: type=1400 audit(0.0:571): avc: denied { read } for comm=4173796E635461736B202331 name="primary" dev="tmpfs" ino=23968 scontext=u:r:mediaprovider_app:s0:c146,c256,c512,c768 tcontext=u:object_r:mnt_pass_through_file:s0 tclass=lnk_file permissive=0 app=com.google.android.providers.media.module
03-30 11:52:41.856  1262  1262 I chatty  : uid=10146(com.google.android.providers.media.module) identical 2 lines
03-30 11:52:41.856  1262  1262 W com.google.android.providers.media.module: type=1400 audit(0.0:574): avc: denied { read } for comm=4173796E635461736B202331 name="primary" dev="tmpfs" ino=23968 scontext=u:r:mediaprovider_app:s0:c146,c256,c512,c768 tcontext=u:object_r:mnt_pass_through_file:s0 tclass=lnk_file permissive=0 app=com.google.android.providers.media.module
03-30 11:52:41.942  1262  3080 I MediaProvider: Deleted 1 items on external_primary due to com.android.shell
03-30 11:52:42.008  8941  8942 I cmd     : oneway function results will be dropped but finished with status OK and parcel size 4
03-30 11:52:42.512   154   154 I hwservicemanager: getTransport: Cannot find entry android.hardware.graphics.mapper@4.0::IMapper/default in either framework or device manifest.
03-30 11:52:42.513  8965  8965 I Gralloc4: mapper 4.x is not supported
03-30 11:52:42.817  8969  8971 I cmd     : oneway function results will be dropped but finished with status OK and parcel size 4
03-30 11:52:42.823  1262  4733 I MediaProvider: Begin Intent { act=android.intent.action.MEDIA_SCANNER_SCAN_FILE dat=file:///sdcard/screen_2023-03-30_115242.png flg=0x1400010 cmp=com.google.android.providers.media.module/com.android.providers.media.MediaService }
03-30 11:52:42.825  1262  4733 W ModernMediaScanner: Failed to visit /sdcard/screen_2023-03-30_115242.png: java.nio.file.AccessDeniedException: /sdcard/screen_2023-03-30_115242.png
03-30 11:52:42.826  1262  4733 I MediaProvider: Scanned internal due to REASON_DEMAND, found 0 items in 2ms, 0 inserts 0 updates 0 deletes
03-30 11:52:42.829  1262  4733 I MediaProvider: End Intent { act=android.intent.action.MEDIA_SCANNER_SCAN_FILE dat=file:///sdcard/screen_2023-03-30_115242.png flg=0x1400010 cmp=com.google.android.providers.media.module/com.android.providers.media.MediaService }
03-30 11:52:42.918  1262  3080 I MediaProvider: Deleted 1 items on external_primary due to com.android.shell
03-30 11:52:43.633  9039  9039 E libc    : Access denied finding property "persist.device_config.runtime_native_boot.profilebootclasspath"
03-30 11:52:43.633  9039  9039 E libc    : Access denied finding property "persist.device_config.runtime_native_boot.enable_apex_image"
03-30 11:52:43.633  9039  9039 I AndroidRuntime: Using default boot image
03-30 11:52:43.633  9039  9039 E libc    : Access denied finding property "persist.device_config.runtime_native_boot.disable_lock_profiling"
03-30 11:52:43.633  9039  9039 I AndroidRuntime: Leaving lock profiling enabled
03-30 11:52:43.633  9039  9039 E libc    : Access denied finding property "persist.device_config.runtime_native_boot.enable_generational_cc"
03-30 11:52:43.636  9039  9039 W app_process: Could not reserve sentinel fault page
03-30 11:52:43.628  9039  9039 W app_process: type=1400 audit(0.0:582): avc: denied { read } for name="u:object_r:device_config_runtime_native_boot_prop:s0" dev="tmpfs" ino=8323 scontext=u:r:shell:s0 tcontext=u:object_r:device_config_runtime_native_boot_prop:s0 tclass=file permissive=0
03-30 11:52:44.057  9039  9039 W app_process: Unexpected CPU variant for X86 using defaults: x86
03-30 11:52:44.060  9039  9039 I app_process: The ClassLoaderContext is a special shared library.
03-30 11:52:44.074  9039  9039 W app_process: JNI RegisterNativeMethods: attempt to register 0 native methods for android.media.AudioAttributes
03-30 11:52:44.474   491   912 I ActivityTaskManager: START u0 {cmp=com.blogspot.e_kanivets.moneytracker/.activity.record.AddRecordActivity (has extras)} from uid 10154
03-30 11:52:44.479   491  3125 I system_server: oneway function results will be dropped but finished with status OK and parcel size 4
03-30 11:52:44.480   491  3125 I system_server: oneway function results will be dropped but finished with status OK and parcel size 4
03-30 11:52:44.504   491  3125 W ActivityTaskManager: Tried to set launchTime (0) < mLastActivityLaunchTime (3064101)
03-30 11:52:44.504   491  3125 W InputReader: Device virtio_input_multi_touch_9 is associated with display ADISPLAY_ID_NONE.
03-30 11:52:44.504   491  3125 W InputReader: Device virtio_input_multi_touch_6 is associated with display ADISPLAY_ID_NONE.
03-30 11:52:44.504   491  3125 W InputReader: Device virtio_input_multi_touch_3 is associated with display ADISPLAY_ID_NONE.
03-30 11:52:44.504   491  3125 W InputReader: Device virtio_input_multi_touch_7 is associated with display ADISPLAY_ID_NONE.
03-30 11:52:44.504   491  3125 W InputReader: Device virtio_input_multi_touch_8 is associated with display ADISPLAY_ID_NONE.
03-30 11:52:44.504   491  3125 W InputReader: Device virtio_input_multi_touch_10 is associated with display ADISPLAY_ID_NONE.
03-30 11:52:44.504   491  3125 W InputReader: Device virtio_input_multi_touch_4 is associated with display ADISPLAY_ID_NONE.
03-30 11:52:44.504   491  3125 W InputReader: Device virtio_input_multi_touch_11 is associated with display ADISPLAY_ID_NONE.
03-30 11:52:44.504   491  3125 W InputReader: Device virtio_input_multi_touch_5 is associated with display ADISPLAY_ID_NONE.
03-30 11:52:44.504   491  3125 W InputReader: Device virtio_input_multi_touch_2 is associated with display ADISPLAY_ID_NONE.
03-30 11:52:44.505   491  3125 W InputReader: Device virtio_input_multi_touch_9 is associated with display ADISPLAY_ID_NONE.
03-30 11:52:44.505   491  3125 W InputReader: Device virtio_input_multi_touch_6 is associated with display ADISPLAY_ID_NONE.
03-30 11:52:44.505   491  3125 W InputReader: Device virtio_input_multi_touch_3 is associated with display ADISPLAY_ID_NONE.
03-30 11:52:44.505   491  3125 W InputReader: Device virtio_input_multi_touch_7 is associated with display ADISPLAY_ID_NONE.
03-30 11:52:44.505   491  3125 W InputReader: Device virtio_input_multi_touch_8 is associated with display ADISPLAY_ID_NONE.
03-30 11:52:44.505   491  3125 W InputReader: Device virtio_input_multi_touch_10 is associated with display ADISPLAY_ID_NONE.
03-30 11:52:44.505   491  3125 W InputReader: Device virtio_input_multi_touch_4 is associated with display ADISPLAY_ID_NONE.
03-30 11:52:44.505   491  3125 W InputReader: Device virtio_input_multi_touch_11 is associated with display ADISPLAY_ID_NONE.
03-30 11:52:44.505   491  3125 W InputReader: Device virtio_input_multi_touch_5 is associated with display ADISPLAY_ID_NONE.
03-30 11:52:44.505   491  3125 W InputReader: Device virtio_input_multi_touch_2 is associated with display ADISPLAY_ID_NONE.
03-30 11:52:44.705   491  3125 I system_server: oneway function results will be dropped but finished with status OK and parcel size 4
03-30 11:52:44.709  5915  5915 I TextInputLayout: EditText added is not a TextInputEditText. Please switch to using that class instead.
03-30 11:52:44.717  5915  5915 I chatty  : uid=10154(com.blogspot.e_kanivets.moneytracker) identical 1 line
03-30 11:52:44.720  5915  5915 I TextInputLayout: EditText added is not a TextInputEditText. Please switch to using that class instead.
03-30 11:52:45.306  5915  5956 I OpenGLRenderer: Davey! duration=723ms; Flags=1, IntendedVsync=3079461682652, Vsync=3079711682642, OldestInputEvent=9223372036854775807, NewestInputEvent=0, HandleInputStart=3079715931655, AnimationStart=3079715933499, PerformTraversalsStart=3079716397289, DrawStart=3080174372563, SyncQueued=3080174385240, SyncStart=3080214078813, IssueDrawCommandsStart=3080214205247, SwapBuffers=3080215822279, FrameCompleted=3080225273191, DequeueBufferDuration=203183, QueueBufferDuration=3232094, GpuCompleted=2986518467214, 
03-30 11:52:45.317   491   514 I ActivityTaskManager: Displayed com.blogspot.e_kanivets.moneytracker/.activity.record.AddRecordActivity: +842ms
03-30 11:52:45.324  5915  5915 I Choreographer: Skipped 30 frames!  The application may be doing too much work on its main thread.
03-30 11:52:45.569  5915  5915 W View    : couldn't find view with id 2131296745
03-30 11:52:45.682  5915  5915 I chatty  : uid=10154(com.blogspot.e_kanivets.moneytracker) identical 16 lines
03-30 11:52:45.682  5915  5915 W View    : couldn't find view with id 2131296745
03-30 11:52:45.810  5485  5514 I mit.droidbotap: Background concurrent copying GC freed 20603(787KB) AllocSpace objects, 33(1384KB) LOS objects, 49% free, 2027KB/4055KB, paused 24us total 104.906ms
03-30 11:52:46.619   154   154 I hwservicemanager: getTransport: Cannot find entry android.hardware.graphics.mapper@4.0::IMapper/default in either framework or device manifest.
03-30 11:52:46.619  9079  9079 I Gralloc4: mapper 4.x is not supported
03-30 11:52:47.118  9085  9087 I cmd     : oneway function results will be dropped but finished with status OK and parcel size 4
03-30 11:52:47.119  1262  4733 I MediaProvider: Begin Intent { act=android.intent.action.MEDIA_SCANNER_SCAN_FILE dat=file:///sdcard/screen_2023-03-30_115246.png flg=0x1400010 cmp=com.google.android.providers.media.module/com.android.providers.media.MediaService }
03-30 11:52:47.116  1262  1262 W com.google.android.providers.media.module: type=1400 audit(0.0:586): avc: denied { read } for comm=4173796E635461736B202331 name="primary" dev="tmpfs" ino=23968 scontext=u:r:mediaprovider_app:s0:c146,c256,c512,c768 tcontext=u:object_r:mnt_pass_through_file:s0 tclass=lnk_file permissive=0 app=com.google.android.providers.media.module
03-30 11:52:47.122  1262  4733 W ModernMediaScanner: Failed to visit /sdcard/screen_2023-03-30_115246.png: java.nio.file.AccessDeniedException: /sdcard/screen_2023-03-30_115246.png
03-30 11:52:47.128  1262  4733 I MediaProvider: Scanned internal due to REASON_DEMAND, found 0 items in 7ms, 0 inserts 0 updates 0 deletes
03-30 11:52:47.130  1262  4733 I MediaProvider: End Intent { act=android.intent.action.MEDIA_SCANNER_SCAN_FILE dat=file:///sdcard/screen_2023-03-30_115246.png flg=0x1400010 cmp=com.google.android.providers.media.module/com.android.providers.media.MediaService }
03-30 11:52:47.116  1262  1262 W com.google.android.providers.media.module: type=1400 audit(0.0:587): avc: denied { read } for comm=4173796E635461736B202331 name="primary" dev="tmpfs" ino=23968 scontext=u:r:mediaprovider_app:s0:c146,c256,c512,c768 tcontext=u:object_r:mnt_pass_through_file:s0 tclass=lnk_file permissive=0 app=com.google.android.providers.media.module
03-30 11:52:47.274  1262  3080 I MediaProvider: Deleted 1 items on external_primary due to com.android.shell
03-30 11:52:47.436  9096  9098 I cmd     : oneway function results will be dropped but finished with status OK and parcel size 4
03-30 11:52:47.594   491  2878 I system_server: oneway function results will be dropped but finished with status OK and parcel size 4
03-30 11:52:48.025   154   154 I hwservicemanager: getTransport: Cannot find entry android.hardware.graphics.mapper@4.0::IMapper/default in either framework or device manifest.
03-30 11:52:48.025  9118  9118 I Gralloc4: mapper 4.x is not supported
03-30 11:52:48.277  1262  4733 I MediaProvider: Begin Intent { act=android.intent.action.MEDIA_SCANNER_SCAN_FILE dat=file:///sdcard/screen_2023-03-30_115248.png flg=0x1400010 cmp=com.google.android.providers.media.module/com.android.providers.media.MediaService }
03-30 11:52:48.272  1262  1262 W com.google.android.providers.media.module: type=1400 audit(0.0:592): avc: denied { read } for comm=4173796E635461736B202331 name="primary" dev="tmpfs" ino=23968 scontext=u:r:mediaprovider_app:s0:c146,c256,c512,c768 tcontext=u:object_r:mnt_pass_through_file:s0 tclass=lnk_file permissive=0 app=com.google.android.providers.media.module
03-30 11:52:48.287  1262  4733 W ModernMediaScanner: Failed to visit /sdcard/screen_2023-03-30_115248.png: java.nio.file.AccessDeniedException: /sdcard/screen_2023-03-30_115248.png
03-30 11:52:48.272  1262  1262 W com.google.android.providers.media.module: type=1400 audit(0.0:594): avc: denied { read } for comm=4173796E635461736B202331 name="primary" dev="tmpfs" ino=23968 scontext=u:r:mediaprovider_app:s0:c146,c256,c512,c768 tcontext=u:object_r:mnt_pass_through_file:s0 tclass=lnk_file permissive=0 app=com.google.android.providers.media.module
03-30 11:52:48.300  1262  4733 I MediaProvider: Scanned internal due to REASON_DEMAND, found 0 items in 21ms, 0 inserts 0 updates 0 deletes
03-30 11:52:48.301  1262  4733 I MediaProvider: End Intent { act=android.intent.action.MEDIA_SCANNER_SCAN_FILE dat=file:///sdcard/screen_2023-03-30_115248.png flg=0x1400010 cmp=com.google.android.providers.media.module/com.android.providers.media.MediaService }
03-30 11:52:48.272  1262  1262 W com.google.android.providers.media.module: type=1400 audit(0.0:596): avc: denied { read } for comm=4173796E635461736B202331 name="primary" dev="tmpfs" ino=23968 scontext=u:r:mediaprovider_app:s0:c146,c256,c512,c768 tcontext=u:object_r:mnt_pass_through_file:s0 tclass=lnk_file permissive=0 app=com.google.android.providers.media.module
03-30 11:52:48.340  1262  3080 I MediaProvider: Deleted 1 items on external_primary due to com.android.shell
03-30 11:52:48.402  9135  9137 I cmd     : oneway function results will be dropped but finished with status OK and parcel size 4
03-30 11:52:48.772   491   500 I system_server: Background young concurrent copying GC freed 448995(17MB) AllocSpace objects, 51(1372KB) LOS objects, 49% free, 18MB/36MB, paused 93us total 115.350ms
03-30 11:52:48.975   154   154 I hwservicemanager: getTransport: Cannot find entry android.hardware.graphics.mapper@4.0::IMapper/default in either framework or device manifest.
03-30 11:52:48.976  9157  9157 I Gralloc4: mapper 4.x is not supported
03-30 11:52:49.332  1262  4733 I MediaProvider: Begin Intent { act=android.intent.action.MEDIA_SCANNER_SCAN_FILE dat=file:///sdcard/screen_2023-03-30_115249.png flg=0x1400010 cmp=com.google.android.providers.media.module/com.android.providers.media.MediaService }
03-30 11:52:49.342  1262  4733 W ModernMediaScanner: Failed to visit /sdcard/screen_2023-03-30_115249.png: java.nio.file.AccessDeniedException: /sdcard/screen_2023-03-30_115249.png
03-30 11:52:49.346  1262  4733 I MediaProvider: Scanned internal due to REASON_DEMAND, found 0 items in 7ms, 0 inserts 0 updates 0 deletes
03-30 11:52:49.328  1262  1262 W com.google.android.providers.media.module: type=1400 audit(0.0:598): avc: denied { read } for comm=4173796E635461736B202331 name="primary" dev="tmpfs" ino=23968 scontext=u:r:mediaprovider_app:s0:c146,c256,c512,c768 tcontext=u:object_r:mnt_pass_through_file:s0 tclass=lnk_file permissive=0 app=com.google.android.providers.media.module
03-30 11:52:49.336  1262  1262 W com.google.android.providers.media.module: type=1400 audit(0.0:599): avc: denied { read } for comm=4173796E635461736B202331 name="primary" dev="tmpfs" ino=23968 scontext=u:r:mediaprovider_app:s0:c146,c256,c512,c768 tcontext=u:object_r:mnt_pass_through_file:s0 tclass=lnk_file permissive=0 app=com.google.android.providers.media.module
03-30 11:52:49.369  1262  4733 I MediaProvider: End Intent { act=android.intent.action.MEDIA_SCANNER_SCAN_FILE dat=file:///sdcard/screen_2023-03-30_115249.png flg=0x1400010 cmp=com.google.android.providers.media.module/com.android.providers.media.MediaService }
03-30 11:52:49.336  1262  1262 W com.google.android.providers.media.module: type=1400 audit(0.0:600): avc: denied { read } for comm=4173796E635461736B202331 name="primary" dev="tmpfs" ino=23968 scontext=u:r:mediaprovider_app:s0:c146,c256,c512,c768 tcontext=u:object_r:mnt_pass_through_file:s0 tclass=lnk_file permissive=0 app=com.google.android.providers.media.module
03-30 11:52:49.442  1262  3080 I MediaProvider: Deleted 1 items on external_primary due to com.android.shell
03-30 11:52:49.533  9174  9175 I cmd     : oneway function results will be dropped but finished with status OK and parcel size 4
03-30 11:52:49.586   369   369 E netmgr  : qemu_pipe_open_ns:62: Could not connect to the 'pipe:qemud:network' service: Invalid argument
03-30 11:52:49.586   369   369 E netmgr  : Failed to open QEMU pipe 'qemud:network': Invalid argument
03-30 11:52:49.910  9204  9206 I cmd     : oneway function results will be dropped but finished with status OK and parcel size 4
03-30 11:52:49.985   380   380 E wifi_forwarder: qemu_pipe_open_ns:62: Could not connect to the 'pipe:qemud:wififorward' service: Invalid argument
03-30 11:52:49.985   380   380 E wifi_forwarder: RemoteConnection failed to initialize: RemoteConnection failed to open pipe
03-30 11:52:50.344  9233  9233 E libc    : Access denied finding property "persist.device_config.runtime_native_boot.profilebootclasspath"
03-30 11:52:50.345  9233  9233 E libc    : Access denied finding property "persist.device_config.runtime_native_boot.enable_apex_image"
03-30 11:52:50.345  9233  9233 I AndroidRuntime: Using default boot image
03-30 11:52:50.345  9233  9233 E libc    : Access denied finding property "persist.device_config.runtime_native_boot.disable_lock_profiling"
03-30 11:52:50.345  9233  9233 I AndroidRuntime: Leaving lock profiling enabled
03-30 11:52:50.345  9233  9233 E libc    : Access denied finding property "persist.device_config.runtime_native_boot.enable_generational_cc"
03-30 11:52:50.340  9233  9233 W app_process: type=1400 audit(0.0:604): avc: denied { read } for name="u:object_r:device_config_runtime_native_boot_prop:s0" dev="tmpfs" ino=8323 scontext=u:r:shell:s0 tcontext=u:object_r:device_config_runtime_native_boot_prop:s0 tclass=file permissive=0
03-30 11:52:50.436  9233  9233 W app_process: Unexpected CPU variant for X86 using defaults: x86
03-30 11:52:50.438  9233  9233 I app_process: The ClassLoaderContext is a special shared library.
03-30 11:52:50.452  9233  9233 W app_process: JNI RegisterNativeMethods: attempt to register 0 native methods for android.media.AudioAttributes
03-30 11:52:50.677   491   912 I system_server: oneway function results will be dropped but finished with status OK and parcel size 4
03-30 11:52:50.677   491   912 I system_server: oneway function results will be dropped but finished with status OK and parcel size 4
03-30 11:52:50.694   491  3125 I system_server: oneway function results will be dropped but finished with status OK and parcel size 4
03-30 11:52:50.852   491  3936 I system_server: oneway function results will be dropped but finished with status OK and parcel size 4
03-30 11:52:50.886   491  2878 W InputReader: Device virtio_input_multi_touch_9 is associated with display ADISPLAY_ID_NONE.
03-30 11:52:50.886   491  2878 W InputReader: Device virtio_input_multi_touch_6 is associated with display ADISPLAY_ID_NONE.
03-30 11:52:50.886   491  2878 W InputReader: Device virtio_input_multi_touch_3 is associated with display ADISPLAY_ID_NONE.
03-30 11:52:50.886   491  2878 W InputReader: Device virtio_input_multi_touch_7 is associated with display ADISPLAY_ID_NONE.
03-30 11:52:50.886   491  2878 W InputReader: Device virtio_input_multi_touch_8 is associated with display ADISPLAY_ID_NONE.
03-30 11:52:50.886   491  2878 W InputReader: Device virtio_input_multi_touch_10 is associated with display ADISPLAY_ID_NONE.
03-30 11:52:50.886   491  2878 W InputReader: Device virtio_input_multi_touch_4 is associated with display ADISPLAY_ID_NONE.
03-30 11:52:50.886   491  2878 W InputReader: Device virtio_input_multi_touch_11 is associated with display ADISPLAY_ID_NONE.
03-30 11:52:50.886   491  2878 W InputReader: Device virtio_input_multi_touch_5 is associated with display ADISPLAY_ID_NONE.
03-30 11:52:50.886   491  2878 W InputReader: Device virtio_input_multi_touch_2 is associated with display ADISPLAY_ID_NONE.
03-30 11:52:50.886   491  2878 W InputReader: Device virtio_input_multi_touch_9 is associated with display ADISPLAY_ID_NONE.
03-30 11:52:50.886   491  2878 W InputReader: Device virtio_input_multi_touch_6 is associated with display ADISPLAY_ID_NONE.
03-30 11:52:50.886   491  2878 W InputReader: Device virtio_input_multi_touch_3 is associated with display ADISPLAY_ID_NONE.
03-30 11:52:50.886   491  2878 W InputReader: Device virtio_input_multi_touch_7 is associated with display ADISPLAY_ID_NONE.
03-30 11:52:50.886   491  2878 W InputReader: Device virtio_input_multi_touch_8 is associated with display ADISPLAY_ID_NONE.
03-30 11:52:50.886   491  2878 W InputReader: Device virtio_input_multi_touch_10 is associated with display ADISPLAY_ID_NONE.
03-30 11:52:50.886   491  2878 W InputReader: Device virtio_input_multi_touch_4 is associated with display ADISPLAY_ID_NONE.
03-30 11:52:50.886   491  2878 W InputReader: Device virtio_input_multi_touch_11 is associated with display ADISPLAY_ID_NONE.
03-30 11:52:50.886   491  2878 W InputReader: Device virtio_input_multi_touch_5 is associated with display ADISPLAY_ID_NONE.
03-30 11:52:50.886   491  2878 W InputReader: Device virtio_input_multi_touch_2 is associated with display ADISPLAY_ID_NONE.
03-30 11:52:50.911   649   661 I ndroid.systemu: NativeAlloc concurrent copying GC freed 3277(331KB) AllocSpace objects, 7(140KB) LOS objects, 49% free, 6435KB/12MB, paused 35us total 133.382ms
03-30 11:52:51.236  5915  5915 W View    : couldn't find view with id 2131296745
03-30 11:52:51.236  5915  5915 I chatty  : uid=10154(com.blogspot.e_kanivets.moneytracker) identical 1 line
03-30 11:52:51.236  5915  5915 W View    : couldn't find view with id 2131296745
03-30 11:52:51.531  5485  5514 I mit.droidbotap: Background concurrent copying GC freed 21015(855KB) AllocSpace objects, 25(1184KB) LOS objects, 49% free, 3765KB/7531KB, paused 35us total 112.980ms
03-30 11:52:52.742   154   154 I hwservicemanager: getTransport: Cannot find entry android.hardware.graphics.mapper@4.0::IMapper/default in either framework or device manifest.
03-30 11:52:52.742  9275  9275 I Gralloc4: mapper 4.x is not supported
03-30 11:52:53.180  9279  9281 I cmd     : oneway function results will be dropped but finished with status OK and parcel size 4
03-30 11:52:53.188  1262  4733 I MediaProvider: Begin Intent { act=android.intent.action.MEDIA_SCANNER_SCAN_FILE dat=file:///sdcard/screen_2023-03-30_115252.png flg=0x1400010 cmp=com.google.android.providers.media.module/com.android.providers.media.MediaService }
03-30 11:52:53.184  1262  1262 W com.google.android.providers.media.module: type=1400 audit(0.0:608): avc: denied { read } for comm=4173796E635461736B202331 name="primary" dev="tmpfs" ino=23968 scontext=u:r:mediaprovider_app:s0:c146,c256,c512,c768 tcontext=u:object_r:mnt_pass_through_file:s0 tclass=lnk_file permissive=0 app=com.google.android.providers.media.module
03-30 11:52:53.204  1262  4733 W ModernMediaScanner: Failed to visit /sdcard/screen_2023-03-30_115252.png: java.nio.file.AccessDeniedException: /sdcard/screen_2023-03-30_115252.png
03-30 11:52:53.205  1262  4733 I MediaProvider: Scanned internal due to REASON_DEMAND, found 0 items in 2ms, 0 inserts 0 updates 0 deletes
03-30 11:52:53.225  1262  4733 I MediaProvider: End Intent { act=android.intent.action.MEDIA_SCANNER_SCAN_FILE dat=file:///sdcard/screen_2023-03-30_115252.png flg=0x1400010 cmp=com.google.android.providers.media.module/com.android.providers.media.MediaService }
03-30 11:52:53.200  1262  1262 W com.google.android.providers.media.module: type=1400 audit(0.0:609): avc: denied { read } for comm=4173796E635461736B202331 name="primary" dev="tmpfs" ino=23968 scontext=u:r:mediaprovider_app:s0:c146,c256,c512,c768 tcontext=u:object_r:mnt_pass_through_file:s0 tclass=lnk_file permissive=0 app=com.google.android.providers.media.module
03-30 11:52:53.320  1262  3080 I MediaProvider: Deleted 1 items on external_primary due to com.android.shell
03-30 11:52:53.440  9290  9292 I cmd     : oneway function results will be dropped but finished with status OK and parcel size 4
03-30 11:52:53.812   491  2878 I system_server: oneway function results will be dropped but finished with status OK and parcel size 4
03-30 11:52:54.070   154   154 I hwservicemanager: getTransport: Cannot find entry android.hardware.graphics.mapper@4.0::IMapper/default in either framework or device manifest.
03-30 11:52:54.071  9315  9315 I Gralloc4: mapper 4.x is not supported
03-30 11:52:54.365  1262  4733 I MediaProvider: Begin Intent { act=android.intent.action.MEDIA_SCANNER_SCAN_FILE dat=file:///sdcard/screen_2023-03-30_115254.png flg=0x1400010 cmp=com.google.android.providers.media.module/com.android.providers.media.MediaService }
03-30 11:52:54.360  1262  1262 W com.google.android.providers.media.module: type=1400 audit(0.0:614): avc: denied { read } for comm=4173796E635461736B202331 name="primary" dev="tmpfs" ino=23968 scontext=u:r:mediaprovider_app:s0:c146,c256,c512,c768 tcontext=u:object_r:mnt_pass_through_file:s0 tclass=lnk_file permissive=0 app=com.google.android.providers.media.module
03-30 11:52:54.371  1262  4733 W ModernMediaScanner: Failed to visit /sdcard/screen_2023-03-30_115254.png: java.nio.file.AccessDeniedException: /sdcard/screen_2023-03-30_115254.png
03-30 11:52:54.360  1262  1262 W com.google.android.providers.media.module: type=1400 audit(0.0:615): avc: denied { read } for comm=4173796E635461736B202331 name="primary" dev="tmpfs" ino=23968 scontext=u:r:mediaprovider_app:s0:c146,c256,c512,c768 tcontext=u:object_r:mnt_pass_through_file:s0 tclass=lnk_file permissive=0 app=com.google.android.providers.media.module
03-30 11:52:54.380  1262  4733 I MediaProvider: Scanned internal due to REASON_DEMAND, found 0 items in 14ms, 0 inserts 0 updates 0 deletes
03-30 11:52:54.360  1262  1262 W com.google.android.providers.media.module: type=1400 audit(0.0:616): avc: denied { read } for comm=4173796E635461736B202331 name="primary" dev="tmpfs" ino=23968 scontext=u:r:mediaprovider_app:s0:c146,c256,c512,c768 tcontext=u:object_r:mnt_pass_through_file:s0 tclass=lnk_file permissive=0 app=com.google.android.providers.media.module
03-30 11:52:54.382  1262  4733 I MediaProvider: End Intent { act=android.intent.action.MEDIA_SCANNER_SCAN_FILE dat=file:///sdcard/screen_2023-03-30_115254.png flg=0x1400010 cmp=com.google.android.providers.media.module/com.android.providers.media.MediaService }
03-30 11:52:54.360  1262  1262 W com.google.android.providers.media.module: type=1400 audit(0.0:617): avc: denied { read } for comm=4173796E635461736B202331 name="primary" dev="tmpfs" ino=23968 scontext=u:r:mediaprovider_app:s0:c146,c256,c512,c768 tcontext=u:object_r:mnt_pass_through_file:s0 tclass=lnk_file permissive=0 app=com.google.android.providers.media.module
03-30 11:52:54.480  1262  1472 I MediaProvider: Deleted 1 items on external_primary due to com.android.shell
03-30 11:52:54.553  9330  9332 I cmd     : oneway function results will be dropped but finished with status OK and parcel size 4
03-30 11:52:55.096   154   154 I hwservicemanager: getTransport: Cannot find entry android.hardware.graphics.mapper@4.0::IMapper/default in either framework or device manifest.
03-30 11:52:55.097  9354  9354 I Gralloc4: mapper 4.x is not supported
03-30 11:52:55.446  9358  9360 I cmd     : oneway function results will be dropped but finished with status OK and parcel size 4
03-30 11:52:55.447  1262  4733 I MediaProvider: Begin Intent { act=android.intent.action.MEDIA_SCANNER_SCAN_FILE dat=file:///sdcard/screen_2023-03-30_115255.png flg=0x1400010 cmp=com.google.android.providers.media.module/com.android.providers.media.MediaService }
03-30 11:52:55.444  1262  1262 W com.google.android.providers.media.module: type=1400 audit(0.0:620): avc: denied { read } for comm=4173796E635461736B202331 name="primary" dev="tmpfs" ino=23968 scontext=u:r:mediaprovider_app:s0:c146,c256,c512,c768 tcontext=u:object_r:mnt_pass_through_file:s0 tclass=lnk_file permissive=0 app=com.google.android.providers.media.module
03-30 11:52:55.454  1262  4733 W ModernMediaScanner: Failed to visit /sdcard/screen_2023-03-30_115255.png: java.nio.file.AccessDeniedException: /sdcard/screen_2023-03-30_115255.png
03-30 11:52:55.455  1262  4733 I MediaProvider: Scanned internal due to REASON_DEMAND, found 0 items in 6ms, 0 inserts 0 updates 0 deletes
03-30 11:52:55.456  1262  4733 I MediaProvider: End Intent { act=android.intent.action.MEDIA_SCANNER_SCAN_FILE dat=file:///sdcard/screen_2023-03-30_115255.png flg=0x1400010 cmp=com.google.android.providers.media.module/com.android.providers.media.MediaService }
03-30 11:52:55.444  1262  1262 W com.google.android.providers.media.module: type=1400 audit(0.0:621): avc: denied { read } for comm=4173796E635461736B202331 name="primary" dev="tmpfs" ino=23968 scontext=u:r:mediaprovider_app:s0:c146,c256,c512,c768 tcontext=u:object_r:mnt_pass_through_file:s0 tclass=lnk_file permissive=0 app=com.google.android.providers.media.module
03-30 11:52:55.576  1262  1472 I MediaProvider: Deleted 1 items on external_primary due to com.android.shell
03-30 11:52:55.638  9369  9371 I cmd     : oneway function results will be dropped but finished with status OK and parcel size 4
03-30 11:52:55.806  9384  9385 I cmd     : oneway function results will be dropped but finished with status OK and parcel size 4
03-30 11:52:55.966  9401  9402 I cmd     : oneway function results will be dropped but finished with status OK and parcel size 4
03-30 11:52:56.150  9416  9418 I cmd     : oneway function results will be dropped but finished with status OK and parcel size 4
03-30 11:52:56.347  9428  9428 E libc    : Access denied finding property "persist.device_config.runtime_native_boot.profilebootclasspath"
03-30 11:52:56.347  9428  9428 E libc    : Access denied finding property "persist.device_config.runtime_native_boot.enable_apex_image"
03-30 11:52:56.347  9428  9428 I AndroidRuntime: Using default boot image
03-30 11:52:56.347  9428  9428 E libc    : Access denied finding property "persist.device_config.runtime_native_boot.disable_lock_profiling"
03-30 11:52:56.347  9428  9428 I AndroidRuntime: Leaving lock profiling enabled
03-30 11:52:56.347  9428  9428 E libc    : Access denied finding property "persist.device_config.runtime_native_boot.enable_generational_cc"
03-30 11:52:57.072  9428  9428 W app_process: Unexpected CPU variant for X86 using defaults: x86
03-30 11:52:57.073  9428  9428 I app_process: The ClassLoaderContext is a special shared library.
03-30 11:52:57.087  9428  9428 W app_process: JNI RegisterNativeMethods: attempt to register 0 native methods for android.media.AudioAttributes
03-30 11:52:57.430   491  3936 I ActivityTaskManager: START u0 {cmp=com.blogspot.e_kanivets.moneytracker/.activity.record.AddRecordActivity (has extras)} from uid 10154
03-30 11:52:57.439   491   912 I system_server: oneway function results will be dropped but finished with status OK and parcel size 4
03-30 11:52:57.439   491   912 I system_server: oneway function results will be dropped but finished with status OK and parcel size 4
03-30 11:52:57.583   491  3936 I system_server: oneway function results will be dropped but finished with status OK and parcel size 4
03-30 11:52:57.587   491   912 W ActivityTaskManager: Tried to set launchTime (0) < mLastActivityLaunchTime (3079423)
03-30 11:52:57.588   491   912 W InputReader: Device virtio_input_multi_touch_9 is associated with display ADISPLAY_ID_NONE.
03-30 11:52:57.588   491   912 W InputReader: Device virtio_input_multi_touch_6 is associated with display ADISPLAY_ID_NONE.
03-30 11:52:57.588   491   912 W InputReader: Device virtio_input_multi_touch_3 is associated with display ADISPLAY_ID_NONE.
03-30 11:52:57.588   491   912 W InputReader: Device virtio_input_multi_touch_7 is associated with display ADISPLAY_ID_NONE.
03-30 11:52:57.588   491   912 W InputReader: Device virtio_input_multi_touch_8 is associated with display ADISPLAY_ID_NONE.
03-30 11:52:57.588   491   912 W InputReader: Device virtio_input_multi_touch_10 is associated with display ADISPLAY_ID_NONE.
03-30 11:52:57.588   491   912 W InputReader: Device virtio_input_multi_touch_4 is associated with display ADISPLAY_ID_NONE.
03-30 11:52:57.588   491   912 W InputReader: Device virtio_input_multi_touch_11 is associated with display ADISPLAY_ID_NONE.
03-30 11:52:57.588   491   912 W InputReader: Device virtio_input_multi_touch_5 is associated with display ADISPLAY_ID_NONE.
03-30 11:52:57.588   491   912 W InputReader: Device virtio_input_multi_touch_2 is associated with display ADISPLAY_ID_NONE.
03-30 11:52:57.589   491   912 W InputReader: Device virtio_input_multi_touch_9 is associated with display ADISPLAY_ID_NONE.
03-30 11:52:57.589   491   912 W InputReader: Device virtio_input_multi_touch_6 is associated with display ADISPLAY_ID_NONE.
03-30 11:52:57.589   491   912 W InputReader: Device virtio_input_multi_touch_3 is associated with display ADISPLAY_ID_NONE.
03-30 11:52:57.589   491   912 W InputReader: Device virtio_input_multi_touch_7 is associated with display ADISPLAY_ID_NONE.
03-30 11:52:57.589   491   912 W InputReader: Device virtio_input_multi_touch_8 is associated with display ADISPLAY_ID_NONE.
03-30 11:52:57.589   491   912 W InputReader: Device virtio_input_multi_touch_10 is associated with display ADISPLAY_ID_NONE.
03-30 11:52:57.589   491   912 W InputReader: Device virtio_input_multi_touch_4 is associated with display ADISPLAY_ID_NONE.
03-30 11:52:57.589   491   912 W InputReader: Device virtio_input_multi_touch_11 is associated with display ADISPLAY_ID_NONE.
03-30 11:52:57.589   491   912 W InputReader: Device virtio_input_multi_touch_5 is associated with display ADISPLAY_ID_NONE.
03-30 11:52:57.589   491   912 W InputReader: Device virtio_input_multi_touch_2 is associated with display ADISPLAY_ID_NONE.
03-30 11:52:57.683  5915  5915 I TextInputLayout: EditText added is not a TextInputEditText. Please switch to using that class instead.
03-30 11:52:57.697  5915  5915 I chatty  : uid=10154(com.blogspot.e_kanivets.moneytracker) identical 1 line
03-30 11:52:57.709  5915  5915 I TextInputLayout: EditText added is not a TextInputEditText. Please switch to using that class instead.
03-30 11:52:58.353   491   514 I ActivityTaskManager: Displayed com.blogspot.e_kanivets.moneytracker/.activity.record.AddRecordActivity: +918ms
03-30 11:52:58.361  5915  5915 I Choreographer: Skipped 31 frames!  The application may be doing too much work on its main thread.
03-30 11:52:58.886  5915  5926 I ts.moneytracke: Background concurrent copying GC freed 48059(1792KB) AllocSpace objects, 3(60KB) LOS objects, 49% free, 4284KB/8568KB, paused 22.599ms total 1.037s
03-30 11:52:58.910  5915  5915 W View    : couldn't find view with id 2131296745
03-30 11:52:59.105  5915  5915 I chatty  : uid=10154(com.blogspot.e_kanivets.moneytracker) identical 13 lines
03-30 11:52:59.105  5915  5915 W View    : couldn't find view with id 2131296745
03-30 11:52:59.148  5485  5514 I mit.droidbotap: Background young concurrent copying GC freed 55196(2140KB) AllocSpace objects, 85(3460KB) LOS objects, 44% free, 4175KB/7531KB, paused 1.040ms total 129.523ms
03-30 11:52:59.169  5915  5915 W View    : couldn't find view with id 2131296745
03-30 11:52:59.206  5915  5915 I chatty  : uid=10154(com.blogspot.e_kanivets.moneytracker) identical 4 lines
03-30 11:52:59.206  5915  5915 W View    : couldn't find view with id 2131296745
03-30 11:52:59.708   491   500 I system_server: Background young concurrent copying GC freed 433156(16MB) AllocSpace objects, 61(1604KB) LOS objects, 49% free, 18MB/36MB, paused 104us total 110.630ms
03-30 11:52:59.721   491   502 W System  : A resource failed to call release. 
03-30 11:53:00.023  5915  5915 W View    : couldn't find view with id 2131296745
03-30 11:53:00.024  5915  5915 I chatty  : uid=10154(com.blogspot.e_kanivets.moneytracker) identical 1 line
03-30 11:53:00.024  5915  5915 W View    : couldn't find view with id 2131296745
03-30 11:53:00.134  5915  5915 W View    : couldn't find view with id 2131296745
03-30 11:53:00.134  5915  5915 I chatty  : uid=10154(com.blogspot.e_kanivets.moneytracker) identical 1 line
03-30 11:53:00.134  5915  5915 W View    : couldn't find view with id 2131296745
03-30 11:53:00.146   266  5316 W android.hardware.audio.service.ranchu: TinyalsaSink::write:125 pcm_write was late reading frames, dropping 22131 us of audio
03-30 11:53:00.166   154   154 I hwservicemanager: getTransport: Cannot find entry android.hardware.graphics.mapper@4.0::IMapper/default in either framework or device manifest.
03-30 11:53:00.166  9469  9469 I Gralloc4: mapper 4.x is not supported
03-30 11:53:00.188   266  5316 W android.hardware.audio.service.ranchu: TinyalsaSink::write:125 pcm_write was late reading frames, dropping 22131 us of audio
03-30 11:53:00.239   266  5316 W android.hardware.audio.service.ranchu: TinyalsaSink::write:125 pcm_write was late reading frames, dropping 22131 us of audio
03-30 11:53:00.384   266  5316 W android.hardware.audio.service.ranchu: TinyalsaSink::write:125 pcm_write was late reading frames, dropping 22131 us of audio
03-30 11:53:00.551   266  5316 W android.hardware.audio.service.ranchu: TinyalsaSink::write:125 pcm_write was late reading frames, dropping 22131 us of audio
03-30 11:53:00.552   491  3936 I system_server: oneway function results will be dropped but finished with status OK and parcel size 4
03-30 11:53:00.648  1262  4733 I MediaProvider: Begin Intent { act=android.intent.action.MEDIA_SCANNER_SCAN_FILE dat=file:///sdcard/screen_2023-03-30_115300.png flg=0x1400010 cmp=com.google.android.providers.media.module/com.android.providers.media.MediaService }
03-30 11:53:00.666  1262  4733 W ModernMediaScanner: Failed to visit /sdcard/screen_2023-03-30_115300.png: java.nio.file.AccessDeniedException: /sdcard/screen_2023-03-30_115300.png
03-30 11:53:00.644  1262  1262 W com.google.android.providers.media.module: type=1400 audit(0.0:630): avc: denied { read } for comm=4173796E635461736B202331 name="primary" dev="tmpfs" ino=23968 scontext=u:r:mediaprovider_app:s0:c146,c256,c512,c768 tcontext=u:object_r:mnt_pass_through_file:s0 tclass=lnk_file permissive=0 app=com.google.android.providers.media.module
03-30 11:53:00.652  1262  1262 W com.google.android.providers.media.module: type=1400 audit(0.0:631): avc: denied { read } for comm=4173796E635461736B202331 name="primary" dev="tmpfs" ino=23968 scontext=u:r:mediaprovider_app:s0:c146,c256,c512,c768 tcontext=u:object_r:mnt_pass_through_file:s0 tclass=lnk_file permissive=0 app=com.google.android.providers.media.module
03-30 11:53:00.677  1262  4733 I MediaProvider: Scanned internal due to REASON_DEMAND, found 0 items in 14ms, 0 inserts 0 updates 0 deletes
03-30 11:53:00.678  1262  4733 I MediaProvider: End Intent { act=android.intent.action.MEDIA_SCANNER_SCAN_FILE dat=file:///sdcard/screen_2023-03-30_115300.png flg=0x1400010 cmp=com.google.android.providers.media.module/com.android.providers.media.MediaService }
03-30 11:53:00.660  1262  1262 W com.google.android.providers.media.module: type=1400 audit(0.0:632): avc: denied { read } for comm=4173796E635461736B202331 name="primary" dev="tmpfs" ino=23968 scontext=u:r:mediaprovider_app:s0:c146,c256,c512,c768 tcontext=u:object_r:mnt_pass_through_file:s0 tclass=lnk_file permissive=0 app=com.google.android.providers.media.module
03-30 11:53:00.791  1262  1472 I MediaProvider: Deleted 1 items on external_primary due to com.android.shell
03-30 11:53:00.920  9488  9490 I cmd     : oneway function results will be dropped but finished with status OK and parcel size 4
